/Users/dominikpapp/STM32Cube/Repository/STM32Cube_FW_H7_V1.11.0/Drivers/CMSIS/Include/core_cm7.h:2032:22:__NVIC_SetPriority	16	static
/Users/dominikpapp/STM32Cube/Repository/STM32Cube_FW_H7_V1.11.0/Drivers/CMSIS/Include/core_cm7.h:2156:34:__NVIC_SystemReset	4	static,ignoring_inline_asm
/Users/dominikpapp/STM32Cube/Repository/STM32Cube_FW_H7_V1.11.0/Drivers/CMSIS/Include/core_cm7.h:2618:26:SysTick_Config	16	static
../Core/Src/main.c:86:5:main	16	static
../Core/Src/main.c:139:6:SystemClock_Config	120	static
../Core/Src/main.c:190:13:MX_USART2_UART_Init	8	static
../Core/Src/main.c:239:13:MX_USART3_UART_Init	8	static
../Core/Src/main.c:286:13:MX_GPIO_Init	48	static
../Core/Src/main.c:323:6:HAL_UART_RxCpltCallback	16	static
../Core/Src/main.c:327:12:FSM	16	static
../Core/Src/main.c:380:6:My_IRQ_Handler	8	static
../Core/Src/main.c:386:6:AT_halt_until	24	static
../Core/Src/main.c:399:6:AT_config	8	static
../Core/Src/main.c:410:6:send_string	24	static
../Core/Src/main.c:427:6:Error_Handler	4	static,ignoring_inline_asm
