/Users/dominikpapp/STM32Cube/Repository/STM32Cube_FW_H7_V1.11.0/Drivers/CMSIS/Include/core_cm7.h:2032:22:__NVIC_SetPriority	16	static
/Users/dominikpapp/STM32Cube/Repository/STM32Cube_FW_H7_V1.11.0/Drivers/CMSIS/Include/core_cm7.h:2156:34:__NVIC_SystemReset	4	static,ignoring_inline_asm
/Users/dominikpapp/STM32Cube/Repository/STM32Cube_FW_H7_V1.11.0/Drivers/CMSIS/Include/core_cm7.h:2618:26:SysTick_Config	16	static
../Core/Src/main.c:114:5:main	16	static
../Core/Src/main.c:190:6:SystemClock_Config	120	static
../Core/Src/main.c:241:13:MX_I2C4_Init	8	static
../Core/Src/main.c:289:13:MX_USART2_UART_Init	8	static
../Core/Src/main.c:338:13:MX_GPIO_Init	48	static
../Core/Src/main.c:383:6:HAL_UART_RxCpltCallback	16	static
../Core/Src/main.c:390:12:FSM	32	static
../Core/Src/main.c:460:6:AT_halt_until	24	static
../Core/Src/main.c:474:6:AT_config	8	static
../Core/Src/main.c:484:6:send_string	24	static
../Core/Src/main.c:501:6:Error_Handler	4	static,ignoring_inline_asm
