Archive member included to satisfy reference by file (symbol)

/Applications/STM32CubeIDE.app/Contents/Eclipse/plugins/com.st.stm32cube.ide.mcu.externaltools.gnu-tools-for-stm32.10.3-2021.10.macos64_1.0.200.202301161003/tools/bin/../lib/gcc/arm-none-eabi/10.3.1/../../../../arm-none-eabi/lib/thumb/v7e-m+dp/hard/libc_nano.a(lib_a-errno.o)
                              ./Core/Src/syscalls.o (__errno)
/Applications/STM32CubeIDE.app/Contents/Eclipse/plugins/com.st.stm32cube.ide.mcu.externaltools.gnu-tools-for-stm32.10.3-2021.10.macos64_1.0.200.202301161003/tools/bin/../lib/gcc/arm-none-eabi/10.3.1/../../../../arm-none-eabi/lib/thumb/v7e-m+dp/hard/libc_nano.a(lib_a-exit.o)
                              /Applications/STM32CubeIDE.app/Contents/Eclipse/plugins/com.st.stm32cube.ide.mcu.externaltools.gnu-tools-for-stm32.10.3-2021.10.macos64_1.0.200.202301161003/tools/bin/../lib/gcc/arm-none-eabi/10.3.1/../../../../arm-none-eabi/lib/thumb/v7e-m+dp/hard/crt0.o (exit)
/Applications/STM32CubeIDE.app/Contents/Eclipse/plugins/com.st.stm32cube.ide.mcu.externaltools.gnu-tools-for-stm32.10.3-2021.10.macos64_1.0.200.202301161003/tools/bin/../lib/gcc/arm-none-eabi/10.3.1/../../../../arm-none-eabi/lib/thumb/v7e-m+dp/hard/libc_nano.a(lib_a-impure.o)
                              /Applications/STM32CubeIDE.app/Contents/Eclipse/plugins/com.st.stm32cube.ide.mcu.externaltools.gnu-tools-for-stm32.10.3-2021.10.macos64_1.0.200.202301161003/tools/bin/../lib/gcc/arm-none-eabi/10.3.1/../../../../arm-none-eabi/lib/thumb/v7e-m+dp/hard/libc_nano.a(lib_a-exit.o) (_global_impure_ptr)
/Applications/STM32CubeIDE.app/Contents/Eclipse/plugins/com.st.stm32cube.ide.mcu.externaltools.gnu-tools-for-stm32.10.3-2021.10.macos64_1.0.200.202301161003/tools/bin/../lib/gcc/arm-none-eabi/10.3.1/../../../../arm-none-eabi/lib/thumb/v7e-m+dp/hard/libc_nano.a(lib_a-init.o)
                              /Applications/STM32CubeIDE.app/Contents/Eclipse/plugins/com.st.stm32cube.ide.mcu.externaltools.gnu-tools-for-stm32.10.3-2021.10.macos64_1.0.200.202301161003/tools/bin/../lib/gcc/arm-none-eabi/10.3.1/../../../../arm-none-eabi/lib/thumb/v7e-m+dp/hard/crt0.o (__libc_init_array)
/Applications/STM32CubeIDE.app/Contents/Eclipse/plugins/com.st.stm32cube.ide.mcu.externaltools.gnu-tools-for-stm32.10.3-2021.10.macos64_1.0.200.202301161003/tools/bin/../lib/gcc/arm-none-eabi/10.3.1/../../../../arm-none-eabi/lib/thumb/v7e-m+dp/hard/libc_nano.a(lib_a-memset.o)
                              /Applications/STM32CubeIDE.app/Contents/Eclipse/plugins/com.st.stm32cube.ide.mcu.externaltools.gnu-tools-for-stm32.10.3-2021.10.macos64_1.0.200.202301161003/tools/bin/../lib/gcc/arm-none-eabi/10.3.1/../../../../arm-none-eabi/lib/thumb/v7e-m+dp/hard/crt0.o (memset)
/Applications/STM32CubeIDE.app/Contents/Eclipse/plugins/com.st.stm32cube.ide.mcu.externaltools.gnu-tools-for-stm32.10.3-2021.10.macos64_1.0.200.202301161003/tools/bin/../lib/gcc/arm-none-eabi/10.3.1/../../../../arm-none-eabi/lib/thumb/v7e-m+dp/hard/libc_nano.a(lib_a-strcat.o)
                              ./Core/Src/main.o (strcat)
/Applications/STM32CubeIDE.app/Contents/Eclipse/plugins/com.st.stm32cube.ide.mcu.externaltools.gnu-tools-for-stm32.10.3-2021.10.macos64_1.0.200.202301161003/tools/bin/../lib/gcc/arm-none-eabi/10.3.1/../../../../arm-none-eabi/lib/thumb/v7e-m+dp/hard/libc_nano.a(lib_a-strlen.o)
                              ./Core/Src/main.o (strlen)
/Applications/STM32CubeIDE.app/Contents/Eclipse/plugins/com.st.stm32cube.ide.mcu.externaltools.gnu-tools-for-stm32.10.3-2021.10.macos64_1.0.200.202301161003/tools/bin/../lib/gcc/arm-none-eabi/10.3.1/../../../../arm-none-eabi/lib/thumb/v7e-m+dp/hard/libc_nano.a(lib_a-strstr.o)
                              ./Core/Src/main.o (strstr)
/Applications/STM32CubeIDE.app/Contents/Eclipse/plugins/com.st.stm32cube.ide.mcu.externaltools.gnu-tools-for-stm32.10.3-2021.10.macos64_1.0.200.202301161003/tools/bin/../lib/gcc/arm-none-eabi/10.3.1/thumb/v7e-m+dp/hard/libgcc.a(_aeabi_uldivmod.o)
                              ./Drivers/STM32H7xx_HAL_Driver/stm32h7xx_hal_uart.o (__aeabi_uldivmod)
/Applications/STM32CubeIDE.app/Contents/Eclipse/plugins/com.st.stm32cube.ide.mcu.externaltools.gnu-tools-for-stm32.10.3-2021.10.macos64_1.0.200.202301161003/tools/bin/../lib/gcc/arm-none-eabi/10.3.1/thumb/v7e-m+dp/hard/libgcc.a(_udivmoddi4.o)
                              /Applications/STM32CubeIDE.app/Contents/Eclipse/plugins/com.st.stm32cube.ide.mcu.externaltools.gnu-tools-for-stm32.10.3-2021.10.macos64_1.0.200.202301161003/tools/bin/../lib/gcc/arm-none-eabi/10.3.1/thumb/v7e-m+dp/hard/libgcc.a(_aeabi_uldivmod.o) (__udivmoddi4)
/Applications/STM32CubeIDE.app/Contents/Eclipse/plugins/com.st.stm32cube.ide.mcu.externaltools.gnu-tools-for-stm32.10.3-2021.10.macos64_1.0.200.202301161003/tools/bin/../lib/gcc/arm-none-eabi/10.3.1/thumb/v7e-m+dp/hard/libgcc.a(_dvmd_tls.o)
[...]
Memory Configuration

Name             Origin             Length             Attributes
FLASH            0x0000000008000000 0x0000000000020000 xr
DTCMRAM          0x0000000020000000 0x0000000000020000 xrw
RAM_D1           0x0000000024000000 0x0000000000080000 xrw
RAM_D2           0x0000000030000000 0x0000000000048000 xrw
RAM_D3           0x0000000038000000 0x0000000000010000 xrw
ITCMRAM          0x0000000000000000 0x0000000000010000 xrw
*default*        0x0000000000000000 0xffffffffffffffff

Linker script and memory map

LOAD /Applications/STM32CubeIDE.app/Contents/Eclipse/plugins/com.st.stm32cube.ide.mcu.externaltools.gnu-tools-for-stm32.10.3-2021.10.macos64_1.0.200.202301161003/tools/bin/../lib/gcc/arm-none-eabi/10.3.1/thumb/v7e-m+dp/hard/crti.o
LOAD /Applications/STM32CubeIDE.app/Contents/Eclipse/plugins/com.st.stm32cube.ide.mcu.externaltools.gnu-tools-for-stm32.10.3-2021.10.macos64_1.0.200.202301161003/tools/bin/../lib/gcc/arm-none-eabi/10.3.1/thumb/v7e-m+dp/hard/crtbegin.o
LOAD /Applications/STM32CubeIDE.app/Contents/Eclipse/plugins/com.st.stm32cube.ide.mcu.externaltools.gnu-tools-for-stm32.10.3-2021.10.macos64_1.0.200.202301161003/tools/bin/../lib/gcc/arm-none-eabi/10.3.1/../../../../arm-none-eabi/lib/thumb/v7e-m+dp/hard/crt0.o
LOAD ./Core/Src/main.o
LOAD ./Core/Src/stm32h7xx_hal_msp.o
LOAD ./Core/Src/stm32h7xx_it.o
LOAD ./Core/Src/syscalls.o
LOAD ./Core/Src/sysmem.o
LOAD ./Core/Src/system_stm32h7xx.o
LOAD ./Core/Startup/startup_stm32h750xbhx.o
LOAD ./Drivers/STM32H7xx_HAL_Driver/stm32h7xx_hal.o
LOAD ./Drivers/STM32H7xx_HAL_Driver/stm32h7xx_hal_cortex.o
LOAD ./Drivers/STM32H7xx_HAL_Driver/stm32h7xx_hal_dma.o
LOAD ./Drivers/STM32H7xx_HAL_Driver/stm32h7xx_hal_dma_ex.o
LOAD ./Drivers/STM32H7xx_HAL_Driver/stm32h7xx_hal_exti.o
LOAD ./Drivers/STM32H7xx_HAL_Driver/stm32h7xx_hal_flash.o
LOAD ./Drivers/STM32H7xx_HAL_Driver/stm32h7xx_hal_flash_ex.o
LOAD ./Drivers/STM32H7xx_HAL_Driver/stm32h7xx_hal_gpio.o
LOAD ./Drivers/STM32H7xx_HAL_Driver/stm32h7xx_hal_hsem.o
LOAD ./Drivers/STM32H7xx_HAL_Driver/stm32h7xx_hal_i2c.o
LOAD ./Drivers/STM32H7xx_HAL_Driver/stm32h7xx_hal_i2c_ex.o
LOAD ./Drivers/STM32H7xx_HAL_Driver/stm32h7xx_hal_mdma.o
LOAD ./Drivers/STM32H7xx_HAL_Driver/stm32h7xx_hal_pwr.o
LOAD ./Drivers/STM32H7xx_HAL_Driver/stm32h7xx_hal_pwr_ex.o
LOAD ./Drivers/STM32H7xx_HAL_Driver/stm32h7xx_hal_rcc.o
LOAD ./Drivers/STM32H7xx_HAL_Driver/stm32h7xx_hal_rcc_ex.o
LOAD ./Drivers/STM32H7xx_HAL_Driver/stm32h7xx_hal_tim.o
LOAD ./Drivers/STM32H7xx_HAL_Driver/stm32h7xx_hal_tim_ex.o
LOAD ./Drivers/STM32H7xx_HAL_Driver/stm32h7xx_hal_uart.o
LOAD ./Drivers/STM32H7xx_HAL_Driver/stm32h7xx_hal_uart_ex.o
START GROUP
LOAD /Applications/STM32CubeIDE.app/Contents/Eclipse/plugins/com.st.stm32cube.ide.mcu.externaltools.gnu-tools-for-stm32.10.3-2021.10.macos64_1.0.200.202301161003/tools/bin/../lib/gcc/arm-none-eabi/10.3.1/../../../../arm-none-eabi/lib/thumb/v7e-m+dp/hard/libc_nano.a
LOAD /Applications/STM32CubeIDE.app/Contents/Eclipse/plugins/com.st.stm32cube.ide.mcu.externaltools.gnu-tools-for-stm32.10.3-2021.10.macos64_1.0.200.202301161003/tools/bin/../lib/gcc/arm-none-eabi/10.3.1/../../../../arm-none-eabi/lib/thumb/v7e-m+dp/hard/libm.a
END GROUP
START GROUP
LOAD /Applications/STM32CubeIDE.app/Contents/Eclipse/plugins/com.st.stm32cube.ide.mcu.externaltools.gnu-tools-for-stm32.10.3-2021.10.macos64_1.0.200.202301161003/tools/bin/../lib/gcc/arm-none-eabi/10.3.1/thumb/v7e-m+dp/hard/libgcc.a
LOAD /Applications/STM32CubeIDE.app/Contents/Eclipse/plugins/com.st.stm32cube.ide.mcu.externaltools.gnu-tools-for-stm32.10.3-2021.10.macos64_1.0.200.202301161003/tools/bin/../lib/gcc/arm-none-eabi/10.3.1/../../../../arm-none-eabi/lib/thumb/v7e-m+dp/hard/libc_nano.a
END GROUP
START GROUP
LOAD /Applications/STM32CubeIDE.app/Contents/Eclipse/plugins/com.st.stm32cube.ide.mcu.externaltools.gnu-tools-for-stm32.10.3-2021.10.macos64_1.0.200.202301161003/tools/bin/../lib/gcc/arm-none-eabi/10.3.1/thumb/v7e-m+dp/hard/libgcc.a
LOAD /Applications/STM32CubeIDE.app/Contents/Eclipse/plugins/com.st.stm32cube.ide.mcu.externaltools.gnu-tools-for-stm32.10.3-2021.10.macos64_1.0.200.202301161003/tools/bin/../lib/gcc/arm-none-eabi/10.3.1/../../../../arm-none-eabi/lib/thumb/v7e-m+dp/hard/libc_nano.a
LOAD /Applications/STM32CubeIDE.app/Contents/Eclipse/plugins/com.st.stm32cube.ide.mcu.externaltools.gnu-tools-for-stm32.10.3-2021.10.macos64_1.0.200.202301161003/tools/bin/../lib/gcc/arm-none-eabi/10.3.1/../../../../arm-none-eabi/lib/thumb/v7e-m+dp/hard/libnosys.a
END GROUP
START GROUP
LOAD /Applications/STM32CubeIDE.app/Contents/Eclipse/plugins/com.st.stm32cube.ide.mcu.externaltools.gnu-tools-for-stm32.10.3-2021.10.macos64_1.0.200.202301161003/tools/bin/../lib/gcc/arm-none-eabi/10.3.1/thumb/v7e-m+dp/hard/libgcc.a
LOAD /Applications/STM32CubeIDE.app/Contents/Eclipse/plugins/com.st.stm32cube.ide.mcu.externaltools.gnu-tools-for-stm32.10.3-2021.10.macos64_1.0.200.202301161003/tools/bin/../lib/gcc/arm-none-eabi/10.3.1/../../../../arm-none-eabi/lib/thumb/v7e-m+dp/hard/libc_nano.a
LOAD /Applications/STM32CubeIDE.app/Contents/Eclipse/plugins/com.st.stm32cube.ide.mcu.externaltools.gnu-tools-for-stm32.10.3-2021.10.macos64_1.0.200.202301161003/tools/bin/../lib/gcc/arm-none-eabi/10.3.1/../../../../arm-none-eabi/lib/thumb/v7e-m+dp/hard/libnosys.a
END GROUP
LOAD /Applications/STM32CubeIDE.app/Contents/Eclipse/plugins/com.st.stm32cube.ide.mcu.externaltools.gnu-tools-for-stm32.10.3-2021.10.macos64_1.0.200.202301161003/tools/bin/../lib/gcc/arm-none-eabi/10.3.1/thumb/v7e-m+dp/hard/crtend.o
LOAD /Applications/STM32CubeIDE.app/Contents/Eclipse/plugins/com.st.stm32cube.ide.mcu.externaltools.gnu-tools-for-stm32.10.3-2021.10.macos64_1.0.200.202301161003/tools/bin/../lib/gcc/arm-none-eabi/10.3.1/thumb/v7e-m+dp/hard/crtn.o
                0x0000000024080000                _estack = (ORIGIN (RAM_D1) + LENGTH (RAM_D1))
                0x0000000000000200                _Min_Heap_Size = 0x200
                0x0000000000000400                _Min_Stack_Size = 0x400

.isr_vector     0x0000000008000000      0x298
                0x0000000008000000                . = ALIGN (0x4)
 *(.isr_vector)
 .isr_vector    0x0000000008000000      0x298 ./Core/Startup/startup_stm32h750xbhx.o
                0x0000000008000000                g_pfnVectors
                0x0000000008000298                . = ALIGN (0x4)

.text           0x0000000008000298     0x7660
                0x0000000008000298                . = ALIGN (0x4)
 *(.text)
 .text          0x0000000008000298       0x40 /Applications/STM32CubeIDE.app/Contents/Eclipse/plugins/com.st.stm32cube.ide.mcu.externaltools.gnu-tools-for-stm32.10.3-2021.10.macos64_1.0.200.202301161003/tools/bin/../lib/gcc/arm-none-eabi/10.3.1/thumb/v7e-m+dp/hard/crtbegin.o
 .text          0x00000000080002d8       0x10 /Applications/STM32CubeIDE.app/Contents/Eclipse/plugins/com.st.stm32cube.ide.mcu.externaltools.gnu-tools-for-stm32.10.3-2021.10.macos64_1.0.200.202301161003/tools/bin/../lib/gcc/arm-none-eabi/10.3.1/../../../../arm-none-eabi/lib/thumb/v7e-m+dp/hard/libc_nano.a(lib_a-strlen.o)
                0x00000000080002d8                strlen
 .text          0x00000000080002e8       0x30 /Applications/STM32CubeIDE.app/Contents/Eclipse/plugins/com.st.stm32cube.ide.mcu.externaltools.gnu-tools-for-stm32.10.3-2021.10.macos64_1.0.200.202301161003/tools/bin/../lib/gcc/arm-none-eabi/10.3.1/thumb/v7e-m+dp/hard/libgcc.a(_aeabi_uldivmod.o)
                0x00000000080002e8                __aeabi_uldivmod
 .text          0x0000000008000318      0x2d0 /Applications/STM32CubeIDE.app/Contents/Eclipse/plugins/com.st.stm32cube.ide.mcu.externaltools.gnu-tools-for-stm32.10.3-2021.10.macos64_1.0.200.202301161003/tools/bin/../lib/gcc/arm-none-eabi/10.3.1/thumb/v7e-m+dp/hard/libgcc.a(_udivmoddi4.o)
                0x0000000008000318                __udivmoddi4
 .text          0x00000000080005e8        0x4 /Applications/STM32CubeIDE.app/Contents/Eclipse/plugins/com.st.stm32cube.ide.mcu.externaltools.gnu-tools-for-stm32.10.3-2021.10.macos64_1.0.200.202301161003/tools/bin/../lib/gcc/arm-none-eabi/10.3.1/thumb/v7e-m+dp/hard/libgcc.a(_dvmd_tls.o)
                0x00000000080005e8                __aeabi_ldiv0
                0x00000000080005e8                __aeabi_idiv0
 *(.text*)
 .text.__NVIC_SetPriority
                0x00000000080005ec       0x54 ./Core/Src/main.o
 .text.__NVIC_SystemReset
                0x0000000008000640       0x2c ./Core/Src/main.o
 .text.SysTick_Config
                0x000000000800066c       0x44 ./Core/Src/main.o
 .text.main     0x00000000080006b0       0xb4 ./Core/Src/main.o
                0x00000000080006b0                main
 .text.SystemClock_Config
                0x0000000008000764       0xd4 ./Core/Src/main.o
                0x0000000008000764                SystemClock_Config
 .text.MX_USART2_UART_Init
                0x0000000008000838       0xb8 ./Core/Src/main.o
 .text.MX_USART3_UART_Init
                0x00000000080008f0       0x98 ./Core/Src/main.o
 .text.MX_GPIO_Init
                0x0000000008000988       0xf4 ./Core/Src/main.o
 .text.HAL_UART_RxCpltCallback
                0x0000000008000a7c       0x20 ./Core/Src/main.o
                0x0000000008000a7c                HAL_UART_RxCpltCallback
 .text.FSM      0x0000000008000a9c      0x144 ./Core/Src/main.o
                0x0000000008000a9c                FSM
 .text.My_IRQ_Handler
                0x0000000008000be0       0x3c ./Core/Src/main.o
                0x0000000008000be0                My_IRQ_Handler
 .text.AT_halt_until
                0x0000000008000c1c       0x5c ./Core/Src/main.o
                0x0000000008000c1c                AT_halt_until
 .text.AT_config
                0x0000000008000c78       0x4c ./Core/Src/main.o
                0x0000000008000c78                AT_config
 .text.send_string
                0x0000000008000cc4       0x78 ./Core/Src/main.o
                0x0000000008000cc4                send_string
 .text.Error_Handler
                0x0000000008000d3c        0xa ./Core/Src/main.o
                0x0000000008000d3c                Error_Handler
 *fill*         0x0000000008000d46        0x2 
 .text.HAL_MspInit
                0x0000000008000d48       0x34 ./Core/Src/stm32h7xx_hal_msp.o
                0x0000000008000d48                HAL_MspInit
 .text.HAL_UART_MspInit
                0x0000000008000d7c      0x194 ./Core/Src/stm32h7xx_hal_msp.o
                0x0000000008000d7c                HAL_UART_MspInit
 .text.NMI_Handler
                0x0000000008000f10        0x6 ./Core/Src/stm32h7xx_it.o
                0x0000000008000f10                NMI_Handler
 .text.HardFault_Handler
                0x0000000008000f16        0x6 ./Core/Src/stm32h7xx_it.o
                0x0000000008000f16                HardFault_Handler
 .text.MemManage_Handler
                0x0000000008000f1c        0x6 ./Core/Src/stm32h7xx_it.o
                0x0000000008000f1c                MemManage_Handler
 .text.BusFault_Handler
                0x0000000008000f22        0x6 ./Core/Src/stm32h7xx_it.o
                0x0000000008000f22                BusFault_Handler
 .text.UsageFault_Handler
                0x0000000008000f28        0x6 ./Core/Src/stm32h7xx_it.o
                0x0000000008000f28                UsageFault_Handler
 .text.SVC_Handler
                0x0000000008000f2e        0xe ./Core/Src/stm32h7xx_it.o
                0x0000000008000f2e                SVC_Handler
 .text.DebugMon_Handler
                0x0000000008000f3c        0xe ./Core/Src/stm32h7xx_it.o
                0x0000000008000f3c                DebugMon_Handler
 .text.PendSV_Handler
                0x0000000008000f4a        0xe ./Core/Src/stm32h7xx_it.o
                0x0000000008000f4a                PendSV_Handler
 .text.SysTick_Handler
                0x0000000008000f58        0xc ./Core/Src/stm32h7xx_it.o
                0x0000000008000f58                SysTick_Handler
 .text.USART2_IRQHandler
                0x0000000008000f64       0x20 ./Core/Src/stm32h7xx_it.o
                0x0000000008000f64                USART2_IRQHandler
 .text.USART3_IRQHandler
                0x0000000008000f84       0x14 ./Core/Src/stm32h7xx_it.o
                0x0000000008000f84                USART3_IRQHandler
 .text.SystemInit
                0x0000000008000f98      0x110 ./Core/Src/system_stm32h7xx.o
                0x0000000008000f98                SystemInit
 .text.Reset_Handler
                0x00000000080010a8       0x50 ./Core/Startup/startup_stm32h750xbhx.o
                0x00000000080010a8                Reset_Handler
 .text.Default_Handler
                0x00000000080010f8        0x2 ./Core/Startup/startup_stm32h750xbhx.o
                0x00000000080010f8                DMA1_Stream3_IRQHandler
                0x00000000080010f8                HASH_RNG_IRQHandler
                0x00000000080010f8                EXTI2_IRQHandler
                0x00000000080010f8                TIM8_CC_IRQHandler
                0x00000000080010f8                HRTIM1_Master_IRQHandler
                0x00000000080010f8                UART8_IRQHandler
                0x00000000080010f8                SPI4_IRQHandler
                0x00000000080010f8                TIM1_CC_IRQHandler
                0x00000000080010f8                BDMA_Channel6_IRQHandler
                0x00000000080010f8                DMA2_Stream5_IRQHandler
                0x00000000080010f8                HRTIM1_FLT_IRQHandler
                0x00000000080010f8                JPEG_IRQHandler
                0x00000000080010f8                DMA1_Stream5_IRQHandler
                0x00000000080010f8                BDMA_Channel1_IRQHandler
                0x00000000080010f8                HRTIM1_TIMD_IRQHandler
                0x00000000080010f8                TAMP_STAMP_IRQHandler
                0x00000000080010f8                EXTI3_IRQHandler
                0x00000000080010f8                LPTIM4_IRQHandler
                0x00000000080010f8                TIM8_TRG_COM_TIM14_IRQHandler
                0x00000000080010f8                LPTIM2_IRQHandler
                0x00000000080010f8                DFSDM1_FLT1_IRQHandler
                0x00000000080010f8                DMAMUX2_OVR_IRQHandler
                0x00000000080010f8                TIM8_UP_TIM13_IRQHandler
                0x00000000080010f8                I2C3_ER_IRQHandler
                0x00000000080010f8                DFSDM1_FLT2_IRQHandler
                0x00000000080010f8                MDMA_IRQHandler
                0x00000000080010f8                LPTIM3_IRQHandler
                0x00000000080010f8                HSEM1_IRQHandler
                0x00000000080010f8                EXTI0_IRQHandler
                0x00000000080010f8                I2C2_EV_IRQHandler
                0x00000000080010f8                DMA1_Stream2_IRQHandler
                0x00000000080010f8                FPU_IRQHandler
                0x00000000080010f8                OTG_HS_WKUP_IRQHandler
                0x00000000080010f8                FDCAN1_IT1_IRQHandler
                0x00000000080010f8                LTDC_ER_IRQHandler
                0x00000000080010f8                DMA2_Stream2_IRQHandler
                0x00000000080010f8                HRTIM1_TIME_IRQHandler
                0x00000000080010f8                SPI1_IRQHandler
                0x00000000080010f8                TIM6_DAC_IRQHandler
                0x00000000080010f8                DCMI_IRQHandler
                0x00000000080010f8                HRTIM1_TIMC_IRQHandler
                0x00000000080010f8                DMA2_Stream3_IRQHandler
                0x00000000080010f8                SAI2_IRQHandler
                0x00000000080010f8                DFSDM1_FLT3_IRQHandler
                0x00000000080010f8                USART6_IRQHandler
                0x00000000080010f8                TIM17_IRQHandler
                0x00000000080010f8                BDMA_Channel7_IRQHandler
                0x00000000080010f8                CRYP_IRQHandler
                0x00000000080010f8                LPTIM5_IRQHandler
                0x00000000080010f8                UART5_IRQHandler
                0x00000000080010f8                ADC3_IRQHandler
                0x00000000080010f8                DMA2_Stream0_IRQHandler
                0x00000000080010f8                TIM4_IRQHandler
                0x00000000080010f8                BDMA_Channel2_IRQHandler
                0x00000000080010f8                QUADSPI_IRQHandler
                0x00000000080010f8                I2C1_EV_IRQHandler
                0x00000000080010f8                DMA1_Stream6_IRQHandler
                0x00000000080010f8                DMAMUX1_OVR_IRQHandler
                0x00000000080010f8                DMA1_Stream1_IRQHandler
                0x00000000080010f8                TIM16_IRQHandler
                0x00000000080010f8                UART4_IRQHandler
                0x00000000080010f8                BDMA_Channel5_IRQHandler
                0x00000000080010f8                TIM3_IRQHandler
                0x00000000080010f8                RCC_IRQHandler
                0x00000000080010f8                TIM8_BRK_TIM12_IRQHandler
                0x00000000080010f8                TIM1_TRG_COM_IRQHandler
                0x00000000080010f8                Default_Handler
                0x00000000080010f8                ECC_IRQHandler
                0x00000000080010f8                CEC_IRQHandler
                0x00000000080010f8                EXTI15_10_IRQHandler
                0x00000000080010f8                BDMA_Channel0_IRQHandler
                0x00000000080010f8                ADC_IRQHandler
                0x00000000080010f8                DMA1_Stream7_IRQHandler
                0x00000000080010f8                HRTIM1_TIMA_IRQHandler
                0x00000000080010f8                SPI5_IRQHandler
                0x00000000080010f8                TIM7_IRQHandler
                0x00000000080010f8                SDMMC1_IRQHandler
                0x00000000080010f8                TIM5_IRQHandler
                0x00000000080010f8                DMA2_Stream7_IRQHandler
                0x00000000080010f8                TIM15_IRQHandler
                0x00000000080010f8                PVD_AVD_IRQHandler
                0x00000000080010f8                I2C3_EV_IRQHandler
                0x00000000080010f8                EXTI9_5_IRQHandler
                0x00000000080010f8                RTC_WKUP_IRQHandler
                0x00000000080010f8                LTDC_IRQHandler
                0x00000000080010f8                SAI3_IRQHandler
                0x00000000080010f8                ETH_WKUP_IRQHandler
                0x00000000080010f8                SPDIF_RX_IRQHandler
                0x00000000080010f8                SPI2_IRQHandler
                0x00000000080010f8                OTG_HS_EP1_IN_IRQHandler
                0x00000000080010f8                DMA1_Stream0_IRQHandler
                0x00000000080010f8                CRS_IRQHandler
                0x00000000080010f8                EXTI4_IRQHandler
                0x00000000080010f8                HRTIM1_TIMB_IRQHandler
                0x00000000080010f8                FDCAN2_IT1_IRQHandler
                0x00000000080010f8                ETH_IRQHandler
                0x00000000080010f8                TIM1_UP_IRQHandler
                0x00000000080010f8                BDMA_Channel4_IRQHandler
                0x00000000080010f8                OTG_HS_EP1_OUT_IRQHandler
                0x00000000080010f8                WWDG_IRQHandler
                0x00000000080010f8                SPI6_IRQHandler
                0x00000000080010f8                MDIOS_IRQHandler
                0x00000000080010f8                I2C4_EV_IRQHandler
                0x00000000080010f8                FDCAN2_IT0_IRQHandler
                0x00000000080010f8                LPUART1_IRQHandler
                0x00000000080010f8                FDCAN1_IT0_IRQHandler
                0x00000000080010f8                TIM2_IRQHandler
                0x00000000080010f8                OTG_FS_WKUP_IRQHandler
                0x00000000080010f8                OTG_HS_IRQHandler
                0x00000000080010f8                DMA2D_IRQHandler
                0x00000000080010f8                TIM1_BRK_IRQHandler
                0x00000000080010f8                EXTI1_IRQHandler
                0x00000000080010f8                SDMMC2_IRQHandler
                0x00000000080010f8                OTG_FS_EP1_OUT_IRQHandler
                0x00000000080010f8                BDMA_Channel3_IRQHandler
                0x00000000080010f8                UART7_IRQHandler
                0x00000000080010f8                MDIOS_WKUP_IRQHandler
                0x00000000080010f8                DFSDM1_FLT0_IRQHandler
                0x00000000080010f8                SAI4_IRQHandler
                0x00000000080010f8                I2C2_ER_IRQHandler
                0x00000000080010f8                DMA2_Stream1_IRQHandler
                0x00000000080010f8                FLASH_IRQHandler
                0x00000000080010f8                DMA2_Stream4_IRQHandler
                0x00000000080010f8                USART1_IRQHandler
                0x00000000080010f8                OTG_FS_IRQHandler
                0x00000000080010f8                SPI3_IRQHandler
                0x00000000080010f8                WAKEUP_PIN_IRQHandler
                0x00000000080010f8                DMA1_Stream4_IRQHandler
                0x00000000080010f8                OTG_FS_EP1_IN_IRQHandler
                0x00000000080010f8                I2C1_ER_IRQHandler
                0x00000000080010f8                FMC_IRQHandler
                0x00000000080010f8                FDCAN_CAL_IRQHandler
                0x00000000080010f8                SWPMI1_IRQHandler
                0x00000000080010f8                COMP1_IRQHandler
                0x00000000080010f8                LPTIM1_IRQHandler
                0x00000000080010f8                I2C4_ER_IRQHandler
                0x00000000080010f8                DMA2_Stream6_IRQHandler
                0x00000000080010f8                SAI1_IRQHandler
                0x00000000080010f8                RTC_Alarm_IRQHandler
 *fill*         0x00000000080010fa        0x2 
 .text.HAL_Init
                0x00000000080010fc       0x78 ./Drivers/STM32H7xx_HAL_Driver/stm32h7xx_hal.o
                0x00000000080010fc                HAL_Init
 .text.HAL_InitTick
                0x0000000008001174       0x6c ./Drivers/STM32H7xx_HAL_Driver/stm32h7xx_hal.o
                0x0000000008001174                HAL_InitTick
 .text.HAL_IncTick
                0x00000000080011e0       0x28 ./Drivers/STM32H7xx_HAL_Driver/stm32h7xx_hal.o
                0x00000000080011e0                HAL_IncTick
 .text.HAL_GetTick
                0x0000000008001208       0x18 ./Drivers/STM32H7xx_HAL_Driver/stm32h7xx_hal.o
                0x0000000008001208                HAL_GetTick
 .text.HAL_Delay
                0x0000000008001220       0x48 ./Drivers/STM32H7xx_HAL_Driver/stm32h7xx_hal.o
                0x0000000008001220                HAL_Delay
 .text.HAL_GetREVID
                0x0000000008001268       0x18 ./Drivers/STM32H7xx_HAL_Driver/stm32h7xx_hal.o
                0x0000000008001268                HAL_GetREVID
 .text.__NVIC_SetPriorityGrouping
                0x0000000008001280       0x48 ./Drivers/STM32H7xx_HAL_Driver/stm32h7xx_hal_cortex.o
 .text.__NVIC_GetPriorityGrouping
                0x00000000080012c8       0x1c ./Drivers/STM32H7xx_HAL_Driver/stm32h7xx_hal_cortex.o
 .text.__NVIC_EnableIRQ
                0x00000000080012e4       0x3c ./Drivers/STM32H7xx_HAL_Driver/stm32h7xx_hal_cortex.o
 .text.__NVIC_ClearPendingIRQ
                0x0000000008001320       0x3c ./Drivers/STM32H7xx_HAL_Driver/stm32h7xx_hal_cortex.o
 .text.__NVIC_SetPriority
                0x000000000800135c       0x54 ./Drivers/STM32H7xx_HAL_Driver/stm32h7xx_hal_cortex.o
 .text.NVIC_EncodePriority
                0x00000000080013b0       0x66 ./Drivers/STM32H7xx_HAL_Driver/stm32h7xx_hal_cortex.o
 *fill*         0x0000000008001416        0x2 
 .text.SysTick_Config
                0x0000000008001418       0x44 ./Drivers/STM32H7xx_HAL_Driver/stm32h7xx_hal_cortex.o
 .text.HAL_NVIC_SetPriorityGrouping
                0x000000000800145c       0x16 ./Drivers/STM32H7xx_HAL_Driver/stm32h7xx_hal_cortex.o
                0x000000000800145c                HAL_NVIC_SetPriorityGrouping
 .text.HAL_NVIC_SetPriority
                0x0000000008001472       0x34 ./Drivers/STM32H7xx_HAL_Driver/stm32h7xx_hal_cortex.o
                0x0000000008001472                HAL_NVIC_SetPriority
 .text.HAL_NVIC_EnableIRQ
                0x00000000080014a6       0x1c ./Drivers/STM32H7xx_HAL_Driver/stm32h7xx_hal_cortex.o
                0x00000000080014a6                HAL_NVIC_EnableIRQ
 .text.HAL_SYSTICK_Config
                0x00000000080014c2       0x18 ./Drivers/STM32H7xx_HAL_Driver/stm32h7xx_hal_cortex.o
                0x00000000080014c2                HAL_SYSTICK_Config
 .text.HAL_NVIC_ClearPendingIRQ
                0x00000000080014da       0x1c ./Drivers/STM32H7xx_HAL_Driver/stm32h7xx_hal_cortex.o
                0x00000000080014da                HAL_NVIC_ClearPendingIRQ
 *fill*         0x00000000080014f6        0x2 
 .text.HAL_DMA_Abort
                0x00000000080014f8      0x63c ./Drivers/STM32H7xx_HAL_Driver/stm32h7xx_hal_dma.o
                0x00000000080014f8                HAL_DMA_Abort
 .text.HAL_DMA_Abort_IT
                0x0000000008001b34      0x48c ./Drivers/STM32H7xx_HAL_Driver/stm32h7xx_hal_dma.o
                0x0000000008001b34                HAL_DMA_Abort_IT
 .text.HAL_GPIO_Init
                0x0000000008001fc0      0x360 ./Drivers/STM32H7xx_HAL_Driver/stm32h7xx_hal_gpio.o
                0x0000000008001fc0                HAL_GPIO_Init
 .text.HAL_GPIO_WritePin
                0x0000000008002320       0x32 ./Drivers/STM32H7xx_HAL_Driver/stm32h7xx_hal_gpio.o
                0x0000000008002320                HAL_GPIO_WritePin
 *fill*         0x0000000008002352        0x2 
 .text.HAL_PWREx_ConfigSupply
                0x0000000008002354       0x74 ./Drivers/STM32H7xx_HAL_Driver/stm32h7xx_hal_pwr_ex.o
                0x0000000008002354                HAL_PWREx_ConfigSupply
 .text.HAL_RCC_OscConfig
                0x00000000080023c8      0x8b4 ./Drivers/STM32H7xx_HAL_Driver/stm32h7xx_hal_rcc.o
                0x00000000080023c8                HAL_RCC_OscConfig
 .text.HAL_RCC_ClockConfig
                0x0000000008002c7c      0x36c ./Drivers/STM32H7xx_HAL_Driver/stm32h7xx_hal_rcc.o
                0x0000000008002c7c                HAL_RCC_ClockConfig
 .text.HAL_RCC_GetSysClockFreq
                0x0000000008002fe8      0x2f4 ./Drivers/STM32H7xx_HAL_Driver/stm32h7xx_hal_rcc.o
                0x0000000008002fe8                HAL_RCC_GetSysClockFreq
 .text.HAL_RCC_GetHCLKFreq
                0x00000000080032dc       0x60 ./Drivers/STM32H7xx_HAL_Driver/stm32h7xx_hal_rcc.o
                0x00000000080032dc                HAL_RCC_GetHCLKFreq
 .text.HAL_RCC_GetPCLK1Freq
                0x000000000800333c       0x2c ./Drivers/STM32H7xx_HAL_Driver/stm32h7xx_hal_rcc.o
                0x000000000800333c                HAL_RCC_GetPCLK1Freq
 .text.HAL_RCC_GetPCLK2Freq
                0x0000000008003368       0x2c ./Drivers/STM32H7xx_HAL_Driver/stm32h7xx_hal_rcc.o
                0x0000000008003368                HAL_RCC_GetPCLK2Freq
 .text.HAL_RCCEx_PeriphCLKConfig
                0x0000000008003394     0x1414 ./Drivers/STM32H7xx_HAL_Driver/stm32h7xx_hal_rcc_ex.o
                0x0000000008003394                HAL_RCCEx_PeriphCLKConfig
 .text.HAL_RCCEx_GetD3PCLK1Freq
                0x00000000080047a8       0x2c ./Drivers/STM32H7xx_HAL_Driver/stm32h7xx_hal_rcc_ex.o
                0x00000000080047a8                HAL_RCCEx_GetD3PCLK1Freq
 .text.HAL_RCCEx_GetPLL2ClockFreq
                0x00000000080047d4      0x2a8 ./Drivers/STM32H7xx_HAL_Driver/stm32h7xx_hal_rcc_ex.o
                0x00000000080047d4                HAL_RCCEx_GetPLL2ClockFreq
 .text.HAL_RCCEx_GetPLL3ClockFreq
                0x0000000008004a7c      0x2a8 ./Drivers/STM32H7xx_HAL_Driver/stm32h7xx_hal_rcc_ex.o
                0x0000000008004a7c                HAL_RCCEx_GetPLL3ClockFreq
 .text.RCCEx_PLL2_Config
                0x0000000008004d24      0x164 ./Drivers/STM32H7xx_HAL_Driver/stm32h7xx_hal_rcc_ex.o
 .text.RCCEx_PLL3_Config
                0x0000000008004e88      0x164 ./Drivers/STM32H7xx_HAL_Driver/stm32h7xx_hal_rcc_ex.o
 .text.HAL_UART_Init
                0x0000000008004fec       0xa0 ./Drivers/STM32H7xx_HAL_Driver/stm32h7xx_hal_uart.o
                0x0000000008004fec                HAL_UART_Init
 .text.HAL_UART_Transmit
                0x000000000800508c      0x11c ./Drivers/STM32H7xx_HAL_Driver/stm32h7xx_hal_uart.o
                0x000000000800508c                HAL_UART_Transmit
 .text.HAL_UART_Receive_IT
                0x00000000080051a8       0x98 ./Drivers/STM32H7xx_HAL_Driver/stm32h7xx_hal_uart.o
                0x00000000080051a8                HAL_UART_Receive_IT
 .text.HAL_UART_IRQHandler
                0x0000000008005240      0x774 ./Drivers/STM32H7xx_HAL_Driver/stm32h7xx_hal_uart.o
                0x0000000008005240                HAL_UART_IRQHandler
 .text.HAL_UART_TxCpltCallback
                0x00000000080059b4       0x14 ./Drivers/STM32H7xx_HAL_Driver/stm32h7xx_hal_uart.o
                0x00000000080059b4                HAL_UART_TxCpltCallback
 .text.HAL_UART_ErrorCallback
                0x00000000080059c8       0x14 ./Drivers/STM32H7xx_HAL_Driver/stm32h7xx_hal_uart.o
                0x00000000080059c8                HAL_UART_ErrorCallback
 .text.HAL_UARTEx_RxEventCallback
                0x00000000080059dc       0x18 ./Drivers/STM32H7xx_HAL_Driver/stm32h7xx_hal_uart.o
                0x00000000080059dc                HAL_UARTEx_RxEventCallback
 .text.UART_SetConfig
                0x00000000080059f4      0xad0 ./Drivers/STM32H7xx_HAL_Driver/stm32h7xx_hal_uart.o
                0x00000000080059f4                UART_SetConfig
 .text.UART_AdvFeatureConfig
                0x00000000080064c4      0x144 ./Drivers/STM32H7xx_HAL_Driver/stm32h7xx_hal_uart.o
                0x00000000080064c4                UART_AdvFeatureConfig
 .text.UART_CheckIdleState
                0x0000000008006608      0x154 ./Drivers/STM32H7xx_HAL_Driver/stm32h7xx_hal_uart.o
                0x0000000008006608                UART_CheckIdleState
 .text.UART_WaitOnFlagUntilTimeout
                0x000000000800675c       0xce ./Drivers/STM32H7xx_HAL_Driver/stm32h7xx_hal_uart.o
                0x000000000800675c                UART_WaitOnFlagUntilTimeout
 *fill*         0x000000000800682a        0x2 
 .text.UART_Start_Receive_IT
                0x000000000800682c      0x244 ./Drivers/STM32H7xx_HAL_Driver/stm32h7xx_hal_uart.o
                0x000000000800682c                UART_Start_Receive_IT
 .text.UART_EndRxTransfer
                0x0000000008006a70       0xcc ./Drivers/STM32H7xx_HAL_Driver/stm32h7xx_hal_uart.o
 .text.UART_DMAAbortOnError
                0x0000000008006b3c       0x2c ./Drivers/STM32H7xx_HAL_Driver/stm32h7xx_hal_uart.o
 .text.UART_EndTransmit_IT
                0x0000000008006b68       0x56 ./Drivers/STM32H7xx_HAL_Driver/stm32h7xx_hal_uart.o
 *fill*         0x0000000008006bbe        0x2 
 .text.UART_RxISR_8BIT
                0x0000000008006bc0      0x1b8 ./Drivers/STM32H7xx_HAL_Driver/stm32h7xx_hal_uart.o
 .text.UART_RxISR_16BIT
                0x0000000008006d78      0x1b8 ./Drivers/STM32H7xx_HAL_Driver/stm32h7xx_hal_uart.o
 .text.UART_RxISR_8BIT_FIFOEN
                0x0000000008006f30      0x360 ./Drivers/STM32H7xx_HAL_Driver/stm32h7xx_hal_uart.o
 .text.UART_RxISR_16BIT_FIFOEN
                0x0000000008007290      0x368 ./Drivers/STM32H7xx_HAL_Driver/stm32h7xx_hal_uart.o
 .text.HAL_UARTEx_WakeupCallback
                0x00000000080075f8       0x14 ./Drivers/STM32H7xx_HAL_Driver/stm32h7xx_hal_uart_ex.o
                0x00000000080075f8                HAL_UARTEx_WakeupCallback
 .text.HAL_UARTEx_RxFifoFullCallback
                0x000000000800760c       0x14 ./Drivers/STM32H7xx_HAL_Driver/stm32h7xx_hal_uart_ex.o
                0x000000000800760c                HAL_UARTEx_RxFifoFullCallback
 .text.HAL_UARTEx_TxFifoEmptyCallback
                0x0000000008007620       0x14 ./Drivers/STM32H7xx_HAL_Driver/stm32h7xx_hal_uart_ex.o
                0x0000000008007620                HAL_UARTEx_TxFifoEmptyCallback
 .text.HAL_UARTEx_DisableFifoMode
                0x0000000008007634       0x72 ./Drivers/STM32H7xx_HAL_Driver/stm32h7xx_hal_uart_ex.o
                0x0000000008007634                HAL_UARTEx_DisableFifoMode
 .text.HAL_UARTEx_SetTxFifoThreshold
                0x00000000080076a6       0x7c ./Drivers/STM32H7xx_HAL_Driver/stm32h7xx_hal_uart_ex.o
                0x00000000080076a6                HAL_UARTEx_SetTxFifoThreshold
 .text.HAL_UARTEx_SetRxFifoThreshold
                0x0000000008007722       0x7c ./Drivers/STM32H7xx_HAL_Driver/stm32h7xx_hal_uart_ex.o
                0x0000000008007722                HAL_UARTEx_SetRxFifoThreshold
 *fill*         0x000000000800779e        0x2 
 .text.UARTEx_SetNbDataToProcess
                0x00000000080077a0       0x9c ./Drivers/STM32H7xx_HAL_Driver/stm32h7xx_hal_uart_ex.o
 .text.__libc_init_array
                0x000000000800783c       0x48 /Applications/STM32CubeIDE.app/Contents/Eclipse/plugins/com.st.stm32cube.ide.mcu.externaltools.gnu-tools-for-stm32.10.3-2021.10.macos64_1.0.200.202301161003/tools/bin/../lib/gcc/arm-none-eabi/10.3.1/../../../../arm-none-eabi/lib/thumb/v7e-m+dp/hard/libc_nano.a(lib_a-init.o)
                0x000000000800783c                __libc_init_array
 .text.memset   0x0000000008007884       0x10 /Applications/STM32CubeIDE.app/Contents/Eclipse/plugins/com.st.stm32cube.ide.mcu.externaltools.gnu-tools-for-stm32.10.3-2021.10.macos64_1.0.200.202301161003/tools/bin/../lib/gcc/arm-none-eabi/10.3.1/../../../../arm-none-eabi/lib/thumb/v7e-m+dp/hard/libc_nano.a(lib_a-memset.o)
                0x0000000008007884                memset
 .text.strcat   0x0000000008007894       0x1e /Applications/STM32CubeIDE.app/Contents/Eclipse/plugins/com.st.stm32cube.ide.mcu.externaltools.gnu-tools-for-stm32.10.3-2021.10.macos64_1.0.200.202301161003/tools/bin/../lib/gcc/arm-none-eabi/10.3.1/../../../../arm-none-eabi/lib/thumb/v7e-m+dp/hard/libc_nano.a(lib_a-strcat.o)
                0x0000000008007894                strcat
 .text.strstr   0x00000000080078b2       0x2c /Applications/STM32CubeIDE.app/Contents/Eclipse/plugins/com.st.stm32cube.ide.mcu.externaltools.gnu-tools-for-stm32.10.3-2021.10.macos64_1.0.200.202301161003/tools/bin/../lib/gcc/arm-none-eabi/10.3.1/../../../../arm-none-eabi/lib/thumb/v7e-m+dp/hard/libc_nano.a(lib_a-strstr.o)
                0x00000000080078b2                strstr
 *(.glue_7)
 .glue_7        0x00000000080078de        0x0 linker stubs
 *(.glue_7t)
 .glue_7t       0x00000000080078de        0x0 linker stubs
 *(.eh_frame)
 *fill*         0x00000000080078de        0x2 
 .eh_frame      0x00000000080078e0        0x0 /Applications/STM32CubeIDE.app/Contents/Eclipse/plugins/com.st.stm32cube.ide.mcu.externaltools.gnu-tools-for-stm32.10.3-2021.10.macos64_1.0.200.202301161003/tools/bin/../lib/gcc/arm-none-eabi/10.3.1/thumb/v7e-m+dp/hard/crtbegin.o
 *(.init)
 .init          0x00000000080078e0        0x4 /Applications/STM32CubeIDE.app/Contents/Eclipse/plugins/com.st.stm32cube.ide.mcu.externaltools.gnu-tools-for-stm32.10.3-2021.10.macos64_1.0.200.202301161003/tools/bin/../lib/gcc/arm-none-eabi/10.3.1/thumb/v7e-m+dp/hard/crti.o
                0x00000000080078e0                _init
 .init          0x00000000080078e4        0x8 /Applications/STM32CubeIDE.app/Contents/Eclipse/plugins/com.st.stm32cube.ide.mcu.externaltools.gnu-tools-for-stm32.10.3-2021.10.macos64_1.0.200.202301161003/tools/bin/../lib/gcc/arm-none-eabi/10.3.1/thumb/v7e-m+dp/hard/crtn.o
 *(.fini)
 .fini          0x00000000080078ec        0x4 /Applications/STM32CubeIDE.app/Contents/Eclipse/plugins/com.st.stm32cube.ide.mcu.externaltools.gnu-tools-for-stm32.10.3-2021.10.macos64_1.0.200.202301161003/tools/bin/../lib/gcc/arm-none-eabi/10.3.1/thumb/v7e-m+dp/hard/crti.o
                0x00000000080078ec                _fini
 .fini          0x00000000080078f0        0x8 /Applications/STM32CubeIDE.app/Contents/Eclipse/plugins/com.st.stm32cube.ide.mcu.externaltools.gnu-tools-for-stm32.10.3-2021.10.macos64_1.0.200.202301161003/tools/bin/../lib/gcc/arm-none-eabi/10.3.1/thumb/v7e-m+dp/hard/crtn.o
                0x00000000080078f8                . = ALIGN (0x4)
                0x00000000080078f8                _etext = .

.vfp11_veneer   0x00000000080078f8        0x0
 .vfp11_veneer  0x00000000080078f8        0x0 linker stubs

.v4_bx          0x00000000080078f8        0x0
 .v4_bx         0x00000000080078f8        0x0 linker stubs

.iplt           0x00000000080078f8        0x0
 .iplt          0x00000000080078f8        0x0 /Applications/STM32CubeIDE.app/Contents/Eclipse/plugins/com.st.stm32cube.ide.mcu.externaltools.gnu-tools-for-stm32.10.3-2021.10.macos64_1.0.200.202301161003/tools/bin/../lib/gcc/arm-none-eabi/10.3.1/thumb/v7e-m+dp/hard/crtbegin.o

.rodata         0x00000000080078f8       0xfc
                0x00000000080078f8                . = ALIGN (0x4)
 *(.rodata)
 .rodata        0x00000000080078f8       0xc2 ./Core/Src/main.o
 *(.rodata*)
 *fill*         0x00000000080079ba        0x2 
 .rodata.D1CorePrescTable
                0x00000000080079bc       0x10 ./Core/Src/system_stm32h7xx.o
                0x00000000080079bc                D1CorePrescTable
 .rodata.UARTPrescTable
                0x00000000080079cc       0x18 ./Drivers/STM32H7xx_HAL_Driver/stm32h7xx_hal_uart.o
                0x00000000080079cc                UARTPrescTable
 .rodata.numerator.1
                0x00000000080079e4        0x8 ./Drivers/STM32H7xx_HAL_Driver/stm32h7xx_hal_uart_ex.o
 .rodata.denominator.0
                0x00000000080079ec        0x8 ./Drivers/STM32H7xx_HAL_Driver/stm32h7xx_hal_uart_ex.o
                0x00000000080079f4                . = ALIGN (0x4)

.ARM.extab
 *(.ARM.extab* .gnu.linkonce.armextab.*)

.ARM            0x00000000080079f4        0x8
                0x00000000080079f4                __exidx_start = .
 *(.ARM.exidx*)
 .ARM.exidx     0x00000000080079f4        0x8 /Applications/STM32CubeIDE.app/Contents/Eclipse/plugins/com.st.stm32cube.ide.mcu.externaltools.gnu-tools-for-stm32.10.3-2021.10.macos64_1.0.200.202301161003/tools/bin/../lib/gcc/arm-none-eabi/10.3.1/thumb/v7e-m+dp/hard/libgcc.a(_udivmoddi4.o)
                0x00000000080079fc                __exidx_end = .

.rel.dyn        0x00000000080079fc        0x0
 .rel.iplt      0x00000000080079fc        0x0 /Applications/STM32CubeIDE.app/Contents/Eclipse/plugins/com.st.stm32cube.ide.mcu.externaltools.gnu-tools-for-stm32.10.3-2021.10.macos64_1.0.200.202301161003/tools/bin/../lib/gcc/arm-none-eabi/10.3.1/thumb/v7e-m+dp/hard/crtbegin.o

.preinit_array  0x00000000080079fc        0x0
                0x00000000080079fc                PROVIDE (__preinit_array_start = .)
 *(.preinit_array*)
                0x00000000080079fc                PROVIDE (__preinit_array_end = .)

.init_array     0x00000000080079fc        0x4
                0x00000000080079fc                PROVIDE (__init_array_start = .)
 *(SORT_BY_NAME(.init_array.*))
 *(.init_array*)
 .init_array    0x00000000080079fc        0x4 /Applications/STM32CubeIDE.app/Contents/Eclipse/plugins/com.st.stm32cube.ide.mcu.externaltools.gnu-tools-for-stm32.10.3-2021.10.macos64_1.0.200.202301161003/tools/bin/../lib/gcc/arm-none-eabi/10.3.1/thumb/v7e-m+dp/hard/crtbegin.o
                0x0000000008007a00                PROVIDE (__init_array_end = .)

.fini_array     0x0000000008007a00        0x4
                [!provide]                        PROVIDE (__fini_array_start = .)
 *(SORT_BY_NAME(.fini_array.*))
 *(.fini_array*)
 .fini_array    0x0000000008007a00        0x4 /Applications/STM32CubeIDE.app/Contents/Eclipse/plugins/com.st.stm32cube.ide.mcu.externaltools.gnu-tools-for-stm32.10.3-2021.10.macos64_1.0.200.202301161003/tools/bin/../lib/gcc/arm-none-eabi/10.3.1/thumb/v7e-m+dp/hard/crtbegin.o
                [!provide]                        PROVIDE (__fini_array_end = .)
                0x0000000008007a04                _sidata = LOADADDR (.data)

.data           0x0000000024000000       0x14 load address 0x0000000008007a04
                0x0000000024000000                . = ALIGN (0x4)
                0x0000000024000000                _sdata = .
 *(.data)
 *(.data*)
 .data.current_state
                0x0000000024000000        0x1 ./Core/Src/main.o
                0x0000000024000000                current_state
 *fill*         0x0000000024000001        0x3 
 .data.SystemCoreClock
                0x0000000024000004        0x4 ./Core/Src/system_stm32h7xx.o
                0x0000000024000004                SystemCoreClock
 .data.SystemD2Clock
                0x0000000024000008        0x4 ./Core/Src/system_stm32h7xx.o
                0x0000000024000008                SystemD2Clock
 .data.uwTickPrio
                0x000000002400000c        0x4 ./Drivers/STM32H7xx_HAL_Driver/stm32h7xx_hal.o
                0x000000002400000c                uwTickPrio
 .data.uwTickFreq
                0x0000000024000010        0x1 ./Drivers/STM32H7xx_HAL_Driver/stm32h7xx_hal.o
                0x0000000024000010                uwTickFreq
 *(.RamFunc)
 *(.RamFunc*)
                0x0000000024000014                . = ALIGN (0x4)
 *fill*         0x0000000024000011        0x3 
                0x0000000024000014                _edata = .

.igot.plt       0x0000000024000014        0x0 load address 0x0000000008007a18
 .igot.plt      0x0000000024000014        0x0 /Applications/STM32CubeIDE.app/Contents/Eclipse/plugins/com.st.stm32cube.ide.mcu.externaltools.gnu-tools-for-stm32.10.3-2021.10.macos64_1.0.200.202301161003/tools/bin/../lib/gcc/arm-none-eabi/10.3.1/thumb/v7e-m+dp/hard/crtbegin.o
                0x0000000024000014                . = ALIGN (0x4)

.bss            0x0000000024000014      0x34c load address 0x0000000008007a18
                0x0000000024000014                _sbss = .
                0x0000000024000014                __bss_start__ = _sbss
 *(.bss)
 .bss           0x0000000024000014       0x1c /Applications/STM32CubeIDE.app/Contents/Eclipse/plugins/com.st.stm32cube.ide.mcu.externaltools.gnu-tools-for-stm32.10.3-2021.10.macos64_1.0.200.202301161003/tools/bin/../lib/gcc/arm-none-eabi/10.3.1/thumb/v7e-m+dp/hard/crtbegin.o
 *(.bss*)
 .bss.huart2    0x0000000024000030       0x94 ./Core/Src/main.o
                0x0000000024000030                huart2
 .bss.huart3    0x00000000240000c4       0x94 ./Core/Src/main.o
                0x00000000240000c4                huart3
 .bss.rx_buffer
                0x0000000024000158        0x1 ./Core/Src/main.o
                0x0000000024000158                rx_buffer
 *fill*         0x0000000024000159        0x3 
 .bss.recieved_message
                0x000000002400015c      0x200 ./Core/Src/main.o
                0x000000002400015c                recieved_message
 .bss.uwTick    0x000000002400035c        0x4 ./Drivers/STM32H7xx_HAL_Driver/stm32h7xx_hal.o
                0x000000002400035c                uwTick
 *(COMMON)
                0x0000000024000360                . = ALIGN (0x4)
                0x0000000024000360                _ebss = .
                0x0000000024000360                __bss_end__ = _ebss

._user_heap_stack
                0x0000000024000360      0x600 load address 0x0000000008007a18
                0x0000000024000360                . = ALIGN (0x8)
                [!provide]                        PROVIDE (end = .)
                0x0000000024000360                PROVIDE (_end = .)
                0x0000000024000560                . = (. + _Min_Heap_Size)
 *fill*         0x0000000024000360      0x200 
                0x0000000024000960                . = (. + _Min_Stack_Size)
 *fill*         0x0000000024000560      0x400 
                0x0000000024000960                . = ALIGN (0x8)

/DISCARD/
 libc.a(*)
 libm.a(*)
 libgcc.a(*)

.ARM.attributes
                0x0000000000000000       0x2e
 *(.ARM.attributes)
 .ARM.attributes
                0x0000000000000000       0x1e /Applications/STM32CubeIDE.app/Contents/Eclipse/plugins/com.st.stm32cube.ide.mcu.externaltools.gnu-tools-for-stm32.10.3-2021.10.macos64_1.0.200.202301161003/tools/bin/../lib/gcc/arm-none-eabi/10.3.1/thumb/v7e-m+dp/hard/crti.o
 .ARM.attributes
                0x000000000000001e       0x32 /Applications/STM32CubeIDE.app/Contents/Eclipse/plugins/com.st.stm32cube.ide.mcu.externaltools.gnu-tools-for-stm32.10.3-2021.10.macos64_1.0.200.202301161003/tools/bin/../lib/gcc/arm-none-eabi/10.3.1/thumb/v7e-m+dp/hard/crtbegin.o
 .ARM.attributes
                0x0000000000000050       0x32 ./Core/Src/main.o
 .ARM.attributes
                0x0000000000000082       0x32 ./Core/Src/stm32h7xx_hal_msp.o
 .ARM.attributes
                0x00000000000000b4       0x32 ./Core/Src/stm32h7xx_it.o
 .ARM.attributes
                0x00000000000000e6       0x32 ./Core/Src/system_stm32h7xx.o
 .ARM.attributes
                0x0000000000000118       0x21 ./Core/Startup/startup_stm32h750xbhx.o
 .ARM.attributes
                0x0000000000000139       0x32 ./Drivers/STM32H7xx_HAL_Driver/stm32h7xx_hal.o
 .ARM.attributes
                0x000000000000016b       0x32 ./Drivers/STM32H7xx_HAL_Driver/stm32h7xx_hal_cortex.o
 .ARM.attributes
                0x000000000000019d       0x32 ./Drivers/STM32H7xx_HAL_Driver/stm32h7xx_hal_dma.o
 .ARM.attributes
                0x00000000000001cf       0x32 ./Drivers/STM32H7xx_HAL_Driver/stm32h7xx_hal_gpio.o
 .ARM.attributes
                0x0000000000000201       0x32 ./Drivers/STM32H7xx_HAL_Driver/stm32h7xx_hal_pwr_ex.o
 .ARM.attributes
                0x0000000000000233       0x32 ./Drivers/STM32H7xx_HAL_Driver/stm32h7xx_hal_rcc.o
 .ARM.attributes
                0x0000000000000265       0x32 ./Drivers/STM32H7xx_HAL_Driver/stm32h7xx_hal_rcc_ex.o
 .ARM.attributes
                0x0000000000000297       0x32 ./Drivers/STM32H7xx_HAL_Driver/stm32h7xx_hal_uart.o
 .ARM.attributes
                0x00000000000002c9       0x32 ./Drivers/STM32H7xx_HAL_Driver/stm32h7xx_hal_uart_ex.o
 .ARM.attributes
                0x00000000000002fb       0x32 /Applications/STM32CubeIDE.app/Contents/Eclipse/plugins/com.st.stm32cube.ide.mcu.externaltools.gnu-tools-for-stm32.10.3-2021.10.macos64_1.0.200.202301161003/tools/bin/../lib/gcc/arm-none-eabi/10.3.1/../../../../arm-none-eabi/lib/thumb/v7e-m+dp/hard/libc_nano.a(lib_a-init.o)
 .ARM.attributes
                0x000000000000032d       0x32 /Applications/STM32CubeIDE.app/Contents/Eclipse/plugins/com.st.stm32cube.ide.mcu.externaltools.gnu-tools-for-stm32.10.3-2021.10.macos64_1.0.200.202301161003/tools/bin/../lib/gcc/arm-none-eabi/10.3.1/../../../../arm-none-eabi/lib/thumb/v7e-m+dp/hard/libc_nano.a(lib_a-memset.o)
 .ARM.attributes
                0x000000000000035f       0x32 /Applications/STM32CubeIDE.app/Contents/Eclipse/plugins/com.st.stm32cube.ide.mcu.externaltools.gnu-tools-for-stm32.10.3-2021.10.macos64_1.0.200.202301161003/tools/bin/../lib/gcc/arm-none-eabi/10.3.1/../../../../arm-none-eabi/lib/thumb/v7e-m+dp/hard/libc_nano.a(lib_a-strcat.o)
 .ARM.attributes
                0x0000000000000391       0x17 /Applications/STM32CubeIDE.app/Contents/Eclipse/plugins/com.st.stm32cube.ide.mcu.externaltools.gnu-tools-for-stm32.10.3-2021.10.macos64_1.0.200.202301161003/tools/bin/../lib/gcc/arm-none-eabi/10.3.1/../../../../arm-none-eabi/lib/thumb/v7e-m+dp/hard/libc_nano.a(lib_a-strlen.o)
 .ARM.attributes
                0x00000000000003a8       0x32 /Applications/STM32CubeIDE.app/Contents/Eclipse/plugins/com.st.stm32cube.ide.mcu.externaltools.gnu-tools-for-stm32.10.3-2021.10.macos64_1.0.200.202301161003/tools/bin/../lib/gcc/arm-none-eabi/10.3.1/../../../../arm-none-eabi/lib/thumb/v7e-m+dp/hard/libc_nano.a(lib_a-strstr.o)
 .ARM.attributes
                0x00000000000003da       0x1e /Applications/STM32CubeIDE.app/Contents/Eclipse/plugins/com.st.stm32cube.ide.mcu.externaltools.gnu-tools-for-stm32.10.3-2021.10.macos64_1.0.200.202301161003/tools/bin/../lib/gcc/arm-none-eabi/10.3.1/thumb/v7e-m+dp/hard/libgcc.a(_aeabi_uldivmod.o)
 .ARM.attributes
                0x00000000000003f8       0x32 /Applications/STM32CubeIDE.app/Contents/Eclipse/plugins/com.st.stm32cube.ide.mcu.externaltools.gnu-tools-for-stm32.10.3-2021.10.macos64_1.0.200.202301161003/tools/bin/../lib/gcc/arm-none-eabi/10.3.1/thumb/v7e-m+dp/hard/libgcc.a(_udivmoddi4.o)
 .ARM.attributes
                0x000000000000042a       0x1e /Applications/STM32CubeIDE.app/Contents/Eclipse/plugins/com.st.stm32cube.ide.mcu.externaltools.gnu-tools-for-stm32.10.3-2021.10.macos64_1.0.200.202301161003/tools/bin/../lib/gcc/arm-none-eabi/10.3.1/thumb/v7e-m+dp/hard/libgcc.a(_dvmd_tls.o)
 .ARM.attributes
                0x0000000000000448       0x1e /Applications/STM32CubeIDE.app/Contents/Eclipse/plugins/com.st.stm32cube.ide.mcu.externaltools.gnu-tools-for-stm32.10.3-2021.10.macos64_1.0.200.202301161003/tools/bin/../lib/gcc/arm-none-eabi/10.3.1/thumb/v7e-m+dp/hard/crtn.o
OUTPUT(onlab.elf elf32-littlearm)
LOAD linker stubs
LOAD /Applications/STM32CubeIDE.app/Contents/Eclipse/plugins/com.st.stm32cube.ide.mcu.externaltools.gnu-tools-for-stm32.10.3-2021.10.macos64_1.0.200.202301161003/tools/bin/../lib/gcc/arm-none-eabi/10.3.1/../../../../arm-none-eabi/lib/thumb/v7e-m+dp/hard/libc.a
LOAD /Applications/STM32CubeIDE.app/Contents/Eclipse/plugins/com.st.stm32cube.ide.mcu.externaltools.gnu-tools-for-stm32.10.3-2021.10.macos64_1.0.200.202301161003/tools/bin/../lib/gcc/arm-none-eabi/10.3.1/../../../../arm-none-eabi/lib/thumb/v7e-m+dp/hard/libm.a
LOAD /Applications/STM32CubeIDE.app/Contents/Eclipse/plugins/com.st.stm32cube.ide.mcu.externaltools.gnu-tools-for-stm32.10.3-2021.10.macos64_1.0.200.202301161003/tools/bin/../lib/gcc/arm-none-eabi/10.3.1/thumb/v7e-m+dp/hard/libgcc.a

.debug_info     0x0000000000000000    0x11d19
 .debug_info    0x0000000000000000     0x2010 ./Core/Src/main.o
 .debug_info    0x0000000000002010     0x14c0 ./Core/Src/stm32h7xx_hal_msp.o
 .debug_info    0x00000000000034d0      0x8ef ./Core/Src/stm32h7xx_it.o
 .debug_info    0x0000000000003dbf      0xd07 ./Core/Src/system_stm32h7xx.o
 .debug_info    0x0000000000004ac6       0x22 ./Core/Startup/startup_stm32h750xbhx.o
 .debug_info    0x0000000000004ae8     0x15dd ./Drivers/STM32H7xx_HAL_Driver/stm32h7xx_hal.o
 .debug_info    0x00000000000060c5     0x1173 ./Drivers/STM32H7xx_HAL_Driver/stm32h7xx_hal_cortex.o
 .debug_info    0x0000000000007238      0xcd5 ./Drivers/STM32H7xx_HAL_Driver/stm32h7xx_hal_dma.o
 .debug_info    0x0000000000007f0d      0xd28 ./Drivers/STM32H7xx_HAL_Driver/stm32h7xx_hal_gpio.o
 .debug_info    0x0000000000008c35     0x109d ./Drivers/STM32H7xx_HAL_Driver/stm32h7xx_hal_pwr_ex.o
 .debug_info    0x0000000000009cd2      0xf4a ./Drivers/STM32H7xx_HAL_Driver/stm32h7xx_hal_rcc.o
 .debug_info    0x000000000000ac1c     0x12d9 ./Drivers/STM32H7xx_HAL_Driver/stm32h7xx_hal_rcc_ex.o
 .debug_info    0x000000000000bef5     0x4dca ./Drivers/STM32H7xx_HAL_Driver/stm32h7xx_hal_uart.o
 .debug_info    0x0000000000010cbf     0x105a ./Drivers/STM32H7xx_HAL_Driver/stm32h7xx_hal_uart_ex.o

.debug_abbrev   0x0000000000000000     0x2052
 .debug_abbrev  0x0000000000000000      0x41d ./Core/Src/main.o
 .debug_abbrev  0x000000000000041d      0x203 ./Core/Src/stm32h7xx_hal_msp.o
 .debug_abbrev  0x0000000000000620      0x17d ./Core/Src/stm32h7xx_it.o
 .debug_abbrev  0x000000000000079d      0x147 ./Core/Src/system_stm32h7xx.o
 .debug_abbrev  0x00000000000008e4       0x12 ./Core/Startup/startup_stm32h750xbhx.o
 .debug_abbrev  0x00000000000008f6      0x289 ./Drivers/STM32H7xx_HAL_Driver/stm32h7xx_hal.o
 .debug_abbrev  0x0000000000000b7f      0x329 ./Drivers/STM32H7xx_HAL_Driver/stm32h7xx_hal_cortex.o
 .debug_abbrev  0x0000000000000ea8      0x239 ./Drivers/STM32H7xx_HAL_Driver/stm32h7xx_hal_dma.o
 .debug_abbrev  0x00000000000010e1      0x1ec ./Drivers/STM32H7xx_HAL_Driver/stm32h7xx_hal_gpio.o
 .debug_abbrev  0x00000000000012cd      0x28f ./Drivers/STM32H7xx_HAL_Driver/stm32h7xx_hal_pwr_ex.o
 .debug_abbrev  0x000000000000155c      0x2b8 ./Drivers/STM32H7xx_HAL_Driver/stm32h7xx_hal_rcc.o
 .debug_abbrev  0x0000000000001814      0x25c ./Drivers/STM32H7xx_HAL_Driver/stm32h7xx_hal_rcc_ex.o
 .debug_abbrev  0x0000000000001a70      0x325 ./Drivers/STM32H7xx_HAL_Driver/stm32h7xx_hal_uart.o
 .debug_abbrev  0x0000000000001d95      0x2bd ./Drivers/STM32H7xx_HAL_Driver/stm32h7xx_hal_uart_ex.o

.debug_aranges  0x0000000000000000      0xaf8
 .debug_aranges
                0x0000000000000000       0x90 ./Core/Src/main.o
 .debug_aranges
                0x0000000000000090       0x30 ./Core/Src/stm32h7xx_hal_msp.o
 .debug_aranges
                0x00000000000000c0       0x70 ./Core/Src/stm32h7xx_it.o
 .debug_aranges
                0x0000000000000130       0x28 ./Core/Src/system_stm32h7xx.o
 .debug_aranges
                0x0000000000000158       0x28 ./Core/Startup/startup_stm32h750xbhx.o
 .debug_aranges
                0x0000000000000180      0x198 ./Drivers/STM32H7xx_HAL_Driver/stm32h7xx_hal.o
 .debug_aranges
                0x0000000000000318      0x120 ./Drivers/STM32H7xx_HAL_Driver/stm32h7xx_hal_cortex.o
 .debug_aranges
                0x0000000000000438       0xa0 ./Drivers/STM32H7xx_HAL_Driver/stm32h7xx_hal_dma.o
 .debug_aranges
                0x00000000000004d8       0x58 ./Drivers/STM32H7xx_HAL_Driver/stm32h7xx_hal_gpio.o
 .debug_aranges
                0x0000000000000530      0x158 ./Drivers/STM32H7xx_HAL_Driver/stm32h7xx_hal_pwr_ex.o
 .debug_aranges
                0x0000000000000688       0x88 ./Drivers/STM32H7xx_HAL_Driver/stm32h7xx_hal_rcc.o
 .debug_aranges
                0x0000000000000710       0xf8 ./Drivers/STM32H7xx_HAL_Driver/stm32h7xx_hal_rcc_ex.o
 .debug_aranges
                0x0000000000000808      0x248 ./Drivers/STM32H7xx_HAL_Driver/stm32h7xx_hal_uart.o
 .debug_aranges
                0x0000000000000a50       0xa8 ./Drivers/STM32H7xx_HAL_Driver/stm32h7xx_hal_uart_ex.o

.debug_ranges   0x0000000000000000      0xa50
 .debug_ranges  0x0000000000000000       0x80 ./Core/Src/main.o
 .debug_ranges  0x0000000000000080       0x20 ./Core/Src/stm32h7xx_hal_msp.o
 .debug_ranges  0x00000000000000a0       0x60 ./Core/Src/stm32h7xx_it.o
 .debug_ranges  0x0000000000000100       0x18 ./Core/Src/system_stm32h7xx.o
 .debug_ranges  0x0000000000000118       0x20 ./Core/Startup/startup_stm32h750xbhx.o
 .debug_ranges  0x0000000000000138      0x188 ./Drivers/STM32H7xx_HAL_Driver/stm32h7xx_hal.o
 .debug_ranges  0x00000000000002c0      0x110 ./Drivers/STM32H7xx_HAL_Driver/stm32h7xx_hal_cortex.o
 .debug_ranges  0x00000000000003d0       0x90 ./Drivers/STM32H7xx_HAL_Driver/stm32h7xx_hal_dma.o
 .debug_ranges  0x0000000000000460       0x48 ./Drivers/STM32H7xx_HAL_Driver/stm32h7xx_hal_gpio.o
 .debug_ranges  0x00000000000004a8      0x148 ./Drivers/STM32H7xx_HAL_Driver/stm32h7xx_hal_pwr_ex.o
 .debug_ranges  0x00000000000005f0       0x78 ./Drivers/STM32H7xx_HAL_Driver/stm32h7xx_hal_rcc.o
 .debug_ranges  0x0000000000000668       0xe8 ./Drivers/STM32H7xx_HAL_Driver/stm32h7xx_hal_rcc_ex.o
 .debug_ranges  0x0000000000000750      0x268 ./Drivers/STM32H7xx_HAL_Driver/stm32h7xx_hal_uart.o
 .debug_ranges  0x00000000000009b8       0x98 ./Drivers/STM32H7xx_HAL_Driver/stm32h7xx_hal_uart_ex.o

.debug_macro    0x0000000000000000    0x35d0e
 .debug_macro   0x0000000000000000      0x30c ./Core/Src/main.o
 .debug_macro   0x000000000000030c      0xa90 ./Core/Src/main.o
 .debug_macro   0x0000000000000d9c      0x232 ./Core/Src/main.o
 .debug_macro   0x0000000000000fce       0x2e ./Core/Src/main.o
 .debug_macro   0x0000000000000ffc       0x3b ./Core/Src/main.o
 .debug_macro   0x0000000000001037       0x22 ./Core/Src/main.o
 .debug_macro   0x0000000000001059       0x8e ./Core/Src/main.o
 .debug_macro   0x00000000000010e7       0x51 ./Core/Src/main.o
 .debug_macro   0x0000000000001138      0x103 ./Core/Src/main.o
 .debug_macro   0x000000000000123b       0x6a ./Core/Src/main.o
 .debug_macro   0x00000000000012a5      0x1df ./Core/Src/main.o
 .debug_macro   0x0000000000001484       0x1c ./Core/Src/main.o
 .debug_macro   0x00000000000014a0       0x22 ./Core/Src/main.o
 .debug_macro   0x00000000000014c2       0xfb ./Core/Src/main.o
 .debug_macro   0x00000000000015bd     0x1305 ./Core/Src/main.o
 .debug_macro   0x00000000000028c2      0x11f ./Core/Src/main.o
 .debug_macro   0x00000000000029e1       0x27 ./Core/Src/main.o
 .debug_macro   0x0000000000002a08    0x25e77 ./Core/Src/main.o
 .debug_macro   0x000000000002887f       0x6d ./Core/Src/main.o
 .debug_macro   0x00000000000288ec     0x3d5d ./Core/Src/main.o
 .debug_macro   0x000000000002c649      0x174 ./Core/Src/main.o
 .debug_macro   0x000000000002c7bd       0x52 ./Core/Src/main.o
 .debug_macro   0x000000000002c80f       0x1d ./Core/Src/main.o
 .debug_macro   0x000000000002c82c       0x3c ./Core/Src/main.o
 .debug_macro   0x000000000002c868       0x34 ./Core/Src/main.o
 .debug_macro   0x000000000002c89c       0x16 ./Core/Src/main.o
 .debug_macro   0x000000000002c8b2       0x43 ./Core/Src/main.o
 .debug_macro   0x000000000002c8f5       0x34 ./Core/Src/main.o
 .debug_macro   0x000000000002c929       0x10 ./Core/Src/main.o
 .debug_macro   0x000000000002c939       0x58 ./Core/Src/main.o
 .debug_macro   0x000000000002c991       0x71 ./Core/Src/main.o
 .debug_macro   0x000000000002ca02       0x1c ./Core/Src/main.o
 .debug_macro   0x000000000002ca1e      0x12a ./Core/Src/main.o
 .debug_macro   0x000000000002cb48      0x341 ./Core/Src/main.o
 .debug_macro   0x000000000002ce89      0x19b ./Core/Src/main.o
 .debug_macro   0x000000000002d024       0x5d ./Core/Src/main.o
 .debug_macro   0x000000000002d081     0x240e ./Core/Src/main.o
 .debug_macro   0x000000000002f48f     0x102c ./Core/Src/main.o
 .debug_macro   0x00000000000304bb      0x154 ./Core/Src/main.o
 .debug_macro   0x000000000003060f      0x114 ./Core/Src/main.o
 .debug_macro   0x0000000000030723      0x3b2 ./Core/Src/main.o
 .debug_macro   0x0000000000030ad5       0xac ./Core/Src/main.o
 .debug_macro   0x0000000000030b81      0x72d ./Core/Src/main.o
 .debug_macro   0x00000000000312ae      0x228 ./Core/Src/main.o
 .debug_macro   0x00000000000314d6       0x66 ./Core/Src/main.o
 .debug_macro   0x000000000003153c      0x3bb ./Core/Src/main.o
 .debug_macro   0x00000000000318f7      0x3e4 ./Core/Src/main.o
 .debug_macro   0x0000000000031cdb      0x275 ./Core/Src/main.o
 .debug_macro   0x0000000000031f50      0x3ca ./Core/Src/main.o
 .debug_macro   0x000000000003231a      0x3de ./Core/Src/main.o
 .debug_macro   0x00000000000326f8       0x3c ./Core/Src/main.o
 .debug_macro   0x0000000000032734       0x4a ./Core/Src/main.o
 .debug_macro   0x000000000003277e      0x22c ./Core/Src/main.o
 .debug_macro   0x00000000000329aa       0x67 ./Core/Src/main.o
 .debug_macro   0x0000000000032a11       0xa5 ./Core/Src/main.o
 .debug_macro   0x0000000000032ab6      0x1c4 ./Core/Src/main.o
 .debug_macro   0x0000000000032c7a      0x25e ./Core/Src/main.o
 .debug_macro   0x0000000000032ed8       0x35 ./Core/Src/main.o
 .debug_macro   0x0000000000032f0d      0x693 ./Core/Src/main.o
 .debug_macro   0x00000000000335a0       0xa6 ./Core/Src/main.o
 .debug_macro   0x0000000000033646      0x5a0 ./Core/Src/main.o
 .debug_macro   0x0000000000033be6       0x4c ./Core/Src/main.o
 .debug_macro   0x0000000000033c32       0x22 ./Core/Src/main.o
 .debug_macro   0x0000000000033c54       0x16 ./Core/Src/main.o
 .debug_macro   0x0000000000033c6a       0x35 ./Core/Src/main.o
 .debug_macro   0x0000000000033c9f       0x20 ./Core/Src/main.o
 .debug_macro   0x0000000000033cbf      0x2a3 ./Core/Src/stm32h7xx_hal_msp.o
 .debug_macro   0x0000000000033f62      0x2ad ./Core/Src/stm32h7xx_it.o
 .debug_macro   0x000000000003420f      0x294 ./Core/Src/system_stm32h7xx.o
 .debug_macro   0x00000000000344a3      0x2be ./Drivers/STM32H7xx_HAL_Driver/stm32h7xx_hal.o
 .debug_macro   0x0000000000034761      0x294 ./Drivers/STM32H7xx_HAL_Driver/stm32h7xx_hal_cortex.o
 .debug_macro   0x00000000000349f5      0x2e8 ./Drivers/STM32H7xx_HAL_Driver/stm32h7xx_hal_dma.o
 .debug_macro   0x0000000000034cdd      0x29b ./Drivers/STM32H7xx_HAL_Driver/stm32h7xx_hal_gpio.o
 .debug_macro   0x0000000000034f78      0x2cd ./Drivers/STM32H7xx_HAL_Driver/stm32h7xx_hal_pwr_ex.o
 .debug_macro   0x0000000000035245      0x2b8 ./Drivers/STM32H7xx_HAL_Driver/stm32h7xx_hal_rcc.o
 .debug_macro   0x00000000000354fd      0x2b2 ./Drivers/STM32H7xx_HAL_Driver/stm32h7xx_hal_rcc_ex.o
 .debug_macro   0x00000000000357af      0x2bf ./Drivers/STM32H7xx_HAL_Driver/stm32h7xx_hal_uart.o
 .debug_macro   0x0000000000035a6e      0x2a0 ./Drivers/STM32H7xx_HAL_Driver/stm32h7xx_hal_uart_ex.o

.debug_line     0x0000000000000000    0x114bf
 .debug_line    0x0000000000000000      0xd5a ./Core/Src/main.o
 .debug_line    0x0000000000000d5a      0x9f6 ./Core/Src/stm32h7xx_hal_msp.o
 .debug_line    0x0000000000001750      0xa43 ./Core/Src/stm32h7xx_it.o
 .debug_line    0x0000000000002193      0xaff ./Core/Src/system_stm32h7xx.o
 .debug_line    0x0000000000002c92       0x88 ./Core/Startup/startup_stm32h750xbhx.o
 .debug_line    0x0000000000002d1a      0xf3a ./Drivers/STM32H7xx_HAL_Driver/stm32h7xx_hal.o
 .debug_line    0x0000000000003c54      0xf40 ./Drivers/STM32H7xx_HAL_Driver/stm32h7xx_hal_cortex.o
 .debug_line    0x0000000000004b94     0x2889 ./Drivers/STM32H7xx_HAL_Driver/stm32h7xx_hal_dma.o
 .debug_line    0x000000000000741d      0xdfd ./Drivers/STM32H7xx_HAL_Driver/stm32h7xx_hal_gpio.o
 .debug_line    0x000000000000821a     0x1054 ./Drivers/STM32H7xx_HAL_Driver/stm32h7xx_hal_pwr_ex.o
 .debug_line    0x000000000000926e     0x150a ./Drivers/STM32H7xx_HAL_Driver/stm32h7xx_hal_rcc.o
 .debug_line    0x000000000000a778     0x1dd8 ./Drivers/STM32H7xx_HAL_Driver/stm32h7xx_hal_rcc_ex.o
 .debug_line    0x000000000000c550     0x3f97 ./Drivers/STM32H7xx_HAL_Driver/stm32h7xx_hal_uart.o
 .debug_line    0x00000000000104e7      0xfd8 ./Drivers/STM32H7xx_HAL_Driver/stm32h7xx_hal_uart_ex.o

.debug_str      0x0000000000000000   0x157a35
 .debug_str     0x0000000000000000   0x154228 ./Core/Src/main.o
                                     0x1547bc (size before relaxing)
 .debug_str     0x0000000000154228      0x394 ./Core/Src/stm32h7xx_hal_msp.o
                                     0x154300 (size before relaxing)
 .debug_str     0x00000000001545bc      0x101 ./Core/Src/stm32h7xx_it.o
                                     0x153534 (size before relaxing)
 .debug_str     0x00000000001546bd      0x227 ./Core/Src/system_stm32h7xx.o
                                     0x1532bc (size before relaxing)
 .debug_str     0x00000000001548e4       0x36 ./Core/Startup/startup_stm32h750xbhx.o
                                         0x76 (size before relaxing)
 .debug_str     0x000000000015491a      0x80d ./Drivers/STM32H7xx_HAL_Driver/stm32h7xx_hal.o
                                     0x15421e (size before relaxing)
 .debug_str     0x0000000000155127      0x306 ./Drivers/STM32H7xx_HAL_Driver/stm32h7xx_hal_cortex.o
                                     0x153c21 (size before relaxing)
 .debug_str     0x000000000015542d      0x8d8 ./Drivers/STM32H7xx_HAL_Driver/stm32h7xx_hal_dma.o
                                     0x153a33 (size before relaxing)
 .debug_str     0x0000000000155d05      0x129 ./Drivers/STM32H7xx_HAL_Driver/stm32h7xx_hal_gpio.o
                                     0x1532b0 (size before relaxing)
 .debug_str     0x0000000000155e2e      0x67f ./Drivers/STM32H7xx_HAL_Driver/stm32h7xx_hal_pwr_ex.o
                                     0x153771 (size before relaxing)
 .debug_str     0x00000000001564ad      0x26b ./Drivers/STM32H7xx_HAL_Driver/stm32h7xx_hal_rcc.o
                                     0x153694 (size before relaxing)
 .debug_str     0x0000000000156718      0x688 ./Drivers/STM32H7xx_HAL_Driver/stm32h7xx_hal_rcc_ex.o
                                     0x153b75 (size before relaxing)
 .debug_str     0x0000000000156da0      0x9eb ./Drivers/STM32H7xx_HAL_Driver/stm32h7xx_hal_uart.o
                                     0x1541d5 (size before relaxing)
 .debug_str     0x000000000015778b      0x2aa ./Drivers/STM32H7xx_HAL_Driver/stm32h7xx_hal_uart_ex.o
                                     0x153795 (size before relaxing)

.comment        0x0000000000000000       0x50
 .comment       0x0000000000000000       0x50 ./Core/Src/main.o
                                         0x51 (size before relaxing)
 .comment       0x0000000000000050       0x51 ./Core/Src/stm32h7xx_hal_msp.o
 .comment       0x0000000000000050       0x51 ./Core/Src/stm32h7xx_it.o
 .comment       0x0000000000000050       0x51 ./Core/Src/system_stm32h7xx.o
 .comment       0x0000000000000050       0x51 ./Drivers/STM32H7xx_HAL_Driver/stm32h7xx_hal.o
 .comment       0x0000000000000050       0x51 ./Drivers/STM32H7xx_HAL_Driver/stm32h7xx_hal_cortex.o
 .comment       0x0000000000000050       0x51 ./Drivers/STM32H7xx_HAL_Driver/stm32h7xx_hal_dma.o
 .comment       0x0000000000000050       0x51 ./Drivers/STM32H7xx_HAL_Driver/stm32h7xx_hal_gpio.o
 .comment       0x0000000000000050       0x51 ./Drivers/STM32H7xx_HAL_Driver/stm32h7xx_hal_pwr_ex.o
 .comment       0x0000000000000050       0x51 ./Drivers/STM32H7xx_HAL_Driver/stm32h7xx_hal_rcc.o
 .comment       0x0000000000000050       0x51 ./Drivers/STM32H7xx_HAL_Driver/stm32h7xx_hal_rcc_ex.o
 .comment       0x0000000000000050       0x51 ./Drivers/STM32H7xx_HAL_Driver/stm32h7xx_hal_uart.o
 .comment       0x0000000000000050       0x51 ./Drivers/STM32H7xx_HAL_Driver/stm32h7xx_hal_uart_ex.o

.debug_frame    0x0000000000000000     0x2d34
 .debug_frame   0x0000000000000000      0x1f4 ./Core/Src/main.o
 .debug_frame   0x00000000000001f4       0x84 ./Core/Src/stm32h7xx_hal_msp.o
 .debug_frame   0x0000000000000278      0x13c ./Core/Src/stm32h7xx_it.o
 .debug_frame   0x00000000000003b4       0x58 ./Core/Src/system_stm32h7xx.o
 .debug_frame   0x000000000000040c      0x690 ./Drivers/STM32H7xx_HAL_Driver/stm32h7xx_hal.o
 .debug_frame   0x0000000000000a9c      0x4b8 ./Drivers/STM32H7xx_HAL_Driver/stm32h7xx_hal_cortex.o
 .debug_frame   0x0000000000000f54      0x2b4 ./Drivers/STM32H7xx_HAL_Driver/stm32h7xx_hal_dma.o
 .debug_frame   0x0000000000001208      0x14c ./Drivers/STM32H7xx_HAL_Driver/stm32h7xx_hal_gpio.o
 .debug_frame   0x0000000000001354      0x580 ./Drivers/STM32H7xx_HAL_Driver/stm32h7xx_hal_pwr_ex.o
 .debug_frame   0x00000000000018d4      0x1f8 ./Drivers/STM32H7xx_HAL_Driver/stm32h7xx_hal_rcc.o
 .debug_frame   0x0000000000001acc      0x414 ./Drivers/STM32H7xx_HAL_Driver/stm32h7xx_hal_rcc_ex.o
 .debug_frame   0x0000000000001ee0      0xa94 ./Drivers/STM32H7xx_HAL_Driver/stm32h7xx_hal_uart.o
 .debug_frame   0x0000000000002974      0x2c0 ./Drivers/STM32H7xx_HAL_Driver/stm32h7xx_hal_uart_ex.o
 .debug_frame   0x0000000000002c34       0x2c /Applications/STM32CubeIDE.app/Contents/Eclipse/plugins/com.st.stm32cube.ide.mcu.externaltools.gnu-tools-for-stm32.10.3-2021.10.macos64_1.0.200.202301161003/tools/bin/../lib/gcc/arm-none-eabi/10.3.1/../../../../arm-none-eabi/lib/thumb/v7e-m+dp/hard/libc_nano.a(lib_a-init.o)
 .debug_frame   0x0000000000002c60       0x20 /Applications/STM32CubeIDE.app/Contents/Eclipse/plugins/com.st.stm32cube.ide.mcu.externaltools.gnu-tools-for-stm32.10.3-2021.10.macos64_1.0.200.202301161003/tools/bin/../lib/gcc/arm-none-eabi/10.3.1/../../../../arm-none-eabi/lib/thumb/v7e-m+dp/hard/libc_nano.a(lib_a-memset.o)
 .debug_frame   0x0000000000002c80       0x28 /Applications/STM32CubeIDE.app/Contents/Eclipse/plugins/com.st.stm32cube.ide.mcu.externaltools.gnu-tools-for-stm32.10.3-2021.10.macos64_1.0.200.202301161003/tools/bin/../lib/gcc/arm-none-eabi/10.3.1/../../../../arm-none-eabi/lib/thumb/v7e-m+dp/hard/libc_nano.a(lib_a-strcat.o)
 .debug_frame   0x0000000000002ca8       0x2c /Applications/STM32CubeIDE.app/Contents/Eclipse/plugins/com.st.stm32cube.ide.mcu.externaltools.gnu-tools-for-stm32.10.3-2021.10.macos64_1.0.200.202301161003/tools/bin/../lib/gcc/arm-none-eabi/10.3.1/../../../../arm-none-eabi/lib/thumb/v7e-m+dp/hard/libc_nano.a(lib_a-strstr.o)
 .debug_frame   0x0000000000002cd4       0x2c /Applications/STM32CubeIDE.app/Contents/Eclipse/plugins/com.st.stm32cube.ide.mcu.externaltools.gnu-tools-for-stm32.10.3-2021.10.macos64_1.0.200.202301161003/tools/bin/../lib/gcc/arm-none-eabi/10.3.1/thumb/v7e-m+dp/hard/libgcc.a(_aeabi_uldivmod.o)
 .debug_frame   0x0000000000002d00       0x34 /Applications/STM32CubeIDE.app/Contents/Eclipse/plugins/com.st.stm32cube.ide.mcu.externaltools.gnu-tools-for-stm32.10.3-2021.10.macos64_1.0.200.202301161003/tools/bin/../lib/gcc/arm-none-eabi/10.3.1/thumb/v7e-m+dp/hard/libgcc.a(_udivmoddi4.o)
