18:36:12 **** Incremental Build of configuration Debug for project onlab ****
make -j7 all 
arm-none-eabi-gcc "../Core/Src/main.c" -mcpu=cortex-m7 -std=gnu11 -g3 -DDEBUG -DUSE_HAL_DRIVER -DSTM32H750xx -c -I../Core/Inc -I/Users/dominikpapp/STM32Cube/Repository/STM32Cube_FW_H7_V1.11.0/Drivers/STM32H7xx_HAL_Driver/Inc -I/Users/dominikpapp/STM32Cube/Repository/STM32Cube_FW_H7_V1.11.0/Drivers/STM32H7xx_HAL_Driver/Inc/Legacy -I/Users/dominikpapp/STM32Cube/Repository/STM32Cube_FW_H7_V1.11.0/Drivers/CMSIS/Device/ST/STM32H7xx/Include -I/Users/dominikpapp/STM32Cube/Repository/STM32Cube_FW_H7_V1.11.0/Drivers/CMSIS/Include -O0 -ffunction-sections -fdata-sections -Wall -fstack-usage -fcyclomatic-complexity -MMD -MP -MF"Core/Src/main.d" -MT"Core/Src/main.o" --specs=nano.specs -mfpu=fpv5-d16 -mfloat-abi=hard -mthumb -o "Core/Src/main.o"
arm-none-eabi-gcc -o "onlab.elf" @"objects.list"   -mcpu=cortex-m7 -T"/Users/dominikpapp/Desktop/egyetem/6felev/onlab/IDE/onlab/STM32H750XBHX_FLASH.ld" --specs=nosys.specs -Wl,-Map="onlab.map" -Wl,--gc-sections -static --specs=nano.specs -mfpu=fpv5-d16 -mfloat-abi=hard -mthumb -Wl,--start-group -lc -lm -Wl,--end-group
Finished building target: onlab.elf
 
arm-none-eabi-size   onlab.elf 
arm-none-eabi-objdump -h -S  onlab.elf  > "onlab.list"
   text	   data	    bss	    dec	    hex	filename
  31080	     28	   2380	  33488	   82d0	onlab.elf
Finished building: default.size.stdout
 
Finished building: onlab.list
 
18:36:36 **** Incremental Build of configuration Debug for project onlab ****
make -j7 all 
arm-none-eabi-size   onlab.elf 
   text	   data	    bss	    dec	    hex	filename
  31080	     28	   2380	  33488	   82d0	onlab.elf
Finished building: default.size.stdout
 
18:39:55 **** Incremental Build of configuration Debug for project onlab ****
make -j7 all 
arm-none-eabi-gcc "../Core/Src/main.c" -mcpu=cortex-m7 -std=gnu11 -g3 -DDEBUG -DUSE_HAL_DRIVER -DSTM32H750xx -c -I../Core/Inc -I/Users/dominikpapp/STM32Cube/Repository/STM32Cube_FW_H7_V1.11.0/Drivers/STM32H7xx_HAL_Driver/Inc -I/Users/dominikpapp/STM32Cube/Repository/STM32Cube_FW_H7_V1.11.0/Drivers/STM32H7xx_HAL_Driver/Inc/Legacy -I/Users/dominikpapp/STM32Cube/Repository/STM32Cube_FW_H7_V1.11.0/Drivers/CMSIS/Device/ST/STM32H7xx/Include -I/Users/dominikpapp/STM32Cube/Repository/STM32Cube_FW_H7_V1.11.0/Drivers/CMSIS/Include -O0 -ffunction-sections -fdata-sections -Wall -fstack-usage -fcyclomatic-complexity -MMD -MP -MF"Core/Src/main.d" -MT"Core/Src/main.o" --specs=nano.specs -mfpu=fpv5-d16 -mfloat-abi=hard -mthumb -o "Core/Src/main.o"
arm-none-eabi-gcc -o "onlab.elf" @"objects.list"   -mcpu=cortex-m7 -T"/Users/dominikpapp/Desktop/egyetem/6felev/onlab/IDE/onlab/STM32H750XBHX_FLASH.ld" --specs=nosys.specs -Wl,-Map="onlab.map" -Wl,--gc-sections -static --specs=nano.specs -mfpu=fpv5-d16 -mfloat-abi=hard -mthumb -Wl,--start-group -lc -lm -Wl,--end-group
Finished building target: onlab.elf
 
arm-none-eabi-size   onlab.elf 
arm-none-eabi-objdump -h -S  onlab.elf  > "onlab.list"
   text	   data	    bss	    dec	    hex	filename
  31080	     28	   2380	  33488	   82d0	onlab.elf
Finished building: default.size.stdout
 
Finished building: onlab.list
 
18:41:52 **** Incremental Build of configuration Debug for project onlab ****
make -j7 all 
arm-none-eabi-gcc "../Core/Src/main.c" -mcpu=cortex-m7 -std=gnu11 -g3 -DDEBUG -DUSE_HAL_DRIVER -DSTM32H750xx -c -I../Core/Inc -I/Users/dominikpapp/STM32Cube/Repository/STM32Cube_FW_H7_V1.11.0/Drivers/STM32H7xx_HAL_Driver/Inc -I/Users/dominikpapp/STM32Cube/Repository/STM32Cube_FW_H7_V1.11.0/Drivers/STM32H7xx_HAL_Driver/Inc/Legacy -I/Users/dominikpapp/STM32Cube/Repository/STM32Cube_FW_H7_V1.11.0/Drivers/CMSIS/Device/ST/STM32H7xx/Include -I/Users/dominikpapp/STM32Cube/Repository/STM32Cube_FW_H7_V1.11.0/Drivers/CMSIS/Include -O0 -ffunction-sections -fdata-sections -Wall -fstack-usage -fcyclomatic-complexity -MMD -MP -MF"Core/Src/main.d" -MT"Core/Src/main.o" --specs=nano.specs -mfpu=fpv5-d16 -mfloat-abi=hard -mthumb -o "Core/Src/main.o"
In file included from /Users/dominikpapp/STM32Cube/Repository/STM32Cube_FW_H7_V1.11.0/Drivers/CMSIS/Device/ST/STM32H7xx/Include/stm32h750xx.h:224,
                 from /Users/dominikpapp/STM32Cube/Repository/STM32Cube_FW_H7_V1.11.0/Drivers/CMSIS/Device/ST/STM32H7xx/Include/stm32h7xx.h:129,
                 from /Users/dominikpapp/STM32Cube/Repository/STM32Cube_FW_H7_V1.11.0/Drivers/STM32H7xx_HAL_Driver/Inc/stm32h7xx_hal_def.h:29,
                 from /Users/dominikpapp/STM32Cube/Repository/STM32Cube_FW_H7_V1.11.0/Drivers/STM32H7xx_HAL_Driver/Inc/stm32h7xx_hal_rcc.h:27,
                 from ../Core/Inc/stm32h7xx_hal_conf.h:247,
                 from /Users/dominikpapp/STM32Cube/Repository/STM32Cube_FW_H7_V1.11.0/Drivers/STM32H7xx_HAL_Driver/Inc/stm32h7xx_hal.h:29,
                 from ../Core/Inc/main.h:30,
                 from ../Core/Src/main.c:20:
../Core/Src/main.c: In function 'main':
/Users/dominikpapp/STM32Cube/Repository/STM32Cube_FW_H7_V1.11.0/Drivers/CMSIS/Include/core_cm7.h:1779:29: warning: statement with no effect [-Wunused-value]
 1779 | #define SysTick             ((SysTick_Type   *)     SysTick_BASE  )   /*!< SysTick configuration struct */
      |                             ^
../Core/Src/main.c:107:3: note: in expansion of macro 'SysTick'
  107 |   SysTick
      |   ^~~~~~~
../Core/Src/main.c:111:3: error: expected ';' before 'MX_GPIO_Init'
  111 |   MX_GPIO_Init();
      |   ^~~~~~~~~~~~
At top level:
../Core/Src/main.c:278:13: warning: 'MX_GPIO_Init' defined but not used [-Wunused-function]
  278 | static void MX_GPIO_Init(void)
      |             ^~~~~~~~~~~~
make: *** [Core/Src/subdir.mk:34: Core/Src/main.o] Error 1
"make -j7 all" terminated with exit code 2. Build might be incomplete.
18:42:20 **** Incremental Build of configuration Debug for project onlab ****
make -j7 all 
arm-none-eabi-gcc "../Core/Src/main.c" -mcpu=cortex-m7 -std=gnu11 -g3 -DDEBUG -DUSE_HAL_DRIVER -DSTM32H750xx -c -I../Core/Inc -I/Users/dominikpapp/STM32Cube/Repository/STM32Cube_FW_H7_V1.11.0/Drivers/STM32H7xx_HAL_Driver/Inc -I/Users/dominikpapp/STM32Cube/Repository/STM32Cube_FW_H7_V1.11.0/Drivers/STM32H7xx_HAL_Driver/Inc/Legacy -I/Users/dominikpapp/STM32Cube/Repository/STM32Cube_FW_H7_V1.11.0/Drivers/CMSIS/Device/ST/STM32H7xx/Include -I/Users/dominikpapp/STM32Cube/Repository/STM32Cube_FW_H7_V1.11.0/Drivers/CMSIS/Include -O0 -ffunction-sections -fdata-sections -Wall -fstack-usage -fcyclomatic-complexity -MMD -MP -MF"Core/Src/main.d" -MT"Core/Src/main.o" --specs=nano.specs -mfpu=fpv5-d16 -mfloat-abi=hard -mthumb -o "Core/Src/main.o"
In file included from /Users/dominikpapp/STM32Cube/Repository/STM32Cube_FW_H7_V1.11.0/Drivers/CMSIS/Device/ST/STM32H7xx/Include/stm32h750xx.h:224,
                 from /Users/dominikpapp/STM32Cube/Repository/STM32Cube_FW_H7_V1.11.0/Drivers/CMSIS/Device/ST/STM32H7xx/Include/stm32h7xx.h:129,
                 from /Users/dominikpapp/STM32Cube/Repository/STM32Cube_FW_H7_V1.11.0/Drivers/STM32H7xx_HAL_Driver/Inc/stm32h7xx_hal_def.h:29,
                 from /Users/dominikpapp/STM32Cube/Repository/STM32Cube_FW_H7_V1.11.0/Drivers/STM32H7xx_HAL_Driver/Inc/stm32h7xx_hal_rcc.h:27,
                 from ../Core/Inc/stm32h7xx_hal_conf.h:247,
                 from /Users/dominikpapp/STM32Cube/Repository/STM32Cube_FW_H7_V1.11.0/Drivers/STM32H7xx_HAL_Driver/Inc/stm32h7xx_hal.h:29,
                 from ../Core/Inc/main.h:30,
                 from ../Core/Src/main.c:20:
../Core/Src/main.c: In function 'main':
/Users/dominikpapp/STM32Cube/Repository/STM32Cube_FW_H7_V1.11.0/Drivers/CMSIS/Include/core_cm7.h:1779:29: warning: statement with no effect [-Wunused-value]
 1779 | #define SysTick             ((SysTick_Type   *)     SysTick_BASE  )   /*!< SysTick configuration struct */
      |                             ^
../Core/Src/main.c:107:3: note: in expansion of macro 'SysTick'
  107 |   SysTick
      |   ^~~~~~~
../Core/Src/main.c:111:3: error: expected ';' before 'MX_GPIO_Init'
  111 |   MX_GPIO_Init();
      |   ^~~~~~~~~~~~
At top level:
../Core/Src/main.c:278:13: warning: 'MX_GPIO_Init' defined but not used [-Wunused-function]
  278 | static void MX_GPIO_Init(void)
      |             ^~~~~~~~~~~~
make: *** [Core/Src/subdir.mk:34: Core/Src/main.o] Error 1
"make -j7 all" terminated with exit code 2. Build might be incomplete.
18:42:32 **** Incremental Build of configuration Debug for project onlab ****
make -j7 all 
arm-none-eabi-gcc "../Core/Src/main.c" -mcpu=cortex-m7 -std=gnu11 -g3 -DDEBUG -DUSE_HAL_DRIVER -DSTM32H750xx -c -I../Core/Inc -I/Users/dominikpapp/STM32Cube/Repository/STM32Cube_FW_H7_V1.11.0/Drivers/STM32H7xx_HAL_Driver/Inc -I/Users/dominikpapp/STM32Cube/Repository/STM32Cube_FW_H7_V1.11.0/Drivers/STM32H7xx_HAL_Driver/Inc/Legacy -I/Users/dominikpapp/STM32Cube/Repository/STM32Cube_FW_H7_V1.11.0/Drivers/CMSIS/Device/ST/STM32H7xx/Include -I/Users/dominikpapp/STM32Cube/Repository/STM32Cube_FW_H7_V1.11.0/Drivers/CMSIS/Include -O0 -ffunction-sections -fdata-sections -Wall -fstack-usage -fcyclomatic-complexity -MMD -MP -MF"Core/Src/main.d" -MT"Core/Src/main.o" --specs=nano.specs -mfpu=fpv5-d16 -mfloat-abi=hard -mthumb -o "Core/Src/main.o"
arm-none-eabi-gcc -o "onlab.elf" @"objects.list"   -mcpu=cortex-m7 -T"/Users/dominikpapp/Desktop/egyetem/6felev/onlab/IDE/onlab/STM32H750XBHX_FLASH.ld" --specs=nosys.specs -Wl,-Map="onlab.map" -Wl,--gc-sections -static --specs=nano.specs -mfpu=fpv5-d16 -mfloat-abi=hard -mthumb -Wl,--start-group -lc -lm -Wl,--end-group
Finished building target: onlab.elf
 
arm-none-eabi-size   onlab.elf 
arm-none-eabi-objdump -h -S  onlab.elf  > "onlab.list"
   text	   data	    bss	    dec	    hex	filename
  31092	     28	   2380	  33500	   82dc	onlab.elf
Finished building: default.size.stdout
 
Finished building: onlab.list
 
18:45:59 **** Incremental Build of configuration Debug for project onlab ****
make -j7 all 
arm-none-eabi-gcc "../Core/Src/main.c" -mcpu=cortex-m7 -std=gnu11 -g3 -DDEBUG -DUSE_HAL_DRIVER -DSTM32H750xx -c -I../Core/Inc -I/Users/dominikpapp/STM32Cube/Repository/STM32Cube_FW_H7_V1.11.0/Drivers/STM32H7xx_HAL_Driver/Inc -I/Users/dominikpapp/STM32Cube/Repository/STM32Cube_FW_H7_V1.11.0/Drivers/STM32H7xx_HAL_Driver/Inc/Legacy -I/Users/dominikpapp/STM32Cube/Repository/STM32Cube_FW_H7_V1.11.0/Drivers/CMSIS/Device/ST/STM32H7xx/Include -I/Users/dominikpapp/STM32Cube/Repository/STM32Cube_FW_H7_V1.11.0/Drivers/CMSIS/Include -O0 -ffunction-sections -fdata-sections -Wall -fstack-usage -fcyclomatic-complexity -MMD -MP -MF"Core/Src/main.d" -MT"Core/Src/main.o" --specs=nano.specs -mfpu=fpv5-d16 -mfloat-abi=hard -mthumb -o "Core/Src/main.o"
arm-none-eabi-gcc -o "onlab.elf" @"objects.list"   -mcpu=cortex-m7 -T"/Users/dominikpapp/Desktop/egyetem/6felev/onlab/IDE/onlab/STM32H750XBHX_FLASH.ld" --specs=nosys.specs -Wl,-Map="onlab.map" -Wl,--gc-sections -static --specs=nano.specs -mfpu=fpv5-d16 -mfloat-abi=hard -mthumb -Wl,--start-group -lc -lm -Wl,--end-group
Finished building target: onlab.elf
 
arm-none-eabi-size   onlab.elf 
arm-none-eabi-objdump -h -S  onlab.elf  > "onlab.list"
   text	   data	    bss	    dec	    hex	filename
  31116	     28	   2380	  33524	   82f4	onlab.elf
Finished building: default.size.stdout
 
Finished building: onlab.list
 
18:48:43 **** Incremental Build of configuration Debug for project onlab ****
make -j7 all 
arm-none-eabi-gcc "../Core/Src/main.c" -mcpu=cortex-m7 -std=gnu11 -g3 -DDEBUG -DUSE_HAL_DRIVER -DSTM32H750xx -c -I../Core/Inc -I/Users/dominikpapp/STM32Cube/Repository/STM32Cube_FW_H7_V1.11.0/Drivers/STM32H7xx_HAL_Driver/Inc -I/Users/dominikpapp/STM32Cube/Repository/STM32Cube_FW_H7_V1.11.0/Drivers/STM32H7xx_HAL_Driver/Inc/Legacy -I/Users/dominikpapp/STM32Cube/Repository/STM32Cube_FW_H7_V1.11.0/Drivers/CMSIS/Device/ST/STM32H7xx/Include -I/Users/dominikpapp/STM32Cube/Repository/STM32Cube_FW_H7_V1.11.0/Drivers/CMSIS/Include -O0 -ffunction-sections -fdata-sections -Wall -fstack-usage -fcyclomatic-complexity -MMD -MP -MF"Core/Src/main.d" -MT"Core/Src/main.o" --specs=nano.specs -mfpu=fpv5-d16 -mfloat-abi=hard -mthumb -o "Core/Src/main.o"
../Core/Src/main.c:61:8: warning: type defaults to 'int' in declaration of 'uwTick' [-Wimplicit-int]
   61 | extern uwTick;
      |        ^~~~~~
../Core/Src/main.c:61:8: error: conflicting type qualifiers for 'uwTick'
In file included from ../Core/Inc/main.h:30,
                 from ../Core/Src/main.c:20:
/Users/dominikpapp/STM32Cube/Repository/STM32Cube_FW_H7_V1.11.0/Drivers/STM32H7xx_HAL_Driver/Inc/stm32h7xx_hal.h:1044:22: note: previous declaration of 'uwTick' was here
 1044 | extern __IO uint32_t uwTick;
      |                      ^~~~~~
make: *** [Core/Src/subdir.mk:34: Core/Src/main.o] Error 1
"make -j7 all" terminated with exit code 2. Build might be incomplete.
18:49:19 **** Incremental Build of configuration Debug for project onlab ****
make -j7 all 
arm-none-eabi-gcc "../Core/Src/main.c" -mcpu=cortex-m7 -std=gnu11 -g3 -DDEBUG -DUSE_HAL_DRIVER -DSTM32H750xx -c -I../Core/Inc -I/Users/dominikpapp/STM32Cube/Repository/STM32Cube_FW_H7_V1.11.0/Drivers/STM32H7xx_HAL_Driver/Inc -I/Users/dominikpapp/STM32Cube/Repository/STM32Cube_FW_H7_V1.11.0/Drivers/STM32H7xx_HAL_Driver/Inc/Legacy -I/Users/dominikpapp/STM32Cube/Repository/STM32Cube_FW_H7_V1.11.0/Drivers/CMSIS/Device/ST/STM32H7xx/Include -I/Users/dominikpapp/STM32Cube/Repository/STM32Cube_FW_H7_V1.11.0/Drivers/CMSIS/Include -O0 -ffunction-sections -fdata-sections -Wall -fstack-usage -fcyclomatic-complexity -MMD -MP -MF"Core/Src/main.d" -MT"Core/Src/main.o" --specs=nano.specs -mfpu=fpv5-d16 -mfloat-abi=hard -mthumb -o "Core/Src/main.o"
arm-none-eabi-gcc -o "onlab.elf" @"objects.list"   -mcpu=cortex-m7 -T"/Users/dominikpapp/Desktop/egyetem/6felev/onlab/IDE/onlab/STM32H750XBHX_FLASH.ld" --specs=nosys.specs -Wl,-Map="onlab.map" -Wl,--gc-sections -static --specs=nano.specs -mfpu=fpv5-d16 -mfloat-abi=hard -mthumb -Wl,--start-group -lc -lm -Wl,--end-group
Finished building target: onlab.elf
 
arm-none-eabi-size   onlab.elf 
arm-none-eabi-objdump -h -S  onlab.elf  > "onlab.list"
   text	   data	    bss	    dec	    hex	filename
  31116	     28	   2380	  33524	   82f4	onlab.elf
Finished building: default.size.stdout
 
Finished building: onlab.list
 
18:50:12 **** Incremental Build of configuration Debug for project onlab ****
make -j7 all 
arm-none-eabi-size   onlab.elf 
   text	   data	    bss	    dec	    hex	filename
  31116	     28	   2380	  33524	   82f4	onlab.elf
Finished building: default.size.stdout
 
18:52:50 **** Incremental Build of configuration Debug for project onlab ****
make -j7 all 
arm-none-eabi-size   onlab.elf 
   text	   data	    bss	    dec	    hex	filename
  31116	     28	   2380	  33524	   82f4	onlab.elf
Finished building: default.size.stdout
 
18:56:02 **** Incremental Build of configuration Debug for project onlab ****
make -j7 all 
arm-none-eabi-gcc "../Core/Src/main.c" -mcpu=cortex-m7 -std=gnu11 -g3 -DDEBUG -DUSE_HAL_DRIVER -DSTM32H750xx -c -I../Core/Inc -I/Users/dominikpapp/STM32Cube/Repository/STM32Cube_FW_H7_V1.11.0/Drivers/STM32H7xx_HAL_Driver/Inc -I/Users/dominikpapp/STM32Cube/Repository/STM32Cube_FW_H7_V1.11.0/Drivers/STM32H7xx_HAL_Driver/Inc/Legacy -I/Users/dominikpapp/STM32Cube/Repository/STM32Cube_FW_H7_V1.11.0/Drivers/CMSIS/Device/ST/STM32H7xx/Include -I/Users/dominikpapp/STM32Cube/Repository/STM32Cube_FW_H7_V1.11.0/Drivers/CMSIS/Include -O0 -ffunction-sections -fdata-sections -Wall -fstack-usage -fcyclomatic-complexity -MMD -MP -MF"Core/Src/main.d" -MT"Core/Src/main.o" --specs=nano.specs -mfpu=fpv5-d16 -mfloat-abi=hard -mthumb -o "Core/Src/main.o"
arm-none-eabi-gcc -o "onlab.elf" @"objects.list"   -mcpu=cortex-m7 -T"/Users/dominikpapp/Desktop/egyetem/6felev/onlab/IDE/onlab/STM32H750XBHX_FLASH.ld" --specs=nosys.specs -Wl,-Map="onlab.map" -Wl,--gc-sections -static --specs=nano.specs -mfpu=fpv5-d16 -mfloat-abi=hard -mthumb -Wl,--start-group -lc -lm -Wl,--end-group
Finished building target: onlab.elf
 
arm-none-eabi-size   onlab.elf 
arm-none-eabi-objdump -h -S  onlab.elf  > "onlab.list"
   text	   data	    bss	    dec	    hex	filename
  31104	     28	   2380	  33512	   82e8	onlab.elf
Finished building: default.size.stdout
 
Finished building: onlab.list
 
18:56:41 **** Incremental Build of configuration Debug for project onlab ****
make -j7 all 
arm-none-eabi-size   onlab.elf 
   text	   data	    bss	    dec	    hex	filename
  31104	     28	   2380	  33512	   82e8	onlab.elf
Finished building: default.size.stdout
 
18:57:22 **** Incremental Build of configuration Debug for project onlab ****
make -j7 all 
arm-none-eabi-size   onlab.elf 
   text	   data	    bss	    dec	    hex	filename
  31104	     28	   2380	  33512	   82e8	onlab.elf
Finished building: default.size.stdout
 
19:02:35 **** Incremental Build of configuration Debug for project onlab ****
make -j7 all 
arm-none-eabi-gcc "../Core/Src/main.c" -mcpu=cortex-m7 -std=gnu11 -g3 -DDEBUG -DUSE_HAL_DRIVER -DSTM32H750xx -c -I../Core/Inc -I/Users/dominikpapp/STM32Cube/Repository/STM32Cube_FW_H7_V1.11.0/Drivers/STM32H7xx_HAL_Driver/Inc -I/Users/dominikpapp/STM32Cube/Repository/STM32Cube_FW_H7_V1.11.0/Drivers/STM32H7xx_HAL_Driver/Inc/Legacy -I/Users/dominikpapp/STM32Cube/Repository/STM32Cube_FW_H7_V1.11.0/Drivers/CMSIS/Device/ST/STM32H7xx/Include -I/Users/dominikpapp/STM32Cube/Repository/STM32Cube_FW_H7_V1.11.0/Drivers/CMSIS/Include -O0 -ffunction-sections -fdata-sections -Wall -fstack-usage -fcyclomatic-complexity -MMD -MP -MF"Core/Src/main.d" -MT"Core/Src/main.o" --specs=nano.specs -mfpu=fpv5-d16 -mfloat-abi=hard -mthumb -o "Core/Src/main.o"
arm-none-eabi-gcc -o "onlab.elf" @"objects.list"   -mcpu=cortex-m7 -T"/Users/dominikpapp/Desktop/egyetem/6felev/onlab/IDE/onlab/STM32H750XBHX_FLASH.ld" --specs=nosys.specs -Wl,-Map="onlab.map" -Wl,--gc-sections -static --specs=nano.specs -mfpu=fpv5-d16 -mfloat-abi=hard -mthumb -Wl,--start-group -lc -lm -Wl,--end-group
Finished building target: onlab.elf
 
arm-none-eabi-size   onlab.elf 
arm-none-eabi-objdump -h -S  onlab.elf  > "onlab.list"
   text	   data	    bss	    dec	    hex	filename
  30948	     28	   2380	  33356	   824c	onlab.elf
Finished building: default.size.stdout
 
Finished building: onlab.list
 
19:05:13 **** Incremental Build of configuration Debug for project onlab ****
make -j7 all 
arm-none-eabi-gcc "../Core/Src/main.c" -mcpu=cortex-m7 -std=gnu11 -g3 -DDEBUG -DUSE_HAL_DRIVER -DSTM32H750xx -c -I../Core/Inc -I/Users/dominikpapp/STM32Cube/Repository/STM32Cube_FW_H7_V1.11.0/Drivers/STM32H7xx_HAL_Driver/Inc -I/Users/dominikpapp/STM32Cube/Repository/STM32Cube_FW_H7_V1.11.0/Drivers/STM32H7xx_HAL_Driver/Inc/Legacy -I/Users/dominikpapp/STM32Cube/Repository/STM32Cube_FW_H7_V1.11.0/Drivers/CMSIS/Device/ST/STM32H7xx/Include -I/Users/dominikpapp/STM32Cube/Repository/STM32Cube_FW_H7_V1.11.0/Drivers/CMSIS/Include -O0 -ffunction-sections -fdata-sections -Wall -fstack-usage -fcyclomatic-complexity -MMD -MP -MF"Core/Src/main.d" -MT"Core/Src/main.o" --specs=nano.specs -mfpu=fpv5-d16 -mfloat-abi=hard -mthumb -o "Core/Src/main.o"
arm-none-eabi-gcc -o "onlab.elf" @"objects.list"   -mcpu=cortex-m7 -T"/Users/dominikpapp/Desktop/egyetem/6felev/onlab/IDE/onlab/STM32H750XBHX_FLASH.ld" --specs=nosys.specs -Wl,-Map="onlab.map" -Wl,--gc-sections -static --specs=nano.specs -mfpu=fpv5-d16 -mfloat-abi=hard -mthumb -Wl,--start-group -lc -lm -Wl,--end-group
Finished building target: onlab.elf
 
arm-none-eabi-size   onlab.elf 
arm-none-eabi-objdump -h -S  onlab.elf  > "onlab.list"
   text	   data	    bss	    dec	    hex	filename
  30948	     28	   2380	  33356	   824c	onlab.elf
Finished building: default.size.stdout
 
Finished building: onlab.list
 
19:05:44 **** Incremental Build of configuration Debug for project onlab ****
make -j7 all 
arm-none-eabi-size   onlab.elf 
   text	   data	    bss	    dec	    hex	filename
  30948	     28	   2380	  33356	   824c	onlab.elf
Finished building: default.size.stdout
 
19:07:42 **** Incremental Build of configuration Debug for project onlab ****
make -j7 all 
arm-none-eabi-gcc "../Core/Src/main.c" -mcpu=cortex-m7 -std=gnu11 -g3 -DDEBUG -DUSE_HAL_DRIVER -DSTM32H750xx -c -I../Core/Inc -I/Users/dominikpapp/STM32Cube/Repository/STM32Cube_FW_H7_V1.11.0/Drivers/STM32H7xx_HAL_Driver/Inc -I/Users/dominikpapp/STM32Cube/Repository/STM32Cube_FW_H7_V1.11.0/Drivers/STM32H7xx_HAL_Driver/Inc/Legacy -I/Users/dominikpapp/STM32Cube/Repository/STM32Cube_FW_H7_V1.11.0/Drivers/CMSIS/Device/ST/STM32H7xx/Include -I/Users/dominikpapp/STM32Cube/Repository/STM32Cube_FW_H7_V1.11.0/Drivers/CMSIS/Include -O0 -ffunction-sections -fdata-sections -Wall -fstack-usage -fcyclomatic-complexity -MMD -MP -MF"Core/Src/main.d" -MT"Core/Src/main.o" --specs=nano.specs -mfpu=fpv5-d16 -mfloat-abi=hard -mthumb -o "Core/Src/main.o"
arm-none-eabi-gcc -o "onlab.elf" @"objects.list"   -mcpu=cortex-m7 -T"/Users/dominikpapp/Desktop/egyetem/6felev/onlab/IDE/onlab/STM32H750XBHX_FLASH.ld" --specs=nosys.specs -Wl,-Map="onlab.map" -Wl,--gc-sections -static --specs=nano.specs -mfpu=fpv5-d16 -mfloat-abi=hard -mthumb -Wl,--start-group -lc -lm -Wl,--end-group
Finished building target: onlab.elf
 
arm-none-eabi-size   onlab.elf 
arm-none-eabi-objdump -h -S  onlab.elf  > "onlab.list"
   text	   data	    bss	    dec	    hex	filename
  30972	     28	   2380	  33380	   8264	onlab.elf
Finished building: default.size.stdout
 
Finished building: onlab.list
 
19:10:49 **** Incremental Build of configuration Debug for project onlab ****
make -j7 all 
arm-none-eabi-gcc "../Core/Src/main.c" -mcpu=cortex-m7 -std=gnu11 -g3 -DDEBUG -DUSE_HAL_DRIVER -DSTM32H750xx -c -I../Core/Inc -I/Users/dominikpapp/STM32Cube/Repository/STM32Cube_FW_H7_V1.11.0/Drivers/STM32H7xx_HAL_Driver/Inc -I/Users/dominikpapp/STM32Cube/Repository/STM32Cube_FW_H7_V1.11.0/Drivers/STM32H7xx_HAL_Driver/Inc/Legacy -I/Users/dominikpapp/STM32Cube/Repository/STM32Cube_FW_H7_V1.11.0/Drivers/CMSIS/Device/ST/STM32H7xx/Include -I/Users/dominikpapp/STM32Cube/Repository/STM32Cube_FW_H7_V1.11.0/Drivers/CMSIS/Include -O0 -ffunction-sections -fdata-sections -Wall -fstack-usage -fcyclomatic-complexity -MMD -MP -MF"Core/Src/main.d" -MT"Core/Src/main.o" --specs=nano.specs -mfpu=fpv5-d16 -mfloat-abi=hard -mthumb -o "Core/Src/main.o"
arm-none-eabi-gcc -o "onlab.elf" @"objects.list"   -mcpu=cortex-m7 -T"/Users/dominikpapp/Desktop/egyetem/6felev/onlab/IDE/onlab/STM32H750XBHX_FLASH.ld" --specs=nosys.specs -Wl,-Map="onlab.map" -Wl,--gc-sections -static --specs=nano.specs -mfpu=fpv5-d16 -mfloat-abi=hard -mthumb -Wl,--start-group -lc -lm -Wl,--end-group
Finished building target: onlab.elf
 
arm-none-eabi-size   onlab.elf 
arm-none-eabi-objdump -h -S  onlab.elf  > "onlab.list"
   text	   data	    bss	    dec	    hex	filename
  30960	     28	   2380	  33368	   8258	onlab.elf
Finished building: default.size.stdout
 
Finished building: onlab.list
 
19:12:34 **** Incremental Build of configuration Debug for project onlab ****
make -j7 all 
arm-none-eabi-gcc "../Core/Src/main.c" -mcpu=cortex-m7 -std=gnu11 -g3 -DDEBUG -DUSE_HAL_DRIVER -DSTM32H750xx -c -I../Core/Inc -I/Users/dominikpapp/STM32Cube/Repository/STM32Cube_FW_H7_V1.11.0/Drivers/STM32H7xx_HAL_Driver/Inc -I/Users/dominikpapp/STM32Cube/Repository/STM32Cube_FW_H7_V1.11.0/Drivers/STM32H7xx_HAL_Driver/Inc/Legacy -I/Users/dominikpapp/STM32Cube/Repository/STM32Cube_FW_H7_V1.11.0/Drivers/CMSIS/Device/ST/STM32H7xx/Include -I/Users/dominikpapp/STM32Cube/Repository/STM32Cube_FW_H7_V1.11.0/Drivers/CMSIS/Include -O0 -ffunction-sections -fdata-sections -Wall -fstack-usage -fcyclomatic-complexity -MMD -MP -MF"Core/Src/main.d" -MT"Core/Src/main.o" --specs=nano.specs -mfpu=fpv5-d16 -mfloat-abi=hard -mthumb -o "Core/Src/main.o"
arm-none-eabi-gcc -o "onlab.elf" @"objects.list"   -mcpu=cortex-m7 -T"/Users/dominikpapp/Desktop/egyetem/6felev/onlab/IDE/onlab/STM32H750XBHX_FLASH.ld" --specs=nosys.specs -Wl,-Map="onlab.map" -Wl,--gc-sections -static --specs=nano.specs -mfpu=fpv5-d16 -mfloat-abi=hard -mthumb -Wl,--start-group -lc -lm -Wl,--end-group
Finished building target: onlab.elf
 
arm-none-eabi-size   onlab.elf 
arm-none-eabi-objdump -h -S  onlab.elf  > "onlab.list"
   text	   data	    bss	    dec	    hex	filename
  31136	     28	   2380	  33544	   8308	onlab.elf
Finished building: default.size.stdout
 
Finished building: onlab.list
 
19:13:36 **** Incremental Build of configuration Debug for project onlab ****
make -j7 all 
arm-none-eabi-gcc "../Core/Src/main.c" -mcpu=cortex-m7 -std=gnu11 -g3 -DDEBUG -DUSE_HAL_DRIVER -DSTM32H750xx -c -I../Core/Inc -I/Users/dominikpapp/STM32Cube/Repository/STM32Cube_FW_H7_V1.11.0/Drivers/STM32H7xx_HAL_Driver/Inc -I/Users/dominikpapp/STM32Cube/Repository/STM32Cube_FW_H7_V1.11.0/Drivers/STM32H7xx_HAL_Driver/Inc/Legacy -I/Users/dominikpapp/STM32Cube/Repository/STM32Cube_FW_H7_V1.11.0/Drivers/CMSIS/Device/ST/STM32H7xx/Include -I/Users/dominikpapp/STM32Cube/Repository/STM32Cube_FW_H7_V1.11.0/Drivers/CMSIS/Include -O0 -ffunction-sections -fdata-sections -Wall -fstack-usage -fcyclomatic-complexity -MMD -MP -MF"Core/Src/main.d" -MT"Core/Src/main.o" --specs=nano.specs -mfpu=fpv5-d16 -mfloat-abi=hard -mthumb -o "Core/Src/main.o"
arm-none-eabi-gcc -o "onlab.elf" @"objects.list"   -mcpu=cortex-m7 -T"/Users/dominikpapp/Desktop/egyetem/6felev/onlab/IDE/onlab/STM32H750XBHX_FLASH.ld" --specs=nosys.specs -Wl,-Map="onlab.map" -Wl,--gc-sections -static --specs=nano.specs -mfpu=fpv5-d16 -mfloat-abi=hard -mthumb -Wl,--start-group -lc -lm -Wl,--end-group
Finished building target: onlab.elf
 
arm-none-eabi-size   onlab.elf 
arm-none-eabi-objdump -h -S  onlab.elf  > "onlab.list"
   text	   data	    bss	    dec	    hex	filename
  30920	     28	   2380	  33328	   8230	onlab.elf
Finished building: default.size.stdout
 
Finished building: onlab.list
 
19:14:55 **** Incremental Build of configuration Debug for project onlab ****
make -j7 all 
arm-none-eabi-size   onlab.elf 
   text	   data	    bss	    dec	    hex	filename
  30920	     28	   2380	  33328	   8230	onlab.elf
Finished building: default.size.stdout
 
19:15:51 **** Incremental Build of configuration Debug for project onlab ****
make -j7 all 
arm-none-eabi-gcc "../Core/Src/main.c" -mcpu=cortex-m7 -std=gnu11 -g3 -DDEBUG -DUSE_HAL_DRIVER -DSTM32H750xx -c -I../Core/Inc -I/Users/dominikpapp/STM32Cube/Repository/STM32Cube_FW_H7_V1.11.0/Drivers/STM32H7xx_HAL_Driver/Inc -I/Users/dominikpapp/STM32Cube/Repository/STM32Cube_FW_H7_V1.11.0/Drivers/STM32H7xx_HAL_Driver/Inc/Legacy -I/Users/dominikpapp/STM32Cube/Repository/STM32Cube_FW_H7_V1.11.0/Drivers/CMSIS/Device/ST/STM32H7xx/Include -I/Users/dominikpapp/STM32Cube/Repository/STM32Cube_FW_H7_V1.11.0/Drivers/CMSIS/Include -O0 -ffunction-sections -fdata-sections -Wall -fstack-usage -fcyclomatic-complexity -MMD -MP -MF"Core/Src/main.d" -MT"Core/Src/main.o" --specs=nano.specs -mfpu=fpv5-d16 -mfloat-abi=hard -mthumb -o "Core/Src/main.o"
arm-none-eabi-gcc -o "onlab.elf" @"objects.list"   -mcpu=cortex-m7 -T"/Users/dominikpapp/Desktop/egyetem/6felev/onlab/IDE/onlab/STM32H750XBHX_FLASH.ld" --specs=nosys.specs -Wl,-Map="onlab.map" -Wl,--gc-sections -static --specs=nano.specs -mfpu=fpv5-d16 -mfloat-abi=hard -mthumb -Wl,--start-group -lc -lm -Wl,--end-group
Finished building target: onlab.elf
 
arm-none-eabi-size   onlab.elf 
arm-none-eabi-objdump -h -S  onlab.elf  > "onlab.list"
   text	   data	    bss	    dec	    hex	filename
  30904	     28	   2380	  33312	   8220	onlab.elf
Finished building: default.size.stdout
 
Finished building: onlab.list
 
19:22:38 **** Incremental Build of configuration Debug for project onlab ****
make -j7 all 
arm-none-eabi-gcc "../Core/Src/main.c" -mcpu=cortex-m7 -std=gnu11 -g3 -DDEBUG -DUSE_HAL_DRIVER -DSTM32H750xx -c -I../Core/Inc -I/Users/dominikpapp/STM32Cube/Repository/STM32Cube_FW_H7_V1.11.0/Drivers/STM32H7xx_HAL_Driver/Inc -I/Users/dominikpapp/STM32Cube/Repository/STM32Cube_FW_H7_V1.11.0/Drivers/STM32H7xx_HAL_Driver/Inc/Legacy -I/Users/dominikpapp/STM32Cube/Repository/STM32Cube_FW_H7_V1.11.0/Drivers/CMSIS/Device/ST/STM32H7xx/Include -I/Users/dominikpapp/STM32Cube/Repository/STM32Cube_FW_H7_V1.11.0/Drivers/CMSIS/Include -O0 -ffunction-sections -fdata-sections -Wall -fstack-usage -fcyclomatic-complexity -MMD -MP -MF"Core/Src/main.d" -MT"Core/Src/main.o" --specs=nano.specs -mfpu=fpv5-d16 -mfloat-abi=hard -mthumb -o "Core/Src/main.o"
arm-none-eabi-gcc -o "onlab.elf" @"objects.list"   -mcpu=cortex-m7 -T"/Users/dominikpapp/Desktop/egyetem/6felev/onlab/IDE/onlab/STM32H750XBHX_FLASH.ld" --specs=nosys.specs -Wl,-Map="onlab.map" -Wl,--gc-sections -static --specs=nano.specs -mfpu=fpv5-d16 -mfloat-abi=hard -mthumb -Wl,--start-group -lc -lm -Wl,--end-group
Finished building target: onlab.elf
 
arm-none-eabi-size   onlab.elf 
arm-none-eabi-objdump -h -S  onlab.elf  > "onlab.list"
   text	   data	    bss	    dec	    hex	filename
  31132	     28	   2380	  33540	   8304	onlab.elf
Finished building: default.size.stdout
 
Finished building: onlab.list
 
19:24:05 **** Incremental Build of configuration Debug for project onlab ****
make -j7 all 
arm-none-eabi-gcc "../Core/Src/main.c" -mcpu=cortex-m7 -std=gnu11 -g3 -DDEBUG -DUSE_HAL_DRIVER -DSTM32H750xx -c -I../Core/Inc -I/Users/dominikpapp/STM32Cube/Repository/STM32Cube_FW_H7_V1.11.0/Drivers/STM32H7xx_HAL_Driver/Inc -I/Users/dominikpapp/STM32Cube/Repository/STM32Cube_FW_H7_V1.11.0/Drivers/STM32H7xx_HAL_Driver/Inc/Legacy -I/Users/dominikpapp/STM32Cube/Repository/STM32Cube_FW_H7_V1.11.0/Drivers/CMSIS/Device/ST/STM32H7xx/Include -I/Users/dominikpapp/STM32Cube/Repository/STM32Cube_FW_H7_V1.11.0/Drivers/CMSIS/Include -O0 -ffunction-sections -fdata-sections -Wall -fstack-usage -fcyclomatic-complexity -MMD -MP -MF"Core/Src/main.d" -MT"Core/Src/main.o" --specs=nano.specs -mfpu=fpv5-d16 -mfloat-abi=hard -mthumb -o "Core/Src/main.o"
arm-none-eabi-gcc -o "onlab.elf" @"objects.list"   -mcpu=cortex-m7 -T"/Users/dominikpapp/Desktop/egyetem/6felev/onlab/IDE/onlab/STM32H750XBHX_FLASH.ld" --specs=nosys.specs -Wl,-Map="onlab.map" -Wl,--gc-sections -static --specs=nano.specs -mfpu=fpv5-d16 -mfloat-abi=hard -mthumb -Wl,--start-group -lc -lm -Wl,--end-group
Finished building target: onlab.elf
 
arm-none-eabi-size   onlab.elf 
arm-none-eabi-objdump -h -S  onlab.elf  > "onlab.list"
   text	   data	    bss	    dec	    hex	filename
  31128	     28	   2380	  33536	   8300	onlab.elf
Finished building: default.size.stdout
 
Finished building: onlab.list
 
19:25:26 **** Incremental Build of configuration Debug for project onlab ****
make -j7 all 
arm-none-eabi-size   onlab.elf 
   text	   data	    bss	    dec	    hex	filename
  31128	     28	   2380	  33536	   8300	onlab.elf
Finished building: default.size.stdout
 
19:27:08 **** Incremental Build of configuration Debug for project onlab ****
make -j7 all 
arm-none-eabi-gcc "../Core/Src/main.c" -mcpu=cortex-m7 -std=gnu11 -g3 -DDEBUG -DUSE_HAL_DRIVER -DSTM32H750xx -c -I../Core/Inc -I/Users/dominikpapp/STM32Cube/Repository/STM32Cube_FW_H7_V1.11.0/Drivers/STM32H7xx_HAL_Driver/Inc -I/Users/dominikpapp/STM32Cube/Repository/STM32Cube_FW_H7_V1.11.0/Drivers/STM32H7xx_HAL_Driver/Inc/Legacy -I/Users/dominikpapp/STM32Cube/Repository/STM32Cube_FW_H7_V1.11.0/Drivers/CMSIS/Device/ST/STM32H7xx/Include -I/Users/dominikpapp/STM32Cube/Repository/STM32Cube_FW_H7_V1.11.0/Drivers/CMSIS/Include -O0 -ffunction-sections -fdata-sections -Wall -fstack-usage -fcyclomatic-complexity -MMD -MP -MF"Core/Src/main.d" -MT"Core/Src/main.o" --specs=nano.specs -mfpu=fpv5-d16 -mfloat-abi=hard -mthumb -o "Core/Src/main.o"
arm-none-eabi-gcc -o "onlab.elf" @"objects.list"   -mcpu=cortex-m7 -T"/Users/dominikpapp/Desktop/egyetem/6felev/onlab/IDE/onlab/STM32H750XBHX_FLASH.ld" --specs=nosys.specs -Wl,-Map="onlab.map" -Wl,--gc-sections -static --specs=nano.specs -mfpu=fpv5-d16 -mfloat-abi=hard -mthumb -Wl,--start-group -lc -lm -Wl,--end-group
Finished building target: onlab.elf
 
arm-none-eabi-size   onlab.elf 
arm-none-eabi-objdump -h -S  onlab.elf  > "onlab.list"
   text	   data	    bss	    dec	    hex	filename
  31132	     28	   2380	  33540	   8304	onlab.elf
Finished building: default.size.stdout
 
Finished building: onlab.list
 
19:27:53 **** Incremental Build of configuration Debug for project onlab ****
make -j7 all 
arm-none-eabi-size   onlab.elf 
   text	   data	    bss	    dec	    hex	filename
  31132	     28	   2380	  33540	   8304	onlab.elf
Finished building: default.size.stdout
 
19:28:59 **** Incremental Build of configuration Debug for project onlab ****
make -j7 all 
arm-none-eabi-size   onlab.elf 
   text	   data	    bss	    dec	    hex	filename
  31132	     28	   2380	  33540	   8304	onlab.elf
Finished building: default.size.stdout
 
19:33:11 **** Incremental Build of configuration Debug for project onlab ****
make -j7 all 
arm-none-eabi-gcc "../Core/Src/main.c" -mcpu=cortex-m7 -std=gnu11 -g3 -DDEBUG -DUSE_HAL_DRIVER -DSTM32H750xx -c -I../Core/Inc -I/Users/dominikpapp/STM32Cube/Repository/STM32Cube_FW_H7_V1.11.0/Drivers/STM32H7xx_HAL_Driver/Inc -I/Users/dominikpapp/STM32Cube/Repository/STM32Cube_FW_H7_V1.11.0/Drivers/STM32H7xx_HAL_Driver/Inc/Legacy -I/Users/dominikpapp/STM32Cube/Repository/STM32Cube_FW_H7_V1.11.0/Drivers/CMSIS/Device/ST/STM32H7xx/Include -I/Users/dominikpapp/STM32Cube/Repository/STM32Cube_FW_H7_V1.11.0/Drivers/CMSIS/Include -O0 -ffunction-sections -fdata-sections -Wall -fstack-usage -fcyclomatic-complexity -MMD -MP -MF"Core/Src/main.d" -MT"Core/Src/main.o" --specs=nano.specs -mfpu=fpv5-d16 -mfloat-abi=hard -mthumb -o "Core/Src/main.o"
arm-none-eabi-gcc -o "onlab.elf" @"objects.list"   -mcpu=cortex-m7 -T"/Users/dominikpapp/Desktop/egyetem/6felev/onlab/IDE/onlab/STM32H750XBHX_FLASH.ld" --specs=nosys.specs -Wl,-Map="onlab.map" -Wl,--gc-sections -static --specs=nano.specs -mfpu=fpv5-d16 -mfloat-abi=hard -mthumb -Wl,--start-group -lc -lm -Wl,--end-group
Finished building target: onlab.elf
 
arm-none-eabi-size   onlab.elf 
arm-none-eabi-objdump -h -S  onlab.elf  > "onlab.list"
   text	   data	    bss	    dec	    hex	filename
  31096	     28	   2380	  33504	   82e0	onlab.elf
Finished building: default.size.stdout
 
Finished building: onlab.list
 
19:35:17 **** Incremental Build of configuration Debug for project onlab ****
make -j7 all 
arm-none-eabi-gcc "../Core/Src/main.c" -mcpu=cortex-m7 -std=gnu11 -g3 -DDEBUG -DUSE_HAL_DRIVER -DSTM32H750xx -c -I../Core/Inc -I/Users/dominikpapp/STM32Cube/Repository/STM32Cube_FW_H7_V1.11.0/Drivers/STM32H7xx_HAL_Driver/Inc -I/Users/dominikpapp/STM32Cube/Repository/STM32Cube_FW_H7_V1.11.0/Drivers/STM32H7xx_HAL_Driver/Inc/Legacy -I/Users/dominikpapp/STM32Cube/Repository/STM32Cube_FW_H7_V1.11.0/Drivers/CMSIS/Device/ST/STM32H7xx/Include -I/Users/dominikpapp/STM32Cube/Repository/STM32Cube_FW_H7_V1.11.0/Drivers/CMSIS/Include -O0 -ffunction-sections -fdata-sections -Wall -fstack-usage -fcyclomatic-complexity -MMD -MP -MF"Core/Src/main.d" -MT"Core/Src/main.o" --specs=nano.specs -mfpu=fpv5-d16 -mfloat-abi=hard -mthumb -o "Core/Src/main.o"
arm-none-eabi-gcc -o "onlab.elf" @"objects.list"   -mcpu=cortex-m7 -T"/Users/dominikpapp/Desktop/egyetem/6felev/onlab/IDE/onlab/STM32H750XBHX_FLASH.ld" --specs=nosys.specs -Wl,-Map="onlab.map" -Wl,--gc-sections -static --specs=nano.specs -mfpu=fpv5-d16 -mfloat-abi=hard -mthumb -Wl,--start-group -lc -lm -Wl,--end-group
Finished building target: onlab.elf
 
arm-none-eabi-size   onlab.elf 
arm-none-eabi-objdump -h -S  onlab.elf  > "onlab.list"
   text	   data	    bss	    dec	    hex	filename
  31072	     28	   2380	  33480	   82c8	onlab.elf
Finished building: default.size.stdout
 
Finished building: onlab.list
 
19:38:29 **** Incremental Build of configuration Debug for project onlab ****
make -j7 all 
arm-none-eabi-size   onlab.elf 
   text	   data	    bss	    dec	    hex	filename
  31072	     28	   2380	  33480	   82c8	onlab.elf
Finished building: default.size.stdout
 
19:39:49 **** Incremental Build of configuration Debug for project onlab ****
make -j7 all 
arm-none-eabi-gcc "../Core/Src/main.c" -mcpu=cortex-m7 -std=gnu11 -g3 -DDEBUG -DUSE_HAL_DRIVER -DSTM32H750xx -c -I../Core/Inc -I/Users/dominikpapp/STM32Cube/Repository/STM32Cube_FW_H7_V1.11.0/Drivers/STM32H7xx_HAL_Driver/Inc -I/Users/dominikpapp/STM32Cube/Repository/STM32Cube_FW_H7_V1.11.0/Drivers/STM32H7xx_HAL_Driver/Inc/Legacy -I/Users/dominikpapp/STM32Cube/Repository/STM32Cube_FW_H7_V1.11.0/Drivers/CMSIS/Device/ST/STM32H7xx/Include -I/Users/dominikpapp/STM32Cube/Repository/STM32Cube_FW_H7_V1.11.0/Drivers/CMSIS/Include -O0 -ffunction-sections -fdata-sections -Wall -fstack-usage -fcyclomatic-complexity -MMD -MP -MF"Core/Src/main.d" -MT"Core/Src/main.o" --specs=nano.specs -mfpu=fpv5-d16 -mfloat-abi=hard -mthumb -o "Core/Src/main.o"
arm-none-eabi-gcc -o "onlab.elf" @"objects.list"   -mcpu=cortex-m7 -T"/Users/dominikpapp/Desktop/egyetem/6felev/onlab/IDE/onlab/STM32H750XBHX_FLASH.ld" --specs=nosys.specs -Wl,-Map="onlab.map" -Wl,--gc-sections -static --specs=nano.specs -mfpu=fpv5-d16 -mfloat-abi=hard -mthumb -Wl,--start-group -lc -lm -Wl,--end-group
Finished building target: onlab.elf
 
arm-none-eabi-size   onlab.elf 
arm-none-eabi-objdump -h -S  onlab.elf  > "onlab.list"
   text	   data	    bss	    dec	    hex	filename
  31072	     28	   2380	  33480	   82c8	onlab.elf
Finished building: default.size.stdout
 
Finished building: onlab.list
 
19:44:22 **** Incremental Build of configuration Debug for project onlab ****
make -j7 all 
arm-none-eabi-gcc "../Core/Src/main.c" -mcpu=cortex-m7 -std=gnu11 -g3 -DDEBUG -DUSE_HAL_DRIVER -DSTM32H750xx -c -I../Core/Inc -I/Users/dominikpapp/STM32Cube/Repository/STM32Cube_FW_H7_V1.11.0/Drivers/STM32H7xx_HAL_Driver/Inc -I/Users/dominikpapp/STM32Cube/Repository/STM32Cube_FW_H7_V1.11.0/Drivers/STM32H7xx_HAL_Driver/Inc/Legacy -I/Users/dominikpapp/STM32Cube/Repository/STM32Cube_FW_H7_V1.11.0/Drivers/CMSIS/Device/ST/STM32H7xx/Include -I/Users/dominikpapp/STM32Cube/Repository/STM32Cube_FW_H7_V1.11.0/Drivers/CMSIS/Include -O0 -ffunction-sections -fdata-sections -Wall -fstack-usage -fcyclomatic-complexity -MMD -MP -MF"Core/Src/main.d" -MT"Core/Src/main.o" --specs=nano.specs -mfpu=fpv5-d16 -mfloat-abi=hard -mthumb -o "Core/Src/main.o"
arm-none-eabi-gcc -o "onlab.elf" @"objects.list"   -mcpu=cortex-m7 -T"/Users/dominikpapp/Desktop/egyetem/6felev/onlab/IDE/onlab/STM32H750XBHX_FLASH.ld" --specs=nosys.specs -Wl,-Map="onlab.map" -Wl,--gc-sections -static --specs=nano.specs -mfpu=fpv5-d16 -mfloat-abi=hard -mthumb -Wl,--start-group -lc -lm -Wl,--end-group
Finished building target: onlab.elf
 
arm-none-eabi-size   onlab.elf 
arm-none-eabi-objdump -h -S  onlab.elf  > "onlab.list"
   text	   data	    bss	    dec	    hex	filename
  31028	     28	   2380	  33436	   829c	onlab.elf
Finished building: default.size.stdout
 
Finished building: onlab.list
 
19:46:05 **** Incremental Build of configuration Debug for project onlab ****
make -j7 all 
arm-none-eabi-gcc "../Core/Src/main.c" -mcpu=cortex-m7 -std=gnu11 -g3 -DDEBUG -DUSE_HAL_DRIVER -DSTM32H750xx -c -I../Core/Inc -I/Users/dominikpapp/STM32Cube/Repository/STM32Cube_FW_H7_V1.11.0/Drivers/STM32H7xx_HAL_Driver/Inc -I/Users/dominikpapp/STM32Cube/Repository/STM32Cube_FW_H7_V1.11.0/Drivers/STM32H7xx_HAL_Driver/Inc/Legacy -I/Users/dominikpapp/STM32Cube/Repository/STM32Cube_FW_H7_V1.11.0/Drivers/CMSIS/Device/ST/STM32H7xx/Include -I/Users/dominikpapp/STM32Cube/Repository/STM32Cube_FW_H7_V1.11.0/Drivers/CMSIS/Include -O0 -ffunction-sections -fdata-sections -Wall -fstack-usage -fcyclomatic-complexity -MMD -MP -MF"Core/Src/main.d" -MT"Core/Src/main.o" --specs=nano.specs -mfpu=fpv5-d16 -mfloat-abi=hard -mthumb -o "Core/Src/main.o"
arm-none-eabi-gcc -o "onlab.elf" @"objects.list"   -mcpu=cortex-m7 -T"/Users/dominikpapp/Desktop/egyetem/6felev/onlab/IDE/onlab/STM32H750XBHX_FLASH.ld" --specs=nosys.specs -Wl,-Map="onlab.map" -Wl,--gc-sections -static --specs=nano.specs -mfpu=fpv5-d16 -mfloat-abi=hard -mthumb -Wl,--start-group -lc -lm -Wl,--end-group
Finished building target: onlab.elf
 
arm-none-eabi-size   onlab.elf 
arm-none-eabi-objdump -h -S  onlab.elf  > "onlab.list"
   text	   data	    bss	    dec	    hex	filename
  31084	     28	   2380	  33492	   82d4	onlab.elf
Finished building: default.size.stdout
 
Finished building: onlab.list
 
19:54:31 **** Incremental Build of configuration Debug for project onlab ****
make -j7 all 
arm-none-eabi-gcc "../Core/Src/main.c" -mcpu=cortex-m7 -std=gnu11 -g3 -DDEBUG -DUSE_HAL_DRIVER -DSTM32H750xx -c -I../Core/Inc -I/Users/dominikpapp/STM32Cube/Repository/STM32Cube_FW_H7_V1.11.0/Drivers/STM32H7xx_HAL_Driver/Inc -I/Users/dominikpapp/STM32Cube/Repository/STM32Cube_FW_H7_V1.11.0/Drivers/STM32H7xx_HAL_Driver/Inc/Legacy -I/Users/dominikpapp/STM32Cube/Repository/STM32Cube_FW_H7_V1.11.0/Drivers/CMSIS/Device/ST/STM32H7xx/Include -I/Users/dominikpapp/STM32Cube/Repository/STM32Cube_FW_H7_V1.11.0/Drivers/CMSIS/Include -O0 -ffunction-sections -fdata-sections -Wall -fstack-usage -fcyclomatic-complexity -MMD -MP -MF"Core/Src/main.d" -MT"Core/Src/main.o" --specs=nano.specs -mfpu=fpv5-d16 -mfloat-abi=hard -mthumb -o "Core/Src/main.o"
arm-none-eabi-gcc -o "onlab.elf" @"objects.list"   -mcpu=cortex-m7 -T"/Users/dominikpapp/Desktop/egyetem/6felev/onlab/IDE/onlab/STM32H750XBHX_FLASH.ld" --specs=nosys.specs -Wl,-Map="onlab.map" -Wl,--gc-sections -static --specs=nano.specs -mfpu=fpv5-d16 -mfloat-abi=hard -mthumb -Wl,--start-group -lc -lm -Wl,--end-group
Finished building target: onlab.elf
 
arm-none-eabi-size   onlab.elf 
arm-none-eabi-objdump -h -S  onlab.elf  > "onlab.list"
   text	   data	    bss	    dec	    hex	filename
  31088	     28	   2380	  33496	   82d8	onlab.elf
Finished building: default.size.stdout
 
Finished building: onlab.list
 
20:00:12 **** Incremental Build of configuration Debug for project onlab ****
make -j7 all 
arm-none-eabi-gcc "../Core/Src/main.c" -mcpu=cortex-m7 -std=gnu11 -g3 -DDEBUG -DUSE_HAL_DRIVER -DSTM32H750xx -c -I../Core/Inc -I/Users/dominikpapp/STM32Cube/Repository/STM32Cube_FW_H7_V1.11.0/Drivers/STM32H7xx_HAL_Driver/Inc -I/Users/dominikpapp/STM32Cube/Repository/STM32Cube_FW_H7_V1.11.0/Drivers/STM32H7xx_HAL_Driver/Inc/Legacy -I/Users/dominikpapp/STM32Cube/Repository/STM32Cube_FW_H7_V1.11.0/Drivers/CMSIS/Device/ST/STM32H7xx/Include -I/Users/dominikpapp/STM32Cube/Repository/STM32Cube_FW_H7_V1.11.0/Drivers/CMSIS/Include -O0 -ffunction-sections -fdata-sections -Wall -fstack-usage -fcyclomatic-complexity -MMD -MP -MF"Core/Src/main.d" -MT"Core/Src/main.o" --specs=nano.specs -mfpu=fpv5-d16 -mfloat-abi=hard -mthumb -o "Core/Src/main.o"
../Core/Src/main.c: In function 'main':
../Core/Src/main.c:127:5: error: too many arguments to function 'HAL_DeInit'
  127 |     HAL_DeInit(1000);
      |     ^~~~~~~~~~
In file included from ../Core/Inc/main.h:30,
                 from ../Core/Src/main.c:20:
/Users/dominikpapp/STM32Cube/Repository/STM32Cube_FW_H7_V1.11.0/Drivers/STM32H7xx_HAL_Driver/Inc/stm32h7xx_hal.h:1060:19: note: declared here
 1060 | HAL_StatusTypeDef HAL_DeInit(void);
      |                   ^~~~~~~~~~
make: *** [Core/Src/subdir.mk:34: Core/Src/main.o] Error 1
"make -j7 all" terminated with exit code 2. Build might be incomplete.
20:00:37 **** Incremental Build of configuration Debug for project onlab ****
make -j7 all 
arm-none-eabi-gcc "../Core/Src/main.c" -mcpu=cortex-m7 -std=gnu11 -g3 -DDEBUG -DUSE_HAL_DRIVER -DSTM32H750xx -c -I../Core/Inc -I/Users/dominikpapp/STM32Cube/Repository/STM32Cube_FW_H7_V1.11.0/Drivers/STM32H7xx_HAL_Driver/Inc -I/Users/dominikpapp/STM32Cube/Repository/STM32Cube_FW_H7_V1.11.0/Drivers/STM32H7xx_HAL_Driver/Inc/Legacy -I/Users/dominikpapp/STM32Cube/Repository/STM32Cube_FW_H7_V1.11.0/Drivers/CMSIS/Device/ST/STM32H7xx/Include -I/Users/dominikpapp/STM32Cube/Repository/STM32Cube_FW_H7_V1.11.0/Drivers/CMSIS/Include -O0 -ffunction-sections -fdata-sections -Wall -fstack-usage -fcyclomatic-complexity -MMD -MP -MF"Core/Src/main.d" -MT"Core/Src/main.o" --specs=nano.specs -mfpu=fpv5-d16 -mfloat-abi=hard -mthumb -o "Core/Src/main.o"
arm-none-eabi-gcc -o "onlab.elf" @"objects.list"   -mcpu=cortex-m7 -T"/Users/dominikpapp/Desktop/egyetem/6felev/onlab/IDE/onlab/STM32H750XBHX_FLASH.ld" --specs=nosys.specs -Wl,-Map="onlab.map" -Wl,--gc-sections -static --specs=nano.specs -mfpu=fpv5-d16 -mfloat-abi=hard -mthumb -Wl,--start-group -lc -lm -Wl,--end-group
Finished building target: onlab.elf
 
arm-none-eabi-size   onlab.elf 
arm-none-eabi-objdump -h -S  onlab.elf  > "onlab.list"
   text	   data	    bss	    dec	    hex	filename
  31196	     28	   2380	  33604	   8344	onlab.elf
Finished building: default.size.stdout
 
Finished building: onlab.list
 
20:03:56 **** Incremental Build of configuration Debug for project onlab ****
make -j7 all 
arm-none-eabi-gcc "../Core/Src/main.c" -mcpu=cortex-m7 -std=gnu11 -g3 -DDEBUG -DUSE_HAL_DRIVER -DSTM32H750xx -c -I../Core/Inc -I/Users/dominikpapp/STM32Cube/Repository/STM32Cube_FW_H7_V1.11.0/Drivers/STM32H7xx_HAL_Driver/Inc -I/Users/dominikpapp/STM32Cube/Repository/STM32Cube_FW_H7_V1.11.0/Drivers/STM32H7xx_HAL_Driver/Inc/Legacy -I/Users/dominikpapp/STM32Cube/Repository/STM32Cube_FW_H7_V1.11.0/Drivers/CMSIS/Device/ST/STM32H7xx/Include -I/Users/dominikpapp/STM32Cube/Repository/STM32Cube_FW_H7_V1.11.0/Drivers/CMSIS/Include -O0 -ffunction-sections -fdata-sections -Wall -fstack-usage -fcyclomatic-complexity -MMD -MP -MF"Core/Src/main.d" -MT"Core/Src/main.o" --specs=nano.specs -mfpu=fpv5-d16 -mfloat-abi=hard -mthumb -o "Core/Src/main.o"
arm-none-eabi-gcc -o "onlab.elf" @"objects.list"   -mcpu=cortex-m7 -T"/Users/dominikpapp/Desktop/egyetem/6felev/onlab/IDE/onlab/STM32H750XBHX_FLASH.ld" --specs=nosys.specs -Wl,-Map="onlab.map" -Wl,--gc-sections -static --specs=nano.specs -mfpu=fpv5-d16 -mfloat-abi=hard -mthumb -Wl,--start-group -lc -lm -Wl,--end-group
Finished building target: onlab.elf
 
arm-none-eabi-size   onlab.elf 
arm-none-eabi-objdump -h -S  onlab.elf  > "onlab.list"
   text	   data	    bss	    dec	    hex	filename
  31196	     28	   2380	  33604	   8344	onlab.elf
Finished building: default.size.stdout
 
Finished building: onlab.list
 
20:14:08 **** Incremental Build of configuration Debug for project onlab ****
make -j7 all 
arm-none-eabi-gcc "../Core/Src/main.c" -mcpu=cortex-m7 -std=gnu11 -g3 -DDEBUG -DUSE_HAL_DRIVER -DSTM32H750xx -c -I../Core/Inc -I/Users/dominikpapp/STM32Cube/Repository/STM32Cube_FW_H7_V1.11.0/Drivers/STM32H7xx_HAL_Driver/Inc -I/Users/dominikpapp/STM32Cube/Repository/STM32Cube_FW_H7_V1.11.0/Drivers/STM32H7xx_HAL_Driver/Inc/Legacy -I/Users/dominikpapp/STM32Cube/Repository/STM32Cube_FW_H7_V1.11.0/Drivers/CMSIS/Device/ST/STM32H7xx/Include -I/Users/dominikpapp/STM32Cube/Repository/STM32Cube_FW_H7_V1.11.0/Drivers/CMSIS/Include -O0 -ffunction-sections -fdata-sections -Wall -fstack-usage -fcyclomatic-complexity -MMD -MP -MF"Core/Src/main.d" -MT"Core/Src/main.o" --specs=nano.specs -mfpu=fpv5-d16 -mfloat-abi=hard -mthumb -o "Core/Src/main.o"
arm-none-eabi-gcc -o "onlab.elf" @"objects.list"   -mcpu=cortex-m7 -T"/Users/dominikpapp/Desktop/egyetem/6felev/onlab/IDE/onlab/STM32H750XBHX_FLASH.ld" --specs=nosys.specs -Wl,-Map="onlab.map" -Wl,--gc-sections -static --specs=nano.specs -mfpu=fpv5-d16 -mfloat-abi=hard -mthumb -Wl,--start-group -lc -lm -Wl,--end-group
Finished building target: onlab.elf
 
arm-none-eabi-size   onlab.elf 
arm-none-eabi-objdump -h -S  onlab.elf  > "onlab.list"
   text	   data	    bss	    dec	    hex	filename
  31216	     28	   2380	  33624	   8358	onlab.elf
Finished building: default.size.stdout
 
Finished building: onlab.list
 
20:16:18 **** Incremental Build of configuration Debug for project onlab ****
make -j7 all 
arm-none-eabi-gcc "../Core/Src/main.c" -mcpu=cortex-m7 -std=gnu11 -g3 -DDEBUG -DUSE_HAL_DRIVER -DSTM32H750xx -c -I../Core/Inc -I/Users/dominikpapp/STM32Cube/Repository/STM32Cube_FW_H7_V1.11.0/Drivers/STM32H7xx_HAL_Driver/Inc -I/Users/dominikpapp/STM32Cube/Repository/STM32Cube_FW_H7_V1.11.0/Drivers/STM32H7xx_HAL_Driver/Inc/Legacy -I/Users/dominikpapp/STM32Cube/Repository/STM32Cube_FW_H7_V1.11.0/Drivers/CMSIS/Device/ST/STM32H7xx/Include -I/Users/dominikpapp/STM32Cube/Repository/STM32Cube_FW_H7_V1.11.0/Drivers/CMSIS/Include -O0 -ffunction-sections -fdata-sections -Wall -fstack-usage -fcyclomatic-complexity -MMD -MP -MF"Core/Src/main.d" -MT"Core/Src/main.o" --specs=nano.specs -mfpu=fpv5-d16 -mfloat-abi=hard -mthumb -o "Core/Src/main.o"
arm-none-eabi-gcc -o "onlab.elf" @"objects.list"   -mcpu=cortex-m7 -T"/Users/dominikpapp/Desktop/egyetem/6felev/onlab/IDE/onlab/STM32H750XBHX_FLASH.ld" --specs=nosys.specs -Wl,-Map="onlab.map" -Wl,--gc-sections -static --specs=nano.specs -mfpu=fpv5-d16 -mfloat-abi=hard -mthumb -Wl,--start-group -lc -lm -Wl,--end-group
Finished building target: onlab.elf
 
arm-none-eabi-size   onlab.elf 
arm-none-eabi-objdump -h -S  onlab.elf  > "onlab.list"
   text	   data	    bss	    dec	    hex	filename
  31224	     28	   2380	  33632	   8360	onlab.elf
Finished building: default.size.stdout
 
Finished building: onlab.list
 
20:18:58 **** Incremental Build of configuration Debug for project onlab ****
make -j7 all 
arm-none-eabi-gcc "../Core/Src/main.c" -mcpu=cortex-m7 -std=gnu11 -g3 -DDEBUG -DUSE_HAL_DRIVER -DSTM32H750xx -c -I../Core/Inc -I/Users/dominikpapp/STM32Cube/Repository/STM32Cube_FW_H7_V1.11.0/Drivers/STM32H7xx_HAL_Driver/Inc -I/Users/dominikpapp/STM32Cube/Repository/STM32Cube_FW_H7_V1.11.0/Drivers/STM32H7xx_HAL_Driver/Inc/Legacy -I/Users/dominikpapp/STM32Cube/Repository/STM32Cube_FW_H7_V1.11.0/Drivers/CMSIS/Device/ST/STM32H7xx/Include -I/Users/dominikpapp/STM32Cube/Repository/STM32Cube_FW_H7_V1.11.0/Drivers/CMSIS/Include -O0 -ffunction-sections -fdata-sections -Wall -fstack-usage -fcyclomatic-complexity -MMD -MP -MF"Core/Src/main.d" -MT"Core/Src/main.o" --specs=nano.specs -mfpu=fpv5-d16 -mfloat-abi=hard -mthumb -o "Core/Src/main.o"
arm-none-eabi-gcc -o "onlab.elf" @"objects.list"   -mcpu=cortex-m7 -T"/Users/dominikpapp/Desktop/egyetem/6felev/onlab/IDE/onlab/STM32H750XBHX_FLASH.ld" --specs=nosys.specs -Wl,-Map="onlab.map" -Wl,--gc-sections -static --specs=nano.specs -mfpu=fpv5-d16 -mfloat-abi=hard -mthumb -Wl,--start-group -lc -lm -Wl,--end-group
Finished building target: onlab.elf
 
arm-none-eabi-size   onlab.elf 
arm-none-eabi-objdump -h -S  onlab.elf  > "onlab.list"
   text	   data	    bss	    dec	    hex	filename
  31244	     28	   2380	  33652	   8374	onlab.elf
Finished building: default.size.stdout
 
Finished building: onlab.list
 
20:23:48 **** Incremental Build of configuration Debug for project onlab ****
make -j7 all 
arm-none-eabi-gcc "../Core/Src/main.c" -mcpu=cortex-m7 -std=gnu11 -g3 -DDEBUG -DUSE_HAL_DRIVER -DSTM32H750xx -c -I../Core/Inc -I/Users/dominikpapp/STM32Cube/Repository/STM32Cube_FW_H7_V1.11.0/Drivers/STM32H7xx_HAL_Driver/Inc -I/Users/dominikpapp/STM32Cube/Repository/STM32Cube_FW_H7_V1.11.0/Drivers/STM32H7xx_HAL_Driver/Inc/Legacy -I/Users/dominikpapp/STM32Cube/Repository/STM32Cube_FW_H7_V1.11.0/Drivers/CMSIS/Device/ST/STM32H7xx/Include -I/Users/dominikpapp/STM32Cube/Repository/STM32Cube_FW_H7_V1.11.0/Drivers/CMSIS/Include -O0 -ffunction-sections -fdata-sections -Wall -fstack-usage -fcyclomatic-complexity -MMD -MP -MF"Core/Src/main.d" -MT"Core/Src/main.o" --specs=nano.specs -mfpu=fpv5-d16 -mfloat-abi=hard -mthumb -o "Core/Src/main.o"
arm-none-eabi-gcc -o "onlab.elf" @"objects.list"   -mcpu=cortex-m7 -T"/Users/dominikpapp/Desktop/egyetem/6felev/onlab/IDE/onlab/STM32H750XBHX_FLASH.ld" --specs=nosys.specs -Wl,-Map="onlab.map" -Wl,--gc-sections -static --specs=nano.specs -mfpu=fpv5-d16 -mfloat-abi=hard -mthumb -Wl,--start-group -lc -lm -Wl,--end-group
Finished building target: onlab.elf
 
arm-none-eabi-size   onlab.elf 
arm-none-eabi-objdump -h -S  onlab.elf  > "onlab.list"
   text	   data	    bss	    dec	    hex	filename
  31244	     28	   2380	  33652	   8374	onlab.elf
Finished building: default.size.stdout
 
Finished building: onlab.list
 
20:24:52 **** Incremental Build of configuration Debug for project onlab ****
make -j7 all 
arm-none-eabi-size   onlab.elf 
   text	   data	    bss	    dec	    hex	filename
  31244	     28	   2380	  33652	   8374	onlab.elf
Finished building: default.size.stdout
 
20:26:04 **** Incremental Build of configuration Debug for project onlab ****
make -j7 all 
arm-none-eabi-gcc "../Core/Src/main.c" -mcpu=cortex-m7 -std=gnu11 -g3 -DDEBUG -DUSE_HAL_DRIVER -DSTM32H750xx -c -I../Core/Inc -I/Users/dominikpapp/STM32Cube/Repository/STM32Cube_FW_H7_V1.11.0/Drivers/STM32H7xx_HAL_Driver/Inc -I/Users/dominikpapp/STM32Cube/Repository/STM32Cube_FW_H7_V1.11.0/Drivers/STM32H7xx_HAL_Driver/Inc/Legacy -I/Users/dominikpapp/STM32Cube/Repository/STM32Cube_FW_H7_V1.11.0/Drivers/CMSIS/Device/ST/STM32H7xx/Include -I/Users/dominikpapp/STM32Cube/Repository/STM32Cube_FW_H7_V1.11.0/Drivers/CMSIS/Include -O0 -ffunction-sections -fdata-sections -Wall -fstack-usage -fcyclomatic-complexity -MMD -MP -MF"Core/Src/main.d" -MT"Core/Src/main.o" --specs=nano.specs -mfpu=fpv5-d16 -mfloat-abi=hard -mthumb -o "Core/Src/main.o"
arm-none-eabi-gcc -o "onlab.elf" @"objects.list"   -mcpu=cortex-m7 -T"/Users/dominikpapp/Desktop/egyetem/6felev/onlab/IDE/onlab/STM32H750XBHX_FLASH.ld" --specs=nosys.specs -Wl,-Map="onlab.map" -Wl,--gc-sections -static --specs=nano.specs -mfpu=fpv5-d16 -mfloat-abi=hard -mthumb -Wl,--start-group -lc -lm -Wl,--end-group
Finished building target: onlab.elf
 
arm-none-eabi-size   onlab.elf 
arm-none-eabi-objdump -h -S  onlab.elf  > "onlab.list"
   text	   data	    bss	    dec	    hex	filename
  31228	     28	   2380	  33636	   8364	onlab.elf
Finished building: default.size.stdout
 
Finished building: onlab.list
 
