Archive member included to satisfy reference by file (symbol)

/Applications/STM32CubeIDE.app/Contents/Eclipse/plugins/com.st.stm32cube.ide.mcu.externaltools.gnu-tools-for-stm32.10.3-2021.10.macos64_1.0.200.202301161003/tools/bin/../lib/gcc/arm-none-eabi/10.3.1/../../../../arm-none-eabi/lib/thumb/v7e-m+dp/hard/libc_nano.a(lib_a-errno.o)
                              ./Core/Src/syscalls.o (__errno)
/Applications/STM32CubeIDE.app/Contents/Eclipse/plugins/com.st.stm32cube.ide.mcu.externaltools.gnu-tools-for-stm32.10.3-2021.10.macos64_1.0.200.202301161003/tools/bin/../lib/gcc/arm-none-eabi/10.3.1/../../../../arm-none-eabi/lib/thumb/v7e-m+dp/hard/libc_nano.a(lib_a-exit.o)
                              /Applications/STM32CubeIDE.app/Contents/Eclipse/plugins/com.st.stm32cube.ide.mcu.externaltools.gnu-tools-for-stm32.10.3-2021.10.macos64_1.0.200.202301161003/tools/bin/../lib/gcc/arm-none-eabi/10.3.1/../../../../arm-none-eabi/lib/thumb/v7e-m+dp/hard/crt0.o (exit)
/Applications/STM32CubeIDE.app/Contents/Eclipse/plugins/com.st.stm32cube.ide.mcu.externaltools.gnu-tools-for-stm32.10.3-2021.10.macos64_1.0.200.202301161003/tools/bin/../lib/gcc/arm-none-eabi/10.3.1/../../../../arm-none-eabi/lib/thumb/v7e-m+dp/hard/libc_nano.a(lib_a-impure.o)
                              /Applications/STM32CubeIDE.app/Contents/Eclipse/plugins/com.st.stm32cube.ide.mcu.externaltools.gnu-tools-for-stm32.10.3-2021.10.macos64_1.0.200.202301161003/tools/bin/../lib/gcc/arm-none-eabi/10.3.1/../../../../arm-none-eabi/lib/thumb/v7e-m+dp/hard/libc_nano.a(lib_a-exit.o) (_global_impure_ptr)
/Applications/STM32CubeIDE.app/Contents/Eclipse/plugins/com.st.stm32cube.ide.mcu.externaltools.gnu-tools-for-stm32.10.3-2021.10.macos64_1.0.200.202301161003/tools/bin/../lib/gcc/arm-none-eabi/10.3.1/../../../../arm-none-eabi/lib/thumb/v7e-m+dp/hard/libc_nano.a(lib_a-init.o)
                              /Applications/STM32CubeIDE.app/Contents/Eclipse/plugins/com.st.stm32cube.ide.mcu.externaltools.gnu-tools-for-stm32.10.3-2021.10.macos64_1.0.200.202301161003/tools/bin/../lib/gcc/arm-none-eabi/10.3.1/../../../../arm-none-eabi/lib/thumb/v7e-m+dp/hard/crt0.o (__libc_init_array)
/Applications/STM32CubeIDE.app/Contents/Eclipse/plugins/com.st.stm32cube.ide.mcu.externaltools.gnu-tools-for-stm32.10.3-2021.10.macos64_1.0.200.202301161003/tools/bin/../lib/gcc/arm-none-eabi/10.3.1/../../../../arm-none-eabi/lib/thumb/v7e-m+dp/hard/libc_nano.a(lib_a-memset.o)
                              /Applications/STM32CubeIDE.app/Contents/Eclipse/plugins/com.st.stm32cube.ide.mcu.externaltools.gnu-tools-for-stm32.10.3-2021.10.macos64_1.0.200.202301161003/tools/bin/../lib/gcc/arm-none-eabi/10.3.1/../../../../arm-none-eabi/lib/thumb/v7e-m+dp/hard/crt0.o (memset)
/Applications/STM32CubeIDE.app/Contents/Eclipse/plugins/com.st.stm32cube.ide.mcu.externaltools.gnu-tools-for-stm32.10.3-2021.10.macos64_1.0.200.202301161003/tools/bin/../lib/gcc/arm-none-eabi/10.3.1/../../../../arm-none-eabi/lib/thumb/v7e-m+dp/hard/libc_nano.a(lib_a-strlen.o)
                              ./Core/Src/main.o (strlen)
/Applications/STM32CubeIDE.app/Contents/Eclipse/plugins/com.st.stm32cube.ide.mcu.externaltools.gnu-tools-for-stm32.10.3-2021.10.macos64_1.0.200.202301161003/tools/bin/../lib/gcc/arm-none-eabi/10.3.1/thumb/v7e-m+dp/hard/libgcc.a(_aeabi_uldivmod.o)
                              ./Drivers/STM32H7xx_HAL_Driver/Src/stm32h7xx_hal_uart.o (__aeabi_uldivmod)
/Applications/STM32CubeIDE.app/Contents/Eclipse/plugins/com.st.stm32cube.ide.mcu.externaltools.gnu-tools-for-stm32.10.3-2021.10.macos64_1.0.200.202301161003/tools/bin/../lib/gcc/arm-none-eabi/10.3.1/thumb/v7e-m+dp/hard/libgcc.a(_udivmoddi4.o)
                              /Applications/STM32CubeIDE.app/Contents/Eclipse/plugins/com.st.stm32cube.ide.mcu.externaltools.gnu-tools-for-stm32.10.3-2021.10.macos64_1.0.200.202301161003/tools/bin/../lib/gcc/arm-none-eabi/10.3.1/thumb/v7e-m+dp/hard/libgcc.a(_aeabi_uldivmod.o) (__udivmoddi4)
/Applications/STM32CubeIDE.app/Contents/Eclipse/plugins/com.st.stm32cube.ide.mcu.externaltools.gnu-tools-for-stm32.10.3-2021.10.macos64_1.0.200.202301161003/tools/bin/../lib/gcc/arm-none-eabi/10.3.1/thumb/v7e-m+dp/hard/libgcc.a(_dvmd_tls.o)
                              /Applications/STM32CubeIDE.app/Contents/Eclipse/plugins/com.st.stm32cube.ide.mcu.externaltools.gnu-tools-for-stm32.10.3-2021.10.macos64_1.0.200.202301161003/tools/bin/../lib/gcc/arm-none-eabi/10.3.1/thumb/v7e-m+dp/hard/libgcc.a(_aeabi_uldivmod.o) (__aeabi_ldiv0)

Discarded input sections

 .text          0x0000000000000000        0x0 /Applications/STM32CubeIDE.app/Contents/Eclipse/plugins/com.st.stm32cube.ide.mcu.externaltools.gnu-tools-for-stm32.10.3-2021.10.macos64_1.0.200.202301161003/tools/bin/../lib/gcc/arm-none-eabi/10.3.1/thumb/v7e-m+dp/hard/crti.o
[...]
Memory Configuration

Name             Origin             Length             Attributes
FLASH            0x0000000008000000 0x0000000000020000 xr
DTCMRAM          0x0000000020000000 0x0000000000020000 xrw
RAM_D1           0x0000000024000000 0x0000000000080000 xrw
RAM_D2           0x0000000030000000 0x0000000000048000 xrw
RAM_D3           0x0000000038000000 0x0000000000010000 xrw
ITCMRAM          0x0000000000000000 0x0000000000010000 xrw
*default*        0x0000000000000000 0xffffffffffffffff

Linker script and memory map

LOAD /Applications/STM32CubeIDE.app/Contents/Eclipse/plugins/com.st.stm32cube.ide.mcu.externaltools.gnu-tools-for-stm32.10.3-2021.10.macos64_1.0.200.202301161003/tools/bin/../lib/gcc/arm-none-eabi/10.3.1/thumb/v7e-m+dp/hard/crti.o
LOAD /Applications/STM32CubeIDE.app/Contents/Eclipse/plugins/com.st.stm32cube.ide.mcu.externaltools.gnu-tools-for-stm32.10.3-2021.10.macos64_1.0.200.202301161003/tools/bin/../lib/gcc/arm-none-eabi/10.3.1/thumb/v7e-m+dp/hard/crtbegin.o
LOAD /Applications/STM32CubeIDE.app/Contents/Eclipse/plugins/com.st.stm32cube.ide.mcu.externaltools.gnu-tools-for-stm32.10.3-2021.10.macos64_1.0.200.202301161003/tools/bin/../lib/gcc/arm-none-eabi/10.3.1/../../../../arm-none-eabi/lib/thumb/v7e-m+dp/hard/crt0.o
LOAD ./Core/Src/main.o
LOAD ./Core/Src/stm32h7xx_hal_msp.o
LOAD ./Core/Src/stm32h7xx_it.o
LOAD ./Core/Src/syscalls.o
LOAD ./Core/Src/sysmem.o
LOAD ./Core/Src/system_stm32h7xx.o
LOAD ./Core/Startup/startup_stm32h750xbhx.o
LOAD ./Drivers/STM32H7xx_HAL_Driver/Src/stm32h7xx_hal.o
LOAD ./Drivers/STM32H7xx_HAL_Driver/Src/stm32h7xx_hal_cortex.o
LOAD ./Drivers/STM32H7xx_HAL_Driver/Src/stm32h7xx_hal_dma.o
LOAD ./Drivers/STM32H7xx_HAL_Driver/Src/stm32h7xx_hal_dma_ex.o
LOAD ./Drivers/STM32H7xx_HAL_Driver/Src/stm32h7xx_hal_exti.o
LOAD ./Drivers/STM32H7xx_HAL_Driver/Src/stm32h7xx_hal_flash.o
LOAD ./Drivers/STM32H7xx_HAL_Driver/Src/stm32h7xx_hal_flash_ex.o
LOAD ./Drivers/STM32H7xx_HAL_Driver/Src/stm32h7xx_hal_gpio.o
LOAD ./Drivers/STM32H7xx_HAL_Driver/Src/stm32h7xx_hal_hsem.o
LOAD ./Drivers/STM32H7xx_HAL_Driver/Src/stm32h7xx_hal_i2c.o
LOAD ./Drivers/STM32H7xx_HAL_Driver/Src/stm32h7xx_hal_i2c_ex.o
LOAD ./Drivers/STM32H7xx_HAL_Driver/Src/stm32h7xx_hal_mdma.o
LOAD ./Drivers/STM32H7xx_HAL_Driver/Src/stm32h7xx_hal_pwr.o
LOAD ./Drivers/STM32H7xx_HAL_Driver/Src/stm32h7xx_hal_pwr_ex.o
LOAD ./Drivers/STM32H7xx_HAL_Driver/Src/stm32h7xx_hal_rcc.o
LOAD ./Drivers/STM32H7xx_HAL_Driver/Src/stm32h7xx_hal_rcc_ex.o
LOAD ./Drivers/STM32H7xx_HAL_Driver/Src/stm32h7xx_hal_tim.o
LOAD ./Drivers/STM32H7xx_HAL_Driver/Src/stm32h7xx_hal_tim_ex.o
LOAD ./Drivers/STM32H7xx_HAL_Driver/Src/stm32h7xx_hal_uart.o
LOAD ./Drivers/STM32H7xx_HAL_Driver/Src/stm32h7xx_hal_uart_ex.o
START GROUP
LOAD /Applications/STM32CubeIDE.app/Contents/Eclipse/plugins/com.st.stm32cube.ide.mcu.externaltools.gnu-tools-for-stm32.10.3-2021.10.macos64_1.0.200.202301161003/tools/bin/../lib/gcc/arm-none-eabi/10.3.1/../../../../arm-none-eabi/lib/thumb/v7e-m+dp/hard/libc_nano.a
LOAD /Applications/STM32CubeIDE.app/Contents/Eclipse/plugins/com.st.stm32cube.ide.mcu.externaltools.gnu-tools-for-stm32.10.3-2021.10.macos64_1.0.200.202301161003/tools/bin/../lib/gcc/arm-none-eabi/10.3.1/../../../../arm-none-eabi/lib/thumb/v7e-m+dp/hard/libm.a
END GROUP
START GROUP
LOAD /Applications/STM32CubeIDE.app/Contents/Eclipse/plugins/com.st.stm32cube.ide.mcu.externaltools.gnu-tools-for-stm32.10.3-2021.10.macos64_1.0.200.202301161003/tools/bin/../lib/gcc/arm-none-eabi/10.3.1/thumb/v7e-m+dp/hard/libgcc.a
LOAD /Applications/STM32CubeIDE.app/Contents/Eclipse/plugins/com.st.stm32cube.ide.mcu.externaltools.gnu-tools-for-stm32.10.3-2021.10.macos64_1.0.200.202301161003/tools/bin/../lib/gcc/arm-none-eabi/10.3.1/../../../../arm-none-eabi/lib/thumb/v7e-m+dp/hard/libc_nano.a
END GROUP
START GROUP
LOAD /Applications/STM32CubeIDE.app/Contents/Eclipse/plugins/com.st.stm32cube.ide.mcu.externaltools.gnu-tools-for-stm32.10.3-2021.10.macos64_1.0.200.202301161003/tools/bin/../lib/gcc/arm-none-eabi/10.3.1/thumb/v7e-m+dp/hard/libgcc.a
LOAD /Applications/STM32CubeIDE.app/Contents/Eclipse/plugins/com.st.stm32cube.ide.mcu.externaltools.gnu-tools-for-stm32.10.3-2021.10.macos64_1.0.200.202301161003/tools/bin/../lib/gcc/arm-none-eabi/10.3.1/../../../../arm-none-eabi/lib/thumb/v7e-m+dp/hard/libc_nano.a
LOAD /Applications/STM32CubeIDE.app/Contents/Eclipse/plugins/com.st.stm32cube.ide.mcu.externaltools.gnu-tools-for-stm32.10.3-2021.10.macos64_1.0.200.202301161003/tools/bin/../lib/gcc/arm-none-eabi/10.3.1/../../../../arm-none-eabi/lib/thumb/v7e-m+dp/hard/libnosys.a
END GROUP
START GROUP
LOAD /Applications/STM32CubeIDE.app/Contents/Eclipse/plugins/com.st.stm32cube.ide.mcu.externaltools.gnu-tools-for-stm32.10.3-2021.10.macos64_1.0.200.202301161003/tools/bin/../lib/gcc/arm-none-eabi/10.3.1/thumb/v7e-m+dp/hard/libgcc.a
LOAD /Applications/STM32CubeIDE.app/Contents/Eclipse/plugins/com.st.stm32cube.ide.mcu.externaltools.gnu-tools-for-stm32.10.3-2021.10.macos64_1.0.200.202301161003/tools/bin/../lib/gcc/arm-none-eabi/10.3.1/../../../../arm-none-eabi/lib/thumb/v7e-m+dp/hard/libc_nano.a
LOAD /Applications/STM32CubeIDE.app/Contents/Eclipse/plugins/com.st.stm32cube.ide.mcu.externaltools.gnu-tools-for-stm32.10.3-2021.10.macos64_1.0.200.202301161003/tools/bin/../lib/gcc/arm-none-eabi/10.3.1/../../../../arm-none-eabi/lib/thumb/v7e-m+dp/hard/libnosys.a
END GROUP
LOAD /Applications/STM32CubeIDE.app/Contents/Eclipse/plugins/com.st.stm32cube.ide.mcu.externaltools.gnu-tools-for-stm32.10.3-2021.10.macos64_1.0.200.202301161003/tools/bin/../lib/gcc/arm-none-eabi/10.3.1/thumb/v7e-m+dp/hard/crtend.o
LOAD /Applications/STM32CubeIDE.app/Contents/Eclipse/plugins/com.st.stm32cube.ide.mcu.externaltools.gnu-tools-for-stm32.10.3-2021.10.macos64_1.0.200.202301161003/tools/bin/../lib/gcc/arm-none-eabi/10.3.1/thumb/v7e-m+dp/hard/crtn.o
                0x0000000024080000                _estack = (ORIGIN (RAM_D1) + LENGTH (RAM_D1))
                0x0000000000000200                _Min_Heap_Size = 0x200
                0x0000000000000400                _Min_Stack_Size = 0x400

.isr_vector     0x0000000008000000      0x298
                0x0000000008000000                . = ALIGN (0x4)
 *(.isr_vector)
 .isr_vector    0x0000000008000000      0x298 ./Core/Startup/startup_stm32h750xbhx.o
                0x0000000008000000                g_pfnVectors
                0x0000000008000298                . = ALIGN (0x4)

.text           0x0000000008000298     0x6580
                0x0000000008000298                . = ALIGN (0x4)
 *(.text)
 .text          0x0000000008000298       0x40 /Applications/STM32CubeIDE.app/Contents/Eclipse/plugins/com.st.stm32cube.ide.mcu.externaltools.gnu-tools-for-stm32.10.3-2021.10.macos64_1.0.200.202301161003/tools/bin/../lib/gcc/arm-none-eabi/10.3.1/thumb/v7e-m+dp/hard/crtbegin.o
 .text          0x00000000080002d8       0x10 /Applications/STM32CubeIDE.app/Contents/Eclipse/plugins/com.st.stm32cube.ide.mcu.externaltools.gnu-tools-for-stm32.10.3-2021.10.macos64_1.0.200.202301161003/tools/bin/../lib/gcc/arm-none-eabi/10.3.1/../../../../arm-none-eabi/lib/thumb/v7e-m+dp/hard/libc_nano.a(lib_a-strlen.o)
                0x00000000080002d8                strlen
 .text          0x00000000080002e8       0x30 /Applications/STM32CubeIDE.app/Contents/Eclipse/plugins/com.st.stm32cube.ide.mcu.externaltools.gnu-tools-for-stm32.10.3-2021.10.macos64_1.0.200.202301161003/tools/bin/../lib/gcc/arm-none-eabi/10.3.1/thumb/v7e-m+dp/hard/libgcc.a(_aeabi_uldivmod.o)
                0x00000000080002e8                __aeabi_uldivmod
 .text          0x0000000008000318      0x2d0 /Applications/STM32CubeIDE.app/Contents/Eclipse/plugins/com.st.stm32cube.ide.mcu.externaltools.gnu-tools-for-stm32.10.3-2021.10.macos64_1.0.200.202301161003/tools/bin/../lib/gcc/arm-none-eabi/10.3.1/thumb/v7e-m+dp/hard/libgcc.a(_udivmoddi4.o)
                0x0000000008000318                __udivmoddi4
 .text          0x00000000080005e8        0x4 /Applications/STM32CubeIDE.app/Contents/Eclipse/plugins/com.st.stm32cube.ide.mcu.externaltools.gnu-tools-for-stm32.10.3-2021.10.macos64_1.0.200.202301161003/tools/bin/../lib/gcc/arm-none-eabi/10.3.1/thumb/v7e-m+dp/hard/libgcc.a(_dvmd_tls.o)
                0x00000000080005e8                __aeabi_ldiv0
                0x00000000080005e8                __aeabi_idiv0
 *(.text*)
 .text.main     0x00000000080005ec       0x16 ./Core/Src/main.o
                0x00000000080005ec                main
 *fill*         0x0000000008000602        0x2 
 .text.SystemClock_Config
                0x0000000008000604       0xd4 ./Core/Src/main.o
                0x0000000008000604                SystemClock_Config
 .text.MX_USART3_UART_Init
                0x00000000080006d8       0xc0 ./Core/Src/main.o
 .text.MX_GPIO_Init
                0x0000000008000798       0x34 ./Core/Src/main.o
 .text.HAL_UART_TxCpltCallback
                0x00000000080007cc       0x5c ./Core/Src/main.o
                0x00000000080007cc                HAL_UART_TxCpltCallback
 .text.Error_Handler
                0x0000000008000828        0xa ./Core/Src/main.o
                0x0000000008000828                Error_Handler
 *fill*         0x0000000008000832        0x2 
 .text.HAL_MspInit
                0x0000000008000834       0x34 ./Core/Src/stm32h7xx_hal_msp.o
                0x0000000008000834                HAL_MspInit
 .text.HAL_UART_MspInit
                0x0000000008000868       0xe4 ./Core/Src/stm32h7xx_hal_msp.o
                0x0000000008000868                HAL_UART_MspInit
 .text.NMI_Handler
                0x000000000800094c        0x6 ./Core/Src/stm32h7xx_it.o
                0x000000000800094c                NMI_Handler
 .text.HardFault_Handler
                0x0000000008000952        0x6 ./Core/Src/stm32h7xx_it.o
                0x0000000008000952                HardFault_Handler
 .text.MemManage_Handler
                0x0000000008000958        0x6 ./Core/Src/stm32h7xx_it.o
                0x0000000008000958                MemManage_Handler
 .text.BusFault_Handler
                0x000000000800095e        0x6 ./Core/Src/stm32h7xx_it.o
                0x000000000800095e                BusFault_Handler
 .text.UsageFault_Handler
                0x0000000008000964        0x6 ./Core/Src/stm32h7xx_it.o
                0x0000000008000964                UsageFault_Handler
 .text.SVC_Handler
                0x000000000800096a        0xe ./Core/Src/stm32h7xx_it.o
                0x000000000800096a                SVC_Handler
 .text.DebugMon_Handler
                0x0000000008000978        0xe ./Core/Src/stm32h7xx_it.o
                0x0000000008000978                DebugMon_Handler
 .text.PendSV_Handler
                0x0000000008000986        0xe ./Core/Src/stm32h7xx_it.o
                0x0000000008000986                PendSV_Handler
 .text.SysTick_Handler
                0x0000000008000994        0xc ./Core/Src/stm32h7xx_it.o
                0x0000000008000994                SysTick_Handler
 .text.USART3_IRQHandler
                0x00000000080009a0       0x14 ./Core/Src/stm32h7xx_it.o
                0x00000000080009a0                USART3_IRQHandler
 .text.SystemInit
                0x00000000080009b4      0x110 ./Core/Src/system_stm32h7xx.o
                0x00000000080009b4                SystemInit
 .text.Reset_Handler
                0x0000000008000ac4       0x50 ./Core/Startup/startup_stm32h750xbhx.o
                0x0000000008000ac4                Reset_Handler
 .text.Default_Handler
                0x0000000008000b14        0x2 ./Core/Startup/startup_stm32h750xbhx.o
                0x0000000008000b14                DMA1_Stream3_IRQHandler
                0x0000000008000b14                HASH_RNG_IRQHandler
                0x0000000008000b14                EXTI2_IRQHandler
                0x0000000008000b14                TIM8_CC_IRQHandler
                0x0000000008000b14                HRTIM1_Master_IRQHandler
                0x0000000008000b14                UART8_IRQHandler
                0x0000000008000b14                SPI4_IRQHandler
                0x0000000008000b14                TIM1_CC_IRQHandler
                0x0000000008000b14                BDMA_Channel6_IRQHandler
                0x0000000008000b14                DMA2_Stream5_IRQHandler
                0x0000000008000b14                HRTIM1_FLT_IRQHandler
                0x0000000008000b14                JPEG_IRQHandler
                0x0000000008000b14                DMA1_Stream5_IRQHandler
                0x0000000008000b14                BDMA_Channel1_IRQHandler
                0x0000000008000b14                HRTIM1_TIMD_IRQHandler
                0x0000000008000b14                TAMP_STAMP_IRQHandler
                0x0000000008000b14                EXTI3_IRQHandler
                0x0000000008000b14                LPTIM4_IRQHandler
                0x0000000008000b14                TIM8_TRG_COM_TIM14_IRQHandler
                0x0000000008000b14                LPTIM2_IRQHandler
                0x0000000008000b14                DFSDM1_FLT1_IRQHandler
                0x0000000008000b14                DMAMUX2_OVR_IRQHandler
                0x0000000008000b14                TIM8_UP_TIM13_IRQHandler
                0x0000000008000b14                I2C3_ER_IRQHandler
                0x0000000008000b14                DFSDM1_FLT2_IRQHandler
                0x0000000008000b14                MDMA_IRQHandler
                0x0000000008000b14                LPTIM3_IRQHandler
                0x0000000008000b14                HSEM1_IRQHandler
                0x0000000008000b14                EXTI0_IRQHandler
                0x0000000008000b14                I2C2_EV_IRQHandler
                0x0000000008000b14                DMA1_Stream2_IRQHandler
                0x0000000008000b14                FPU_IRQHandler
                0x0000000008000b14                OTG_HS_WKUP_IRQHandler
                0x0000000008000b14                FDCAN1_IT1_IRQHandler
                0x0000000008000b14                LTDC_ER_IRQHandler
                0x0000000008000b14                DMA2_Stream2_IRQHandler
                0x0000000008000b14                HRTIM1_TIME_IRQHandler
                0x0000000008000b14                SPI1_IRQHandler
                0x0000000008000b14                TIM6_DAC_IRQHandler
                0x0000000008000b14                DCMI_IRQHandler
                0x0000000008000b14                HRTIM1_TIMC_IRQHandler
                0x0000000008000b14                DMA2_Stream3_IRQHandler
                0x0000000008000b14                SAI2_IRQHandler
                0x0000000008000b14                DFSDM1_FLT3_IRQHandler
                0x0000000008000b14                USART6_IRQHandler
                0x0000000008000b14                TIM17_IRQHandler
                0x0000000008000b14                BDMA_Channel7_IRQHandler
                0x0000000008000b14                CRYP_IRQHandler
                0x0000000008000b14                LPTIM5_IRQHandler
                0x0000000008000b14                UART5_IRQHandler
                0x0000000008000b14                ADC3_IRQHandler
                0x0000000008000b14                DMA2_Stream0_IRQHandler
                0x0000000008000b14                TIM4_IRQHandler
                0x0000000008000b14                BDMA_Channel2_IRQHandler
                0x0000000008000b14                QUADSPI_IRQHandler
                0x0000000008000b14                I2C1_EV_IRQHandler
                0x0000000008000b14                DMA1_Stream6_IRQHandler
                0x0000000008000b14                DMAMUX1_OVR_IRQHandler
                0x0000000008000b14                DMA1_Stream1_IRQHandler
                0x0000000008000b14                TIM16_IRQHandler
                0x0000000008000b14                UART4_IRQHandler
                0x0000000008000b14                BDMA_Channel5_IRQHandler
                0x0000000008000b14                TIM3_IRQHandler
                0x0000000008000b14                RCC_IRQHandler
                0x0000000008000b14                TIM8_BRK_TIM12_IRQHandler
                0x0000000008000b14                TIM1_TRG_COM_IRQHandler
                0x0000000008000b14                Default_Handler
                0x0000000008000b14                ECC_IRQHandler
                0x0000000008000b14                CEC_IRQHandler
                0x0000000008000b14                EXTI15_10_IRQHandler
                0x0000000008000b14                BDMA_Channel0_IRQHandler
                0x0000000008000b14                ADC_IRQHandler
                0x0000000008000b14                DMA1_Stream7_IRQHandler
                0x0000000008000b14                HRTIM1_TIMA_IRQHandler
                0x0000000008000b14                SPI5_IRQHandler
                0x0000000008000b14                TIM7_IRQHandler
                0x0000000008000b14                SDMMC1_IRQHandler
                0x0000000008000b14                TIM5_IRQHandler
                0x0000000008000b14                DMA2_Stream7_IRQHandler
                0x0000000008000b14                TIM15_IRQHandler
                0x0000000008000b14                PVD_AVD_IRQHandler
                0x0000000008000b14                I2C3_EV_IRQHandler
                0x0000000008000b14                EXTI9_5_IRQHandler
                0x0000000008000b14                RTC_WKUP_IRQHandler
                0x0000000008000b14                LTDC_IRQHandler
                0x0000000008000b14                SAI3_IRQHandler
                0x0000000008000b14                ETH_WKUP_IRQHandler
                0x0000000008000b14                SPDIF_RX_IRQHandler
                0x0000000008000b14                SPI2_IRQHandler
                0x0000000008000b14                OTG_HS_EP1_IN_IRQHandler
                0x0000000008000b14                DMA1_Stream0_IRQHandler
                0x0000000008000b14                CRS_IRQHandler
                0x0000000008000b14                EXTI4_IRQHandler
                0x0000000008000b14                HRTIM1_TIMB_IRQHandler
                0x0000000008000b14                FDCAN2_IT1_IRQHandler
                0x0000000008000b14                ETH_IRQHandler
                0x0000000008000b14                TIM1_UP_IRQHandler
                0x0000000008000b14                BDMA_Channel4_IRQHandler
                0x0000000008000b14                OTG_HS_EP1_OUT_IRQHandler
                0x0000000008000b14                WWDG_IRQHandler
                0x0000000008000b14                SPI6_IRQHandler
                0x0000000008000b14                MDIOS_IRQHandler
                0x0000000008000b14                I2C4_EV_IRQHandler
                0x0000000008000b14                FDCAN2_IT0_IRQHandler
                0x0000000008000b14                LPUART1_IRQHandler
                0x0000000008000b14                FDCAN1_IT0_IRQHandler
                0x0000000008000b14                TIM2_IRQHandler
                0x0000000008000b14                OTG_FS_WKUP_IRQHandler
                0x0000000008000b14                OTG_HS_IRQHandler
                0x0000000008000b14                DMA2D_IRQHandler
                0x0000000008000b14                TIM1_BRK_IRQHandler
                0x0000000008000b14                EXTI1_IRQHandler
                0x0000000008000b14                SDMMC2_IRQHandler
                0x0000000008000b14                OTG_FS_EP1_OUT_IRQHandler
                0x0000000008000b14                BDMA_Channel3_IRQHandler
                0x0000000008000b14                UART7_IRQHandler
                0x0000000008000b14                MDIOS_WKUP_IRQHandler
                0x0000000008000b14                USART2_IRQHandler
                0x0000000008000b14                DFSDM1_FLT0_IRQHandler
                0x0000000008000b14                SAI4_IRQHandler
                0x0000000008000b14                I2C2_ER_IRQHandler
                0x0000000008000b14                DMA2_Stream1_IRQHandler
                0x0000000008000b14                FLASH_IRQHandler
                0x0000000008000b14                DMA2_Stream4_IRQHandler
                0x0000000008000b14                USART1_IRQHandler
                0x0000000008000b14                OTG_FS_IRQHandler
                0x0000000008000b14                SPI3_IRQHandler
                0x0000000008000b14                WAKEUP_PIN_IRQHandler
                0x0000000008000b14                DMA1_Stream4_IRQHandler
                0x0000000008000b14                OTG_FS_EP1_IN_IRQHandler
                0x0000000008000b14                I2C1_ER_IRQHandler
                0x0000000008000b14                FMC_IRQHandler
                0x0000000008000b14                FDCAN_CAL_IRQHandler
                0x0000000008000b14                SWPMI1_IRQHandler
                0x0000000008000b14                COMP1_IRQHandler
                0x0000000008000b14                LPTIM1_IRQHandler
                0x0000000008000b14                I2C4_ER_IRQHandler
                0x0000000008000b14                DMA2_Stream6_IRQHandler
                0x0000000008000b14                SAI1_IRQHandler
                0x0000000008000b14                RTC_Alarm_IRQHandler
 *fill*         0x0000000008000b16        0x2 
 .text.HAL_Init
                0x0000000008000b18       0x78 ./Drivers/STM32H7xx_HAL_Driver/Src/stm32h7xx_hal.o
                0x0000000008000b18                HAL_Init
 .text.HAL_InitTick
                0x0000000008000b90       0x6c ./Drivers/STM32H7xx_HAL_Driver/Src/stm32h7xx_hal.o
                0x0000000008000b90                HAL_InitTick
 .text.HAL_IncTick
                0x0000000008000bfc       0x28 ./Drivers/STM32H7xx_HAL_Driver/Src/stm32h7xx_hal.o
                0x0000000008000bfc                HAL_IncTick
 .text.HAL_GetTick
                0x0000000008000c24       0x18 ./Drivers/STM32H7xx_HAL_Driver/Src/stm32h7xx_hal.o
                0x0000000008000c24                HAL_GetTick
 .text.HAL_GetREVID
                0x0000000008000c3c       0x18 ./Drivers/STM32H7xx_HAL_Driver/Src/stm32h7xx_hal.o
                0x0000000008000c3c                HAL_GetREVID
 .text.__NVIC_SetPriorityGrouping
                0x0000000008000c54       0x48 ./Drivers/STM32H7xx_HAL_Driver/Src/stm32h7xx_hal_cortex.o
 .text.__NVIC_GetPriorityGrouping
                0x0000000008000c9c       0x1c ./Drivers/STM32H7xx_HAL_Driver/Src/stm32h7xx_hal_cortex.o
 .text.__NVIC_EnableIRQ
                0x0000000008000cb8       0x3c ./Drivers/STM32H7xx_HAL_Driver/Src/stm32h7xx_hal_cortex.o
 .text.__NVIC_SetPriority
                0x0000000008000cf4       0x54 ./Drivers/STM32H7xx_HAL_Driver/Src/stm32h7xx_hal_cortex.o
 .text.NVIC_EncodePriority
                0x0000000008000d48       0x66 ./Drivers/STM32H7xx_HAL_Driver/Src/stm32h7xx_hal_cortex.o
 *fill*         0x0000000008000dae        0x2 
 .text.SysTick_Config
                0x0000000008000db0       0x44 ./Drivers/STM32H7xx_HAL_Driver/Src/stm32h7xx_hal_cortex.o
 .text.HAL_NVIC_SetPriorityGrouping
                0x0000000008000df4       0x16 ./Drivers/STM32H7xx_HAL_Driver/Src/stm32h7xx_hal_cortex.o
                0x0000000008000df4                HAL_NVIC_SetPriorityGrouping
 .text.HAL_NVIC_SetPriority
                0x0000000008000e0a       0x34 ./Drivers/STM32H7xx_HAL_Driver/Src/stm32h7xx_hal_cortex.o
                0x0000000008000e0a                HAL_NVIC_SetPriority
 .text.HAL_NVIC_EnableIRQ
                0x0000000008000e3e       0x1c ./Drivers/STM32H7xx_HAL_Driver/Src/stm32h7xx_hal_cortex.o
                0x0000000008000e3e                HAL_NVIC_EnableIRQ
 .text.HAL_SYSTICK_Config
                0x0000000008000e5a       0x18 ./Drivers/STM32H7xx_HAL_Driver/Src/stm32h7xx_hal_cortex.o
                0x0000000008000e5a                HAL_SYSTICK_Config
 *fill*         0x0000000008000e72        0x2 
 .text.HAL_DMA_Abort
                0x0000000008000e74      0x63c ./Drivers/STM32H7xx_HAL_Driver/Src/stm32h7xx_hal_dma.o
                0x0000000008000e74                HAL_DMA_Abort
 .text.HAL_DMA_Abort_IT
                0x00000000080014b0      0x48c ./Drivers/STM32H7xx_HAL_Driver/Src/stm32h7xx_hal_dma.o
                0x00000000080014b0                HAL_DMA_Abort_IT
 .text.HAL_GPIO_Init
                0x000000000800193c      0x360 ./Drivers/STM32H7xx_HAL_Driver/Src/stm32h7xx_hal_gpio.o
                0x000000000800193c                HAL_GPIO_Init
 .text.HAL_PWREx_ConfigSupply
                0x0000000008001c9c       0x74 ./Drivers/STM32H7xx_HAL_Driver/Src/stm32h7xx_hal_pwr_ex.o
                0x0000000008001c9c                HAL_PWREx_ConfigSupply
 .text.HAL_RCC_OscConfig
                0x0000000008001d10      0x8b4 ./Drivers/STM32H7xx_HAL_Driver/Src/stm32h7xx_hal_rcc.o
                0x0000000008001d10                HAL_RCC_OscConfig
 .text.HAL_RCC_ClockConfig
                0x00000000080025c4      0x36c ./Drivers/STM32H7xx_HAL_Driver/Src/stm32h7xx_hal_rcc.o
                0x00000000080025c4                HAL_RCC_ClockConfig
 .text.HAL_RCC_GetSysClockFreq
                0x0000000008002930      0x2f4 ./Drivers/STM32H7xx_HAL_Driver/Src/stm32h7xx_hal_rcc.o
                0x0000000008002930                HAL_RCC_GetSysClockFreq
 .text.HAL_RCC_GetHCLKFreq
                0x0000000008002c24       0x60 ./Drivers/STM32H7xx_HAL_Driver/Src/stm32h7xx_hal_rcc.o
                0x0000000008002c24                HAL_RCC_GetHCLKFreq
 .text.HAL_RCC_GetPCLK1Freq
                0x0000000008002c84       0x2c ./Drivers/STM32H7xx_HAL_Driver/Src/stm32h7xx_hal_rcc.o
                0x0000000008002c84                HAL_RCC_GetPCLK1Freq
 .text.HAL_RCC_GetPCLK2Freq
                0x0000000008002cb0       0x2c ./Drivers/STM32H7xx_HAL_Driver/Src/stm32h7xx_hal_rcc.o
                0x0000000008002cb0                HAL_RCC_GetPCLK2Freq
 .text.HAL_RCCEx_PeriphCLKConfig
                0x0000000008002cdc     0x1414 ./Drivers/STM32H7xx_HAL_Driver/Src/stm32h7xx_hal_rcc_ex.o
                0x0000000008002cdc                HAL_RCCEx_PeriphCLKConfig
 .text.HAL_RCCEx_GetD3PCLK1Freq
                0x00000000080040f0       0x2c ./Drivers/STM32H7xx_HAL_Driver/Src/stm32h7xx_hal_rcc_ex.o
                0x00000000080040f0                HAL_RCCEx_GetD3PCLK1Freq
 .text.HAL_RCCEx_GetPLL2ClockFreq
                0x000000000800411c      0x2a8 ./Drivers/STM32H7xx_HAL_Driver/Src/stm32h7xx_hal_rcc_ex.o
                0x000000000800411c                HAL_RCCEx_GetPLL2ClockFreq
 .text.HAL_RCCEx_GetPLL3ClockFreq
                0x00000000080043c4      0x2a8 ./Drivers/STM32H7xx_HAL_Driver/Src/stm32h7xx_hal_rcc_ex.o
                0x00000000080043c4                HAL_RCCEx_GetPLL3ClockFreq
 .text.RCCEx_PLL2_Config
                0x000000000800466c      0x164 ./Drivers/STM32H7xx_HAL_Driver/Src/stm32h7xx_hal_rcc_ex.o
 .text.RCCEx_PLL3_Config
                0x00000000080047d0      0x164 ./Drivers/STM32H7xx_HAL_Driver/Src/stm32h7xx_hal_rcc_ex.o
 .text.HAL_UART_Init
                0x0000000008004934       0xa0 ./Drivers/STM32H7xx_HAL_Driver/Src/stm32h7xx_hal_uart.o
                0x0000000008004934                HAL_UART_Init
 .text.HAL_UART_Transmit_IT
                0x00000000080049d4      0x128 ./Drivers/STM32H7xx_HAL_Driver/Src/stm32h7xx_hal_uart.o
                0x00000000080049d4                HAL_UART_Transmit_IT
 .text.HAL_UART_IRQHandler
                0x0000000008004afc      0x774 ./Drivers/STM32H7xx_HAL_Driver/Src/stm32h7xx_hal_uart.o
                0x0000000008004afc                HAL_UART_IRQHandler
 .text.HAL_UART_ErrorCallback
                0x0000000008005270       0x14 ./Drivers/STM32H7xx_HAL_Driver/Src/stm32h7xx_hal_uart.o
                0x0000000008005270                HAL_UART_ErrorCallback
 .text.HAL_UARTEx_RxEventCallback
                0x0000000008005284       0x18 ./Drivers/STM32H7xx_HAL_Driver/Src/stm32h7xx_hal_uart.o
                0x0000000008005284                HAL_UARTEx_RxEventCallback
 .text.UART_SetConfig
                0x000000000800529c      0xad0 ./Drivers/STM32H7xx_HAL_Driver/Src/stm32h7xx_hal_uart.o
                0x000000000800529c                UART_SetConfig
 .text.UART_AdvFeatureConfig
                0x0000000008005d6c      0x144 ./Drivers/STM32H7xx_HAL_Driver/Src/stm32h7xx_hal_uart.o
                0x0000000008005d6c                UART_AdvFeatureConfig
 .text.UART_CheckIdleState
                0x0000000008005eb0      0x154 ./Drivers/STM32H7xx_HAL_Driver/Src/stm32h7xx_hal_uart.o
                0x0000000008005eb0                UART_CheckIdleState
 .text.UART_WaitOnFlagUntilTimeout
                0x0000000008006004       0xce ./Drivers/STM32H7xx_HAL_Driver/Src/stm32h7xx_hal_uart.o
                0x0000000008006004                UART_WaitOnFlagUntilTimeout
 *fill*         0x00000000080060d2        0x2 
 .text.UART_EndRxTransfer
                0x00000000080060d4       0xcc ./Drivers/STM32H7xx_HAL_Driver/Src/stm32h7xx_hal_uart.o
 .text.UART_DMAAbortOnError
                0x00000000080061a0       0x2c ./Drivers/STM32H7xx_HAL_Driver/Src/stm32h7xx_hal_uart.o
 .text.UART_TxISR_8BIT
                0x00000000080061cc       0xb8 ./Drivers/STM32H7xx_HAL_Driver/Src/stm32h7xx_hal_uart.o
 .text.UART_TxISR_16BIT
                0x0000000008006284       0xc2 ./Drivers/STM32H7xx_HAL_Driver/Src/stm32h7xx_hal_uart.o
 .text.UART_TxISR_8BIT_FIFOEN
                0x0000000008006346       0xe0 ./Drivers/STM32H7xx_HAL_Driver/Src/stm32h7xx_hal_uart.o
 .text.UART_TxISR_16BIT_FIFOEN
                0x0000000008006426       0xea ./Drivers/STM32H7xx_HAL_Driver/Src/stm32h7xx_hal_uart.o
 .text.UART_EndTransmit_IT
                0x0000000008006510       0x56 ./Drivers/STM32H7xx_HAL_Driver/Src/stm32h7xx_hal_uart.o
 .text.HAL_UARTEx_WakeupCallback
                0x0000000008006566       0x14 ./Drivers/STM32H7xx_HAL_Driver/Src/stm32h7xx_hal_uart_ex.o
                0x0000000008006566                HAL_UARTEx_WakeupCallback
 .text.HAL_UARTEx_RxFifoFullCallback
                0x000000000800657a       0x14 ./Drivers/STM32H7xx_HAL_Driver/Src/stm32h7xx_hal_uart_ex.o
                0x000000000800657a                HAL_UARTEx_RxFifoFullCallback
 .text.HAL_UARTEx_TxFifoEmptyCallback
                0x000000000800658e       0x14 ./Drivers/STM32H7xx_HAL_Driver/Src/stm32h7xx_hal_uart_ex.o
                0x000000000800658e                HAL_UARTEx_TxFifoEmptyCallback
 .text.HAL_UARTEx_DisableFifoMode
                0x00000000080065a2       0x72 ./Drivers/STM32H7xx_HAL_Driver/Src/stm32h7xx_hal_uart_ex.o
                0x00000000080065a2                HAL_UARTEx_DisableFifoMode
 .text.HAL_UARTEx_SetTxFifoThreshold
                0x0000000008006614       0x7c ./Drivers/STM32H7xx_HAL_Driver/Src/stm32h7xx_hal_uart_ex.o
                0x0000000008006614                HAL_UARTEx_SetTxFifoThreshold
 .text.HAL_UARTEx_SetRxFifoThreshold
                0x0000000008006690       0x7c ./Drivers/STM32H7xx_HAL_Driver/Src/stm32h7xx_hal_uart_ex.o
                0x0000000008006690                HAL_UARTEx_SetRxFifoThreshold
 .text.UARTEx_SetNbDataToProcess
                0x000000000800670c       0x9c ./Drivers/STM32H7xx_HAL_Driver/Src/stm32h7xx_hal_uart_ex.o
 .text.__libc_init_array
                0x00000000080067a8       0x48 /Applications/STM32CubeIDE.app/Contents/Eclipse/plugins/com.st.stm32cube.ide.mcu.externaltools.gnu-tools-for-stm32.10.3-2021.10.macos64_1.0.200.202301161003/tools/bin/../lib/gcc/arm-none-eabi/10.3.1/../../../../arm-none-eabi/lib/thumb/v7e-m+dp/hard/libc_nano.a(lib_a-init.o)
                0x00000000080067a8                __libc_init_array
 .text.memset   0x00000000080067f0       0x10 /Applications/STM32CubeIDE.app/Contents/Eclipse/plugins/com.st.stm32cube.ide.mcu.externaltools.gnu-tools-for-stm32.10.3-2021.10.macos64_1.0.200.202301161003/tools/bin/../lib/gcc/arm-none-eabi/10.3.1/../../../../arm-none-eabi/lib/thumb/v7e-m+dp/hard/libc_nano.a(lib_a-memset.o)
                0x00000000080067f0                memset
 *(.glue_7)
 .glue_7        0x0000000008006800        0x0 linker stubs
 *(.glue_7t)
 .glue_7t       0x0000000008006800        0x0 linker stubs
 *(.eh_frame)
 .eh_frame      0x0000000008006800        0x0 /Applications/STM32CubeIDE.app/Contents/Eclipse/plugins/com.st.stm32cube.ide.mcu.externaltools.gnu-tools-for-stm32.10.3-2021.10.macos64_1.0.200.202301161003/tools/bin/../lib/gcc/arm-none-eabi/10.3.1/thumb/v7e-m+dp/hard/crtbegin.o
 *(.init)
 .init          0x0000000008006800        0x4 /Applications/STM32CubeIDE.app/Contents/Eclipse/plugins/com.st.stm32cube.ide.mcu.externaltools.gnu-tools-for-stm32.10.3-2021.10.macos64_1.0.200.202301161003/tools/bin/../lib/gcc/arm-none-eabi/10.3.1/thumb/v7e-m+dp/hard/crti.o
                0x0000000008006800                _init
 .init          0x0000000008006804        0x8 /Applications/STM32CubeIDE.app/Contents/Eclipse/plugins/com.st.stm32cube.ide.mcu.externaltools.gnu-tools-for-stm32.10.3-2021.10.macos64_1.0.200.202301161003/tools/bin/../lib/gcc/arm-none-eabi/10.3.1/thumb/v7e-m+dp/hard/crtn.o
 *(.fini)
 .fini          0x000000000800680c        0x4 /Applications/STM32CubeIDE.app/Contents/Eclipse/plugins/com.st.stm32cube.ide.mcu.externaltools.gnu-tools-for-stm32.10.3-2021.10.macos64_1.0.200.202301161003/tools/bin/../lib/gcc/arm-none-eabi/10.3.1/thumb/v7e-m+dp/hard/crti.o
                0x000000000800680c                _fini
 .fini          0x0000000008006810        0x8 /Applications/STM32CubeIDE.app/Contents/Eclipse/plugins/com.st.stm32cube.ide.mcu.externaltools.gnu-tools-for-stm32.10.3-2021.10.macos64_1.0.200.202301161003/tools/bin/../lib/gcc/arm-none-eabi/10.3.1/thumb/v7e-m+dp/hard/crtn.o
                0x0000000008006818                . = ALIGN (0x4)
                0x0000000008006818                _etext = .

.vfp11_veneer   0x0000000008006818        0x0
 .vfp11_veneer  0x0000000008006818        0x0 linker stubs

.v4_bx          0x0000000008006818        0x0
 .v4_bx         0x0000000008006818        0x0 linker stubs

.iplt           0x0000000008006818        0x0
 .iplt          0x0000000008006818        0x0 /Applications/STM32CubeIDE.app/Contents/Eclipse/plugins/com.st.stm32cube.ide.mcu.externaltools.gnu-tools-for-stm32.10.3-2021.10.macos64_1.0.200.202301161003/tools/bin/../lib/gcc/arm-none-eabi/10.3.1/thumb/v7e-m+dp/hard/crtbegin.o

.rodata         0x0000000008006818       0x38
                0x0000000008006818                . = ALIGN (0x4)
 *(.rodata)
 *(.rodata*)
 .rodata.D1CorePrescTable
                0x0000000008006818       0x10 ./Core/Src/system_stm32h7xx.o
                0x0000000008006818                D1CorePrescTable
 .rodata.UARTPrescTable
                0x0000000008006828       0x18 ./Drivers/STM32H7xx_HAL_Driver/Src/stm32h7xx_hal_uart.o
                0x0000000008006828                UARTPrescTable
 .rodata.numerator.1
                0x0000000008006840        0x8 ./Drivers/STM32H7xx_HAL_Driver/Src/stm32h7xx_hal_uart_ex.o
 .rodata.denominator.0
                0x0000000008006848        0x8 ./Drivers/STM32H7xx_HAL_Driver/Src/stm32h7xx_hal_uart_ex.o
                0x0000000008006850                . = ALIGN (0x4)

.ARM.extab
 *(.ARM.extab* .gnu.linkonce.armextab.*)

.ARM            0x0000000008006850        0x8
                0x0000000008006850                __exidx_start = .
 *(.ARM.exidx*)
 .ARM.exidx     0x0000000008006850        0x8 /Applications/STM32CubeIDE.app/Contents/Eclipse/plugins/com.st.stm32cube.ide.mcu.externaltools.gnu-tools-for-stm32.10.3-2021.10.macos64_1.0.200.202301161003/tools/bin/../lib/gcc/arm-none-eabi/10.3.1/thumb/v7e-m+dp/hard/libgcc.a(_udivmoddi4.o)
                0x0000000008006858                __exidx_end = .

.rel.dyn        0x0000000008006858        0x0
 .rel.iplt      0x0000000008006858        0x0 /Applications/STM32CubeIDE.app/Contents/Eclipse/plugins/com.st.stm32cube.ide.mcu.externaltools.gnu-tools-for-stm32.10.3-2021.10.macos64_1.0.200.202301161003/tools/bin/../lib/gcc/arm-none-eabi/10.3.1/thumb/v7e-m+dp/hard/crtbegin.o

.preinit_array  0x0000000008006858        0x0
                0x0000000008006858                PROVIDE (__preinit_array_start = .)
 *(.preinit_array*)
                0x0000000008006858                PROVIDE (__preinit_array_end = .)

.init_array     0x0000000008006858        0x4
                0x0000000008006858                PROVIDE (__init_array_start = .)
 *(SORT_BY_NAME(.init_array.*))
 *(.init_array*)
 .init_array    0x0000000008006858        0x4 /Applications/STM32CubeIDE.app/Contents/Eclipse/plugins/com.st.stm32cube.ide.mcu.externaltools.gnu-tools-for-stm32.10.3-2021.10.macos64_1.0.200.202301161003/tools/bin/../lib/gcc/arm-none-eabi/10.3.1/thumb/v7e-m+dp/hard/crtbegin.o
                0x000000000800685c                PROVIDE (__init_array_end = .)

.fini_array     0x000000000800685c        0x4
                [!provide]                        PROVIDE (__fini_array_start = .)
 *(SORT_BY_NAME(.fini_array.*))
 *(.fini_array*)
 .fini_array    0x000000000800685c        0x4 /Applications/STM32CubeIDE.app/Contents/Eclipse/plugins/com.st.stm32cube.ide.mcu.externaltools.gnu-tools-for-stm32.10.3-2021.10.macos64_1.0.200.202301161003/tools/bin/../lib/gcc/arm-none-eabi/10.3.1/thumb/v7e-m+dp/hard/crtbegin.o
                [!provide]                        PROVIDE (__fini_array_end = .)
                0x0000000008006860                _sidata = LOADADDR (.data)

.data           0x0000000024000000       0x40 load address 0x0000000008006860
                0x0000000024000000                . = ALIGN (0x4)
                0x0000000024000000                _sdata = .
 *(.data)
 *(.data*)
 .data.buffer1  0x0000000024000000       0x15 ./Core/Src/main.o
                0x0000000024000000                buffer1
 *fill*         0x0000000024000015        0x3 
 .data.buffer2  0x0000000024000018       0x15 ./Core/Src/main.o
                0x0000000024000018                buffer2
 *fill*         0x000000002400002d        0x3 
 .data.SystemCoreClock
                0x0000000024000030        0x4 ./Core/Src/system_stm32h7xx.o
                0x0000000024000030                SystemCoreClock
 .data.SystemD2Clock
                0x0000000024000034        0x4 ./Core/Src/system_stm32h7xx.o
                0x0000000024000034                SystemD2Clock
 .data.uwTickPrio
                0x0000000024000038        0x4 ./Drivers/STM32H7xx_HAL_Driver/Src/stm32h7xx_hal.o
                0x0000000024000038                uwTickPrio
 .data.uwTickFreq
                0x000000002400003c        0x1 ./Drivers/STM32H7xx_HAL_Driver/Src/stm32h7xx_hal.o
                0x000000002400003c                uwTickFreq
 *(.RamFunc)
 *(.RamFunc*)
                0x0000000024000040                . = ALIGN (0x4)
 *fill*         0x000000002400003d        0x3 
                0x0000000024000040                _edata = .

.igot.plt       0x0000000024000040        0x0 load address 0x00000000080068a0
 .igot.plt      0x0000000024000040        0x0 /Applications/STM32CubeIDE.app/Contents/Eclipse/plugins/com.st.stm32cube.ide.mcu.externaltools.gnu-tools-for-stm32.10.3-2021.10.macos64_1.0.200.202301161003/tools/bin/../lib/gcc/arm-none-eabi/10.3.1/thumb/v7e-m+dp/hard/crtbegin.o
                0x0000000024000040                . = ALIGN (0x4)

.bss            0x0000000024000040       0xb4 load address 0x00000000080068a0
                0x0000000024000040                _sbss = .
                0x0000000024000040                __bss_start__ = _sbss
 *(.bss)
 .bss           0x0000000024000040       0x1c /Applications/STM32CubeIDE.app/Contents/Eclipse/plugins/com.st.stm32cube.ide.mcu.externaltools.gnu-tools-for-stm32.10.3-2021.10.macos64_1.0.200.202301161003/tools/bin/../lib/gcc/arm-none-eabi/10.3.1/thumb/v7e-m+dp/hard/crtbegin.o
 *(.bss*)
 .bss.huart3    0x000000002400005c       0x94 ./Core/Src/main.o
                0x000000002400005c                huart3
 .bss.uwTick    0x00000000240000f0        0x4 ./Drivers/STM32H7xx_HAL_Driver/Src/stm32h7xx_hal.o
                0x00000000240000f0                uwTick
 *(COMMON)
                0x00000000240000f4                . = ALIGN (0x4)
                0x00000000240000f4                _ebss = .
                0x00000000240000f4                __bss_end__ = _ebss

._user_heap_stack
                0x00000000240000f4      0x604 load address 0x00000000080068a0
                0x00000000240000f8                . = ALIGN (0x8)
 *fill*         0x00000000240000f4        0x4 
                [!provide]                        PROVIDE (end = .)
                0x00000000240000f8                PROVIDE (_end = .)
                0x00000000240002f8                . = (. + _Min_Heap_Size)
 *fill*         0x00000000240000f8      0x200 
                0x00000000240006f8                . = (. + _Min_Stack_Size)
 *fill*         0x00000000240002f8      0x400 
                0x00000000240006f8                . = ALIGN (0x8)

/DISCARD/
 libc.a(*)
 libm.a(*)
 libgcc.a(*)

.ARM.attributes
                0x0000000000000000       0x2e
 *(.ARM.attributes)
 .ARM.attributes
                0x0000000000000000       0x1e /Applications/STM32CubeIDE.app/Contents/Eclipse/plugins/com.st.stm32cube.ide.mcu.externaltools.gnu-tools-for-stm32.10.3-2021.10.macos64_1.0.200.202301161003/tools/bin/../lib/gcc/arm-none-eabi/10.3.1/thumb/v7e-m+dp/hard/crti.o
 .ARM.attributes
                0x000000000000001e       0x32 /Applications/STM32CubeIDE.app/Contents/Eclipse/plugins/com.st.stm32cube.ide.mcu.externaltools.gnu-tools-for-stm32.10.3-2021.10.macos64_1.0.200.202301161003/tools/bin/../lib/gcc/arm-none-eabi/10.3.1/thumb/v7e-m+dp/hard/crtbegin.o
 .ARM.attributes
                0x0000000000000050       0x32 ./Core/Src/main.o
 .ARM.attributes
                0x0000000000000082       0x32 ./Core/Src/stm32h7xx_hal_msp.o
 .ARM.attributes
                0x00000000000000b4       0x32 ./Core/Src/stm32h7xx_it.o
 .ARM.attributes
                0x00000000000000e6       0x32 ./Core/Src/system_stm32h7xx.o
 .ARM.attributes
                0x0000000000000118       0x21 ./Core/Startup/startup_stm32h750xbhx.o
 .ARM.attributes
                0x0000000000000139       0x32 ./Drivers/STM32H7xx_HAL_Driver/Src/stm32h7xx_hal.o
 .ARM.attributes
                0x000000000000016b       0x32 ./Drivers/STM32H7xx_HAL_Driver/Src/stm32h7xx_hal_cortex.o
 .ARM.attributes
                0x000000000000019d       0x32 ./Drivers/STM32H7xx_HAL_Driver/Src/stm32h7xx_hal_dma.o
 .ARM.attributes
                0x00000000000001cf       0x32 ./Drivers/STM32H7xx_HAL_Driver/Src/stm32h7xx_hal_gpio.o
 .ARM.attributes
                0x0000000000000201       0x32 ./Drivers/STM32H7xx_HAL_Driver/Src/stm32h7xx_hal_pwr_ex.o
 .ARM.attributes
                0x0000000000000233       0x32 ./Drivers/STM32H7xx_HAL_Driver/Src/stm32h7xx_hal_rcc.o
 .ARM.attributes
                0x0000000000000265       0x32 ./Drivers/STM32H7xx_HAL_Driver/Src/stm32h7xx_hal_rcc_ex.o
 .ARM.attributes
                0x0000000000000297       0x32 ./Drivers/STM32H7xx_HAL_Driver/Src/stm32h7xx_hal_uart.o
 .ARM.attributes
                0x00000000000002c9       0x32 ./Drivers/STM32H7xx_HAL_Driver/Src/stm32h7xx_hal_uart_ex.o
 .ARM.attributes
                0x00000000000002fb       0x32 /Applications/STM32CubeIDE.app/Contents/Eclipse/plugins/com.st.stm32cube.ide.mcu.externaltools.gnu-tools-for-stm32.10.3-2021.10.macos64_1.0.200.202301161003/tools/bin/../lib/gcc/arm-none-eabi/10.3.1/../../../../arm-none-eabi/lib/thumb/v7e-m+dp/hard/libc_nano.a(lib_a-init.o)
 .ARM.attributes
                0x000000000000032d       0x32 /Applications/STM32CubeIDE.app/Contents/Eclipse/plugins/com.st.stm32cube.ide.mcu.externaltools.gnu-tools-for-stm32.10.3-2021.10.macos64_1.0.200.202301161003/tools/bin/../lib/gcc/arm-none-eabi/10.3.1/../../../../arm-none-eabi/lib/thumb/v7e-m+dp/hard/libc_nano.a(lib_a-memset.o)
 .ARM.attributes
                0x000000000000035f       0x17 /Applications/STM32CubeIDE.app/Contents/Eclipse/plugins/com.st.stm32cube.ide.mcu.externaltools.gnu-tools-for-stm32.10.3-2021.10.macos64_1.0.200.202301161003/tools/bin/../lib/gcc/arm-none-eabi/10.3.1/../../../../arm-none-eabi/lib/thumb/v7e-m+dp/hard/libc_nano.a(lib_a-strlen.o)
 .ARM.attributes
                0x0000000000000376       0x1e /Applications/STM32CubeIDE.app/Contents/Eclipse/plugins/com.st.stm32cube.ide.mcu.externaltools.gnu-tools-for-stm32.10.3-2021.10.macos64_1.0.200.202301161003/tools/bin/../lib/gcc/arm-none-eabi/10.3.1/thumb/v7e-m+dp/hard/libgcc.a(_aeabi_uldivmod.o)
 .ARM.attributes
                0x0000000000000394       0x32 /Applications/STM32CubeIDE.app/Contents/Eclipse/plugins/com.st.stm32cube.ide.mcu.externaltools.gnu-tools-for-stm32.10.3-2021.10.macos64_1.0.200.202301161003/tools/bin/../lib/gcc/arm-none-eabi/10.3.1/thumb/v7e-m+dp/hard/libgcc.a(_udivmoddi4.o)
 .ARM.attributes
                0x00000000000003c6       0x1e /Applications/STM32CubeIDE.app/Contents/Eclipse/plugins/com.st.stm32cube.ide.mcu.externaltools.gnu-tools-for-stm32.10.3-2021.10.macos64_1.0.200.202301161003/tools/bin/../lib/gcc/arm-none-eabi/10.3.1/thumb/v7e-m+dp/hard/libgcc.a(_dvmd_tls.o)
 .ARM.attributes
                0x00000000000003e4       0x1e /Applications/STM32CubeIDE.app/Contents/Eclipse/plugins/com.st.stm32cube.ide.mcu.externaltools.gnu-tools-for-stm32.10.3-2021.10.macos64_1.0.200.202301161003/tools/bin/../lib/gcc/arm-none-eabi/10.3.1/thumb/v7e-m+dp/hard/crtn.o
OUTPUT(uart_IT.elf elf32-littlearm)
LOAD linker stubs
LOAD /Applications/STM32CubeIDE.app/Contents/Eclipse/plugins/com.st.stm32cube.ide.mcu.externaltools.gnu-tools-for-stm32.10.3-2021.10.macos64_1.0.200.202301161003/tools/bin/../lib/gcc/arm-none-eabi/10.3.1/../../../../arm-none-eabi/lib/thumb/v7e-m+dp/hard/libc.a
LOAD /Applications/STM32CubeIDE.app/Contents/Eclipse/plugins/com.st.stm32cube.ide.mcu.externaltools.gnu-tools-for-stm32.10.3-2021.10.macos64_1.0.200.202301161003/tools/bin/../lib/gcc/arm-none-eabi/10.3.1/../../../../arm-none-eabi/lib/thumb/v7e-m+dp/hard/libm.a
LOAD /Applications/STM32CubeIDE.app/Contents/Eclipse/plugins/com.st.stm32cube.ide.mcu.externaltools.gnu-tools-for-stm32.10.3-2021.10.macos64_1.0.200.202301161003/tools/bin/../lib/gcc/arm-none-eabi/10.3.1/thumb/v7e-m+dp/hard/libgcc.a

.debug_info     0x0000000000000000    0x10ea5
 .debug_info    0x0000000000000000     0x1256 ./Core/Src/main.o
 .debug_info    0x0000000000001256     0x1484 ./Core/Src/stm32h7xx_hal_msp.o
 .debug_info    0x00000000000026da      0x871 ./Core/Src/stm32h7xx_it.o
 .debug_info    0x0000000000002f4b      0xd07 ./Core/Src/system_stm32h7xx.o
 .debug_info    0x0000000000003c52       0x22 ./Core/Startup/startup_stm32h750xbhx.o
 .debug_info    0x0000000000003c74     0x15dd ./Drivers/STM32H7xx_HAL_Driver/Src/stm32h7xx_hal.o
 .debug_info    0x0000000000005251     0x1173 ./Drivers/STM32H7xx_HAL_Driver/Src/stm32h7xx_hal_cortex.o
 .debug_info    0x00000000000063c4      0xcd5 ./Drivers/STM32H7xx_HAL_Driver/Src/stm32h7xx_hal_dma.o
 .debug_info    0x0000000000007099      0xd28 ./Drivers/STM32H7xx_HAL_Driver/Src/stm32h7xx_hal_gpio.o
 .debug_info    0x0000000000007dc1     0x109d ./Drivers/STM32H7xx_HAL_Driver/Src/stm32h7xx_hal_pwr_ex.o
 .debug_info    0x0000000000008e5e      0xf4a ./Drivers/STM32H7xx_HAL_Driver/Src/stm32h7xx_hal_rcc.o
 .debug_info    0x0000000000009da8     0x12d9 ./Drivers/STM32H7xx_HAL_Driver/Src/stm32h7xx_hal_rcc_ex.o
 .debug_info    0x000000000000b081     0x4dca ./Drivers/STM32H7xx_HAL_Driver/Src/stm32h7xx_hal_uart.o
 .debug_info    0x000000000000fe4b     0x105a ./Drivers/STM32H7xx_HAL_Driver/Src/stm32h7xx_hal_uart_ex.o

.debug_abbrev   0x0000000000000000     0x1e92
 .debug_abbrev  0x0000000000000000      0x274 ./Core/Src/main.o
 .debug_abbrev  0x0000000000000274      0x203 ./Core/Src/stm32h7xx_hal_msp.o
 .debug_abbrev  0x0000000000000477      0x166 ./Core/Src/stm32h7xx_it.o
 .debug_abbrev  0x00000000000005dd      0x147 ./Core/Src/system_stm32h7xx.o
 .debug_abbrev  0x0000000000000724       0x12 ./Core/Startup/startup_stm32h750xbhx.o
 .debug_abbrev  0x0000000000000736      0x289 ./Drivers/STM32H7xx_HAL_Driver/Src/stm32h7xx_hal.o
 .debug_abbrev  0x00000000000009bf      0x329 ./Drivers/STM32H7xx_HAL_Driver/Src/stm32h7xx_hal_cortex.o
 .debug_abbrev  0x0000000000000ce8      0x239 ./Drivers/STM32H7xx_HAL_Driver/Src/stm32h7xx_hal_dma.o
 .debug_abbrev  0x0000000000000f21      0x1ec ./Drivers/STM32H7xx_HAL_Driver/Src/stm32h7xx_hal_gpio.o
 .debug_abbrev  0x000000000000110d      0x28f ./Drivers/STM32H7xx_HAL_Driver/Src/stm32h7xx_hal_pwr_ex.o
 .debug_abbrev  0x000000000000139c      0x2b8 ./Drivers/STM32H7xx_HAL_Driver/Src/stm32h7xx_hal_rcc.o
 .debug_abbrev  0x0000000000001654      0x25c ./Drivers/STM32H7xx_HAL_Driver/Src/stm32h7xx_hal_rcc_ex.o
 .debug_abbrev  0x00000000000018b0      0x325 ./Drivers/STM32H7xx_HAL_Driver/Src/stm32h7xx_hal_uart.o
 .debug_abbrev  0x0000000000001bd5      0x2bd ./Drivers/STM32H7xx_HAL_Driver/Src/stm32h7xx_hal_uart_ex.o

.debug_aranges  0x0000000000000000      0xaa8
 .debug_aranges
                0x0000000000000000       0x48 ./Core/Src/main.o
 .debug_aranges
                0x0000000000000048       0x30 ./Core/Src/stm32h7xx_hal_msp.o
 .debug_aranges
                0x0000000000000078       0x68 ./Core/Src/stm32h7xx_it.o
 .debug_aranges
                0x00000000000000e0       0x28 ./Core/Src/system_stm32h7xx.o
 .debug_aranges
                0x0000000000000108       0x28 ./Core/Startup/startup_stm32h750xbhx.o
 .debug_aranges
                0x0000000000000130      0x198 ./Drivers/STM32H7xx_HAL_Driver/Src/stm32h7xx_hal.o
 .debug_aranges
                0x00000000000002c8      0x120 ./Drivers/STM32H7xx_HAL_Driver/Src/stm32h7xx_hal_cortex.o
 .debug_aranges
                0x00000000000003e8       0xa0 ./Drivers/STM32H7xx_HAL_Driver/Src/stm32h7xx_hal_dma.o
 .debug_aranges
                0x0000000000000488       0x58 ./Drivers/STM32H7xx_HAL_Driver/Src/stm32h7xx_hal_gpio.o
 .debug_aranges
                0x00000000000004e0      0x158 ./Drivers/STM32H7xx_HAL_Driver/Src/stm32h7xx_hal_pwr_ex.o
 .debug_aranges
                0x0000000000000638       0x88 ./Drivers/STM32H7xx_HAL_Driver/Src/stm32h7xx_hal_rcc.o
 .debug_aranges
                0x00000000000006c0       0xf8 ./Drivers/STM32H7xx_HAL_Driver/Src/stm32h7xx_hal_rcc_ex.o
 .debug_aranges
                0x00000000000007b8      0x248 ./Drivers/STM32H7xx_HAL_Driver/Src/stm32h7xx_hal_uart.o
 .debug_aranges
                0x0000000000000a00       0xa8 ./Drivers/STM32H7xx_HAL_Driver/Src/stm32h7xx_hal_uart_ex.o

.debug_ranges   0x0000000000000000      0xa00
 .debug_ranges  0x0000000000000000       0x38 ./Core/Src/main.o
 .debug_ranges  0x0000000000000038       0x20 ./Core/Src/stm32h7xx_hal_msp.o
 .debug_ranges  0x0000000000000058       0x58 ./Core/Src/stm32h7xx_it.o
 .debug_ranges  0x00000000000000b0       0x18 ./Core/Src/system_stm32h7xx.o
 .debug_ranges  0x00000000000000c8       0x20 ./Core/Startup/startup_stm32h750xbhx.o
 .debug_ranges  0x00000000000000e8      0x188 ./Drivers/STM32H7xx_HAL_Driver/Src/stm32h7xx_hal.o
 .debug_ranges  0x0000000000000270      0x110 ./Drivers/STM32H7xx_HAL_Driver/Src/stm32h7xx_hal_cortex.o
 .debug_ranges  0x0000000000000380       0x90 ./Drivers/STM32H7xx_HAL_Driver/Src/stm32h7xx_hal_dma.o
 .debug_ranges  0x0000000000000410       0x48 ./Drivers/STM32H7xx_HAL_Driver/Src/stm32h7xx_hal_gpio.o
 .debug_ranges  0x0000000000000458      0x148 ./Drivers/STM32H7xx_HAL_Driver/Src/stm32h7xx_hal_pwr_ex.o
 .debug_ranges  0x00000000000005a0       0x78 ./Drivers/STM32H7xx_HAL_Driver/Src/stm32h7xx_hal_rcc.o
 .debug_ranges  0x0000000000000618       0xe8 ./Drivers/STM32H7xx_HAL_Driver/Src/stm32h7xx_hal_rcc_ex.o
 .debug_ranges  0x0000000000000700      0x268 ./Drivers/STM32H7xx_HAL_Driver/Src/stm32h7xx_hal_uart.o
 .debug_ranges  0x0000000000000968       0x98 ./Drivers/STM32H7xx_HAL_Driver/Src/stm32h7xx_hal_uart_ex.o

.debug_macro    0x0000000000000000    0x35cb3
 .debug_macro   0x0000000000000000      0x2ce ./Core/Src/main.o
 .debug_macro   0x00000000000002ce      0xa90 ./Core/Src/main.o
 .debug_macro   0x0000000000000d5e      0x232 ./Core/Src/main.o
 .debug_macro   0x0000000000000f90       0x2e ./Core/Src/main.o
 .debug_macro   0x0000000000000fbe       0x3b ./Core/Src/main.o
 .debug_macro   0x0000000000000ff9       0x22 ./Core/Src/main.o
 .debug_macro   0x000000000000101b       0x8e ./Core/Src/main.o
 .debug_macro   0x00000000000010a9       0x51 ./Core/Src/main.o
 .debug_macro   0x00000000000010fa      0x103 ./Core/Src/main.o
 .debug_macro   0x00000000000011fd       0x6a ./Core/Src/main.o
 .debug_macro   0x0000000000001267      0x1df ./Core/Src/main.o
 .debug_macro   0x0000000000001446       0x1c ./Core/Src/main.o
 .debug_macro   0x0000000000001462       0x22 ./Core/Src/main.o
 .debug_macro   0x0000000000001484       0xfb ./Core/Src/main.o
 .debug_macro   0x000000000000157f     0x1305 ./Core/Src/main.o
 .debug_macro   0x0000000000002884      0x11f ./Core/Src/main.o
 .debug_macro   0x00000000000029a3       0x27 ./Core/Src/main.o
 .debug_macro   0x00000000000029ca    0x25e77 ./Core/Src/main.o
 .debug_macro   0x0000000000028841       0x6d ./Core/Src/main.o
 .debug_macro   0x00000000000288ae     0x3d5d ./Core/Src/main.o
 .debug_macro   0x000000000002c60b      0x174 ./Core/Src/main.o
 .debug_macro   0x000000000002c77f       0x52 ./Core/Src/main.o
 .debug_macro   0x000000000002c7d1       0x1d ./Core/Src/main.o
 .debug_macro   0x000000000002c7ee       0x3c ./Core/Src/main.o
 .debug_macro   0x000000000002c82a       0x34 ./Core/Src/main.o
 .debug_macro   0x000000000002c85e       0x16 ./Core/Src/main.o
 .debug_macro   0x000000000002c874       0x43 ./Core/Src/main.o
 .debug_macro   0x000000000002c8b7       0x34 ./Core/Src/main.o
 .debug_macro   0x000000000002c8eb       0x10 ./Core/Src/main.o
 .debug_macro   0x000000000002c8fb       0x58 ./Core/Src/main.o
 .debug_macro   0x000000000002c953       0x71 ./Core/Src/main.o
 .debug_macro   0x000000000002c9c4       0x1c ./Core/Src/main.o
 .debug_macro   0x000000000002c9e0      0x12a ./Core/Src/main.o
 .debug_macro   0x000000000002cb0a      0x341 ./Core/Src/main.o
 .debug_macro   0x000000000002ce4b      0x19b ./Core/Src/main.o
 .debug_macro   0x000000000002cfe6       0x5d ./Core/Src/main.o
 .debug_macro   0x000000000002d043     0x240e ./Core/Src/main.o
 .debug_macro   0x000000000002f451     0x102c ./Core/Src/main.o
 .debug_macro   0x000000000003047d      0x154 ./Core/Src/main.o
 .debug_macro   0x00000000000305d1      0x114 ./Core/Src/main.o
 .debug_macro   0x00000000000306e5      0x3b2 ./Core/Src/main.o
 .debug_macro   0x0000000000030a97       0xac ./Core/Src/main.o
 .debug_macro   0x0000000000030b43      0x72d ./Core/Src/main.o
 .debug_macro   0x0000000000031270      0x228 ./Core/Src/main.o
 .debug_macro   0x0000000000031498       0x66 ./Core/Src/main.o
 .debug_macro   0x00000000000314fe      0x3bb ./Core/Src/main.o
 .debug_macro   0x00000000000318b9      0x3e4 ./Core/Src/main.o
 .debug_macro   0x0000000000031c9d      0x275 ./Core/Src/main.o
 .debug_macro   0x0000000000031f12      0x3ca ./Core/Src/main.o
 .debug_macro   0x00000000000322dc      0x3de ./Core/Src/main.o
 .debug_macro   0x00000000000326ba       0x3c ./Core/Src/main.o
 .debug_macro   0x00000000000326f6       0x4a ./Core/Src/main.o
 .debug_macro   0x0000000000032740      0x22c ./Core/Src/main.o
 .debug_macro   0x000000000003296c       0x67 ./Core/Src/main.o
 .debug_macro   0x00000000000329d3       0xa5 ./Core/Src/main.o
 .debug_macro   0x0000000000032a78      0x1c4 ./Core/Src/main.o
 .debug_macro   0x0000000000032c3c      0x25e ./Core/Src/main.o
 .debug_macro   0x0000000000032e9a       0x35 ./Core/Src/main.o
 .debug_macro   0x0000000000032ecf      0x693 ./Core/Src/main.o
 .debug_macro   0x0000000000033562       0xa6 ./Core/Src/main.o
 .debug_macro   0x0000000000033608      0x5a0 ./Core/Src/main.o
 .debug_macro   0x0000000000033ba8       0x16 ./Core/Src/main.o
 .debug_macro   0x0000000000033bbe       0x35 ./Core/Src/main.o
 .debug_macro   0x0000000000033bf3       0x20 ./Core/Src/main.o
 .debug_macro   0x0000000000033c13      0x29e ./Core/Src/stm32h7xx_hal_msp.o
 .debug_macro   0x0000000000033eb1      0x2e1 ./Core/Src/stm32h7xx_it.o
 .debug_macro   0x0000000000034192       0x22 ./Core/Src/stm32h7xx_it.o
 .debug_macro   0x00000000000341b4      0x294 ./Core/Src/system_stm32h7xx.o
 .debug_macro   0x0000000000034448      0x2be ./Drivers/STM32H7xx_HAL_Driver/Src/stm32h7xx_hal.o
 .debug_macro   0x0000000000034706      0x294 ./Drivers/STM32H7xx_HAL_Driver/Src/stm32h7xx_hal_cortex.o
 .debug_macro   0x000000000003499a      0x2e8 ./Drivers/STM32H7xx_HAL_Driver/Src/stm32h7xx_hal_dma.o
 .debug_macro   0x0000000000034c82      0x29b ./Drivers/STM32H7xx_HAL_Driver/Src/stm32h7xx_hal_gpio.o
 .debug_macro   0x0000000000034f1d      0x2cd ./Drivers/STM32H7xx_HAL_Driver/Src/stm32h7xx_hal_pwr_ex.o
 .debug_macro   0x00000000000351ea      0x2b8 ./Drivers/STM32H7xx_HAL_Driver/Src/stm32h7xx_hal_rcc.o
 .debug_macro   0x00000000000354a2      0x2b2 ./Drivers/STM32H7xx_HAL_Driver/Src/stm32h7xx_hal_rcc_ex.o
 .debug_macro   0x0000000000035754      0x2bf ./Drivers/STM32H7xx_HAL_Driver/Src/stm32h7xx_hal_uart.o
 .debug_macro   0x0000000000035a13      0x2a0 ./Drivers/STM32H7xx_HAL_Driver/Src/stm32h7xx_hal_uart_ex.o

.debug_line     0x0000000000000000    0x10369
 .debug_line    0x0000000000000000      0x9b7 ./Core/Src/main.o
 .debug_line    0x00000000000009b7      0x8be ./Core/Src/stm32h7xx_hal_msp.o
 .debug_line    0x0000000000001275      0x975 ./Core/Src/stm32h7xx_it.o
 .debug_line    0x0000000000001bea      0xa0b ./Core/Src/system_stm32h7xx.o
 .debug_line    0x00000000000025f5       0x88 ./Core/Startup/startup_stm32h750xbhx.o
 .debug_line    0x000000000000267d      0xe09 ./Drivers/STM32H7xx_HAL_Driver/Src/stm32h7xx_hal.o
 .debug_line    0x0000000000003486      0xe0f ./Drivers/STM32H7xx_HAL_Driver/Src/stm32h7xx_hal_cortex.o
 .debug_line    0x0000000000004295     0x2758 ./Drivers/STM32H7xx_HAL_Driver/Src/stm32h7xx_hal_dma.o
 .debug_line    0x00000000000069ed      0xccc ./Drivers/STM32H7xx_HAL_Driver/Src/stm32h7xx_hal_gpio.o
 .debug_line    0x00000000000076b9      0xf23 ./Drivers/STM32H7xx_HAL_Driver/Src/stm32h7xx_hal_pwr_ex.o
 .debug_line    0x00000000000085dc     0x13d9 ./Drivers/STM32H7xx_HAL_Driver/Src/stm32h7xx_hal_rcc.o
 .debug_line    0x00000000000099b5     0x1ca7 ./Drivers/STM32H7xx_HAL_Driver/Src/stm32h7xx_hal_rcc_ex.o
 .debug_line    0x000000000000b65c     0x3e66 ./Drivers/STM32H7xx_HAL_Driver/Src/stm32h7xx_hal_uart.o
 .debug_line    0x000000000000f4c2      0xea7 ./Drivers/STM32H7xx_HAL_Driver/Src/stm32h7xx_hal_uart_ex.o

.debug_str      0x0000000000000000   0x1574fe
 .debug_str     0x0000000000000000   0x153486 ./Core/Src/main.o
                                     0x153943 (size before relaxing)
 .debug_str     0x0000000000153486      0xbf3 ./Core/Src/stm32h7xx_hal_msp.o
                                     0x154206 (size before relaxing)
 .debug_str     0x0000000000154079      0x135 ./Core/Src/stm32h7xx_it.o
                                     0x153497 (size before relaxing)
 .debug_str     0x00000000001541ae      0x344 ./Core/Src/system_stm32h7xx.o
                                     0x1532be (size before relaxing)
 .debug_str     0x00000000001544f2       0x36 ./Core/Startup/startup_stm32h750xbhx.o
                                         0x78 (size before relaxing)
 .debug_str     0x0000000000154528      0x7f9 ./Drivers/STM32H7xx_HAL_Driver/Src/stm32h7xx_hal.o
                                     0x1541e3 (size before relaxing)
 .debug_str     0x0000000000154d21      0x333 ./Drivers/STM32H7xx_HAL_Driver/Src/stm32h7xx_hal_cortex.o
                                     0x153be6 (size before relaxing)
 .debug_str     0x0000000000155054      0x89b ./Drivers/STM32H7xx_HAL_Driver/Src/stm32h7xx_hal_dma.o
                                     0x1539f8 (size before relaxing)
 .debug_str     0x00000000001558ef      0x128 ./Drivers/STM32H7xx_HAL_Driver/Src/stm32h7xx_hal_gpio.o
                                     0x153275 (size before relaxing)
 .debug_str     0x0000000000155a17      0x642 ./Drivers/STM32H7xx_HAL_Driver/Src/stm32h7xx_hal_pwr_ex.o
                                     0x153736 (size before relaxing)
 .debug_str     0x0000000000156059      0x22e ./Drivers/STM32H7xx_HAL_Driver/Src/stm32h7xx_hal_rcc.o
                                     0x153659 (size before relaxing)
 .debug_str     0x0000000000156287      0x64b ./Drivers/STM32H7xx_HAL_Driver/Src/stm32h7xx_hal_rcc_ex.o
                                     0x153b3a (size before relaxing)
 .debug_str     0x00000000001568d2      0x9bf ./Drivers/STM32H7xx_HAL_Driver/Src/stm32h7xx_hal_uart.o
                                     0x15419a (size before relaxing)
 .debug_str     0x0000000000157291      0x26d ./Drivers/STM32H7xx_HAL_Driver/Src/stm32h7xx_hal_uart_ex.o
                                     0x15375a (size before relaxing)

.comment        0x0000000000000000       0x50
 .comment       0x0000000000000000       0x50 ./Core/Src/main.o
                                         0x51 (size before relaxing)
 .comment       0x0000000000000050       0x51 ./Core/Src/stm32h7xx_hal_msp.o
 .comment       0x0000000000000050       0x51 ./Core/Src/stm32h7xx_it.o
 .comment       0x0000000000000050       0x51 ./Core/Src/system_stm32h7xx.o
 .comment       0x0000000000000050       0x51 ./Drivers/STM32H7xx_HAL_Driver/Src/stm32h7xx_hal.o
 .comment       0x0000000000000050       0x51 ./Drivers/STM32H7xx_HAL_Driver/Src/stm32h7xx_hal_cortex.o
 .comment       0x0000000000000050       0x51 ./Drivers/STM32H7xx_HAL_Driver/Src/stm32h7xx_hal_dma.o
 .comment       0x0000000000000050       0x51 ./Drivers/STM32H7xx_HAL_Driver/Src/stm32h7xx_hal_gpio.o
 .comment       0x0000000000000050       0x51 ./Drivers/STM32H7xx_HAL_Driver/Src/stm32h7xx_hal_pwr_ex.o
 .comment       0x0000000000000050       0x51 ./Drivers/STM32H7xx_HAL_Driver/Src/stm32h7xx_hal_rcc.o
 .comment       0x0000000000000050       0x51 ./Drivers/STM32H7xx_HAL_Driver/Src/stm32h7xx_hal_rcc_ex.o
 .comment       0x0000000000000050       0x51 ./Drivers/STM32H7xx_HAL_Driver/Src/stm32h7xx_hal_uart.o
 .comment       0x0000000000000050       0x51 ./Drivers/STM32H7xx_HAL_Driver/Src/stm32h7xx_hal_uart_ex.o

.debug_frame    0x0000000000000000     0x2ba4
 .debug_frame   0x0000000000000000       0xd4 ./Core/Src/main.o
 .debug_frame   0x00000000000000d4       0x84 ./Core/Src/stm32h7xx_hal_msp.o
 .debug_frame   0x0000000000000158      0x120 ./Core/Src/stm32h7xx_it.o
 .debug_frame   0x0000000000000278       0x58 ./Core/Src/system_stm32h7xx.o
 .debug_frame   0x00000000000002d0      0x690 ./Drivers/STM32H7xx_HAL_Driver/Src/stm32h7xx_hal.o
 .debug_frame   0x0000000000000960      0x4b8 ./Drivers/STM32H7xx_HAL_Driver/Src/stm32h7xx_hal_cortex.o
 .debug_frame   0x0000000000000e18      0x2b4 ./Drivers/STM32H7xx_HAL_Driver/Src/stm32h7xx_hal_dma.o
 .debug_frame   0x00000000000010cc      0x14c ./Drivers/STM32H7xx_HAL_Driver/Src/stm32h7xx_hal_gpio.o
 .debug_frame   0x0000000000001218      0x580 ./Drivers/STM32H7xx_HAL_Driver/Src/stm32h7xx_hal_pwr_ex.o
 .debug_frame   0x0000000000001798      0x1f8 ./Drivers/STM32H7xx_HAL_Driver/Src/stm32h7xx_hal_rcc.o
 .debug_frame   0x0000000000001990      0x414 ./Drivers/STM32H7xx_HAL_Driver/Src/stm32h7xx_hal_rcc_ex.o
 .debug_frame   0x0000000000001da4      0xa94 ./Drivers/STM32H7xx_HAL_Driver/Src/stm32h7xx_hal_uart.o
 .debug_frame   0x0000000000002838      0x2c0 ./Drivers/STM32H7xx_HAL_Driver/Src/stm32h7xx_hal_uart_ex.o
 .debug_frame   0x0000000000002af8       0x2c /Applications/STM32CubeIDE.app/Contents/Eclipse/plugins/com.st.stm32cube.ide.mcu.externaltools.gnu-tools-for-stm32.10.3-2021.10.macos64_1.0.200.202301161003/tools/bin/../lib/gcc/arm-none-eabi/10.3.1/../../../../arm-none-eabi/lib/thumb/v7e-m+dp/hard/libc_nano.a(lib_a-init.o)
 .debug_frame   0x0000000000002b24       0x20 /Applications/STM32CubeIDE.app/Contents/Eclipse/plugins/com.st.stm32cube.ide.mcu.externaltools.gnu-tools-for-stm32.10.3-2021.10.macos64_1.0.200.202301161003/tools/bin/../lib/gcc/arm-none-eabi/10.3.1/../../../../arm-none-eabi/lib/thumb/v7e-m+dp/hard/libc_nano.a(lib_a-memset.o)
 .debug_frame   0x0000000000002b44       0x2c /Applications/STM32CubeIDE.app/Contents/Eclipse/plugins/com.st.stm32cube.ide.mcu.externaltools.gnu-tools-for-stm32.10.3-2021.10.macos64_1.0.200.202301161003/tools/bin/../lib/gcc/arm-none-eabi/10.3.1/thumb/v7e-m+dp/hard/libgcc.a(_aeabi_uldivmod.o)
 .debug_frame   0x0000000000002b70       0x34 /Applications/STM32CubeIDE.app/Contents/Eclipse/plugins/com.st.stm32cube.ide.mcu.externaltools.gnu-tools-for-stm32.10.3-2021.10.macos64_1.0.200.202301161003/tools/bin/../lib/gcc/arm-none-eabi/10.3.1/thumb/v7e-m+dp/hard/libgcc.a(_udivmoddi4.o)
